[I 2026-10-07 01:26:31.205 ServerApp] jupyter_lsp | extension was successfully linked.
[I 2026-10-07 01:26:31.207 ServerApp] jupyter_server_terminals | extension was successfully linked.
[I 2026-10-07 01:26:31.209 ServerApp] jupyterlab | extension was successfully linked.
[I 2026-10-07 01:26:31.236 ServerApp] notebook_shim | extension was successfully linked.
[W 2026-10-07 01:26:31.262 ServerApp] All authentication is disabled.  Anyone who can connect to this server will be able to run code.
[I 2026-10-07 01:26:31.263 ServerApp] notebook_shim | extension was successfully loaded.
[I 2026-10-07 01:26:31.264 ServerApp] jupyter_lsp | extension was successfully loaded.
[I 2026-10-07 01:26:31.264 ServerApp] jupyter_server_terminals | extension was successfully loaded.
[I 2026-10-07 01:26:31.266 LabApp] JupyterLab extension loaded from /tmp/p7-technical-a-w1-g4z24kt8/tiny-perceptron-vlm/.venv/lib/python3.13/site-packages/jupyterlab
[I 2026-10-07 01:26:31.266 LabApp] JupyterLab application directory is /tmp/p7-technical-a-w1-g4z24kt8/tiny-perceptron-vlm/.venv/share/jupyter/lab
[I 2026-10-07 01:26:31.266 LabApp] Extension Manager is 'pypi'.
[I 2026-10-07 01:26:31.286 LabApp] Extensions will be fetched using proxy, proxy host and port: ('proxy', '8080')
[I 2026-10-07 01:26:31.289 ServerApp] jupyterlab | extension was successfully loaded.
[I 2026-10-07 01:26:31.289 ServerApp] Serving notebooks from local directory: /tmp/p7-technical-a-w1-g4z24kt8/tiny-perceptron-vlm/notebooks
[I 2026-10-07 01:26:31.289 ServerApp] Jupyter Server 2.21.1 is running at:
[I 2026-10-07 01:26:31.289 ServerApp] http://127.0.0.1:8778/lab
[I 2026-10-07 01:26:31.289 ServerApp] Use Control-C to stop this server and shut down all kernels (twice to skip confirmation).
[C 2026-10-07 01:26:31.343 ServerApp] received signal 15, stopping
[I 2026-10-07 01:26:31.343 ServerApp] Shutting down 4 extensions
[I 2026-10-07 01:26:31.431 ServerApp] Skipped non-installed server(s): basedpyright, bash-language-server, dockerfile-language-server-nodejs, javascript-typescript-langserver, jedi-language-server, julia-language-server, pyrefly, pyright, python-language-server, python-lsp-server, r-languageserver, sql-language-server, texlab, typescript-language-server, unified-language-server, vscode-css-languageserver-bin, vscode-html-languageserver-bin, vscode-json-languageserver-bin, yaml-language-server
