A.1: executed_without_exception
無例子： 請依本次規則回答：3→?
兩例子： 示例：1→2；2→4。
請依本次規則回答：3→?
換規則： 示例：1→3；2→6。
請依本次規則回答：3→?

A.2: executed_without_exception
[來源公告1] 小小書店在2027年3月1日搬到青街8號。
問題：書店新地址？請依資料回答並標示來源。
由資料確定的答案 青街8號

A.3: executed_without_exception
查詢片段 ['書', '店', '地', '址']
取回 [{'id': 'd2', 'text': '書店地址是青街8號'}]
改問法 []

A.4: executed_without_exception
青街8號 引用存在 True 地址在原文 True
紅街9號 引用存在 True 地址在原文 False

A.5: executed_without_exception
有正確來源 0.6666666666666666
答案正確 0.3333333333333333
乙店地址 已找到但答錯
丙店地址 尚未找到所需來源

A.6: executed_without_exception
[] 沒有取回相關來源，請補公告
['d2'] 來源未給地址，目前無法確定

A.7: executed_without_exception
輸入 75 答案預留 25
總預算 100 放得下 True
歷史變長後 130 超出 30

B.1: executed_without_exception
訓練例子 {'user': '123乘45', 'assistant_tool_request': {'name': 'multiply', 'arguments': {'a': 123, 'b': 45}}}
可傳遞的請求文字 {"name": "multiply", "arguments": {"a": 123, "b": 45}}
目前只有請求，尚未執行乘法

B.2: executed_without_exception
結果 5
拒絕 只接受 add/multiply 與明確 arguments
拒絕 a、b 必須是數字，bool 或程式字串都不接受

B.3: executed_without_exception
返回值 5535
將送回對話的兩筆紀錄 [{'role': 'assistant', 'tool_request': {'name': 'multiply', 'arguments': {'a': 123, 'b': 45}}}, {'role': 'tool', 'result': 5535}]

B.4: executed_without_exception
done 工具執行筆數 1 答案 5
step_limit 工具執行筆數 1 答案 None
needs_more_model_output 工具執行筆數 1 答案 None
invalid_request 工具執行筆數 0 答案 None

B.5: executed_without_exception
1加2等於多少？ 計算器可用 True → TOOL
請解釋加法的意思。 計算器可用 True → DIRECT
請原樣回答數字3。 計算器可用 True → DIRECT
請算總價。 計算器可用 True → ASK
1加2等於多少？ 計算器可用 False → ASK

B.6: executed_without_exception
輸入位置數 132
參與答案代價的文字 TOOL
參與答案代價的位置數 5
最後的標籤是EOS True

B.7: executed_without_exception
動作選對 3 / 6
需要工具卻沒選 1 / 2
不需要工具卻選了 1 / 4

B.8: executed_without_exception
直接回答平均損失 1.0
工具流程平均損失 0.12
本例選擇 TOOL

C.1: executed_without_exception
2+3=? 5 回答token數 1
2+3=? 從2開始數三次：3、4、5，所以是5。 回答token數 47

C.2: executed_without_exception
等式算對 [False, True]
接上前步 [True]
最後答案對 True

C.3: executed_without_exception
候選數 1 獨立假設下包含正解 0.3
候選數 2 獨立假設下包含正解 0.51
候選數 4 獨立假設下包含正解 0.7599
候選數 8 獨立假設下包含正解 0.942352
本組候選 [3, 4, 3, 5] 包含真值4 True

C.4: executed_without_exception
集合包含正解 True
多數決 3 答對 False
驗證器 4 答對 True

C.5: executed_without_exception
候選 1 生成 80 驗證 5 總token 85
候選 4 生成 80 驗證 20 總token 100

C.6: executed_without_exception
'3' 解析值 3 reward 0.0
'4' 解析值 4 reward 1.0
'5' 解析值 5 reward 0.0
'答案是4' 解析值 None reward 0.0

C.7: executed_without_exception
梯度 [0.25, -0.25]
新分數 [-0.02500000037252903, 0.02500000037252903]
前機率 [0.5, 0.5]
後機率 [0.487503, 0.512497]

C.3 illustrative task mixture, independent draws within each fixed task:
[
  {
    "k": 1,
    "same_p_0_3_for_each_task": 0.30000000000000004,
    "equal_task_mixture_p_0_6_and_p_0": 0.3
  },
  {
    "k": 2,
    "same_p_0_3_for_each_task": 0.51,
    "equal_task_mixture_p_0_6_and_p_0": 0.42
  },
  {
    "k": 4,
    "same_p_0_3_for_each_task": 0.7599,
    "equal_task_mixture_p_0_6_and_p_0": 0.4872
  },
  {
    "k": 8,
    "same_p_0_3_for_each_task": 0.94235199,
    "equal_task_mixture_p_0_6_and_p_0": 0.49967232
  }
]
