COMMAND: inkscape /workspace/tiny-perceptron-vlm/course/figures/normalization.svg --export-type=png --export-width=1600 --export-filename=/workspace/tiny-perceptron-vlm/docs/reader-reviews/artifacts/natural-v4-cleanup/19.10/newround3/normalization.png
RETURN CODE: 0
STDOUT:

STDERR:

** (inkscape:109402): WARNING **: 22:21:25.174: Failed to wrap object of type 'PangoFT2FontMap'. Hint: this error is commonly caused by failing to call a library init() function.

** (inkscape:109402): WARNING **: 22:21:25.302: Ignoring unrecognized CSS property: animation-delay

** (inkscape:109402): WARNING **: 22:21:25.302: Ignoring unrecognized CSS property: animation-delay

** (inkscape:109402): WARNING **: 22:21:25.302: Ignoring unrecognized CSS property: animation

** (inkscape:109402): WARNING **: 22:21:25.302: Ignoring unrecognized CSS property: animation-delay

** (inkscape:109402): WARNING **: 22:21:25.302: Ignoring unrecognized CSS property: animation-delay

** (inkscape:109402): WARNING **: 22:21:25.302: Ignoring unrecognized CSS property: animation

** (inkscape:109402): WARNING **: 22:21:25.302: Ignoring unrecognized CSS property: animation-delay

** (inkscape:109402): WARNING **: 22:21:25.302: Ignoring unrecognized CSS property: animation-delay

** (inkscape:109402): WARNING **: 22:21:25.302: Ignoring unrecognized CSS property: animation

** (inkscape:109402): WARNING **: 22:21:25.302: Ignoring unrecognized CSS property: animation-delay

** (inkscape:109402): WARNING **: 22:21:25.302: Ignoring unrecognized CSS property: animation-delay

** (inkscape:109402): WARNING **: 22:21:25.303: Ignoring unrecognized CSS property: animation

** (inkscape:109402): WARNING **: 22:21:25.303: Ignoring unrecognized CSS property: animation-delay

** (inkscape:109402): WARNING **: 22:21:25.303: Ignoring unrecognized CSS property: animation-delay

** (inkscape:109402): WARNING **: 22:21:25.303: Ignoring unrecognized CSS property: animation

** (inkscape:109402): WARNING **: 22:21:25.304: Failed to wrap object of type 'GtkRecentManager'. Hint: this error is commonly caused by failing to call a library init() function.

** (inkscape:109402): WARNING **: 22:21:25.312: Ignoring unrecognized CSS property: animation-delay

** (inkscape:109402): WARNING **: 22:21:25.312: Ignoring unrecognized CSS property: animation-delay

** (inkscape:109402): WARNING **: 22:21:25.312: Ignoring unrecognized CSS property: animation

** (inkscape:109402): WARNING **: 22:21:25.313: Ignoring unrecognized CSS property: animation-delay

** (inkscape:109402): WARNING **: 22:21:25.313: Ignoring unrecognized CSS property: animation-delay

** (inkscape:109402): WARNING **: 22:21:25.313: Ignoring unrecognized CSS property: animation

** (inkscape:109402): WARNING **: 22:21:25.313: Ignoring unrecognized CSS property: animation-delay

** (inkscape:109402): WARNING **: 22:21:25.314: Ignoring unrecognized CSS property: animation-delay

** (inkscape:109402): WARNING **: 22:21:25.314: Ignoring unrecognized CSS property: animation

** (inkscape:109402): WARNING **: 22:21:25.315: Ignoring unrecognized CSS property: animation-delay

** (inkscape:109402): WARNING **: 22:21:25.315: Ignoring unrecognized CSS property: animation-delay

** (inkscape:109402): WARNING **: 22:21:25.315: Ignoring unrecognized CSS property: animation

** (inkscape:109402): WARNING **: 22:21:25.316: Ignoring unrecognized CSS property: animation-delay

** (inkscape:109402): WARNING **: 22:21:25.316: Ignoring unrecognized CSS property: animation-delay

** (inkscape:109402): WARNING **: 22:21:25.316: Ignoring unrecognized CSS property: animation
