{
  "environment": {
    "python": "3.13.5",
    "torch": "2.14.1+cpu",
    "device": "cpu",
    "platform": "Linux-6.18.44-x86_64-with-glibc2.41"
  },
  "purpose": "Synthetic bounded software checks; no original data, full training, GPU, heldout re-evaluation, or model upload.",
  "exact_resume": {
    "completed_steps": 3,
    "sample_draws": 6,
    "tokens": 84,
    "target_tokens": 78,
    "model_tensors_exact_equal": true,
    "optimizer_tensors_exact_equal": true,
    "rng_exact_equal": true,
    "sampler_exact_equal": true
  },
  "fresh_stage": {
    "completed_steps": 1,
    "sample_draws": 2,
    "all_optimizer_steps": 1,
    "history_parent_sha_matched": true
  },
  "negative_cases": [
    {
      "case": "resume changed 4/4/1 to 4/1/4",
      "rejected": true,
      "exception": "resume 改變 language objective coefficients/version/policy；請 init-checkpoint 開始新 joint"
    },
    {
      "case": "fresh init uses latest.pt",
      "rejected": true,
      "exception": "Use an own local best.pt for fresh init or latest.pt for exact resume"
    },
    {
      "case": "resume uses best.pt",
      "rejected": true,
      "exception": "Use an own local best.pt for fresh init or latest.pt for exact resume"
    },
    {
      "case": "incomplete weighted fresh init",
      "rejected": true,
      "exception": "Source needs its genuine matching local execution/receipt; incomplete init is forbidden"
    }
  ],
  "safe_export": {
    "model_tensor_count": 74,
    "contains_optimizer_rng_sampler": false
  },
  "trainable_modules": {
    "pretrain": {
      "trainable_module_roots": [
        "lm"
      ],
      "parameter_tensors": 17
    },
    "sft": {
      "trainable_module_roots": [
        "lm"
      ],
      "parameter_tensors": 17
    },
    "vision": {
      "trainable_module_roots": [
        "vision_encoder"
      ],
      "parameter_tensors": 14
    },
    "ocr": {
      "trainable_module_roots": [
        "ocr_encoder"
      ],
      "parameter_tensors": 23
    },
    "audio": {
      "trainable_module_roots": [
        "audio_encoder"
      ],
      "parameter_tensors": 19
    },
    "joint": {
      "trainable_module_roots": [
        "audio_encoder",
        "lm",
        "ocr_encoder",
        "vision_encoder"
      ],
      "parameter_tensors": 31
    }
  },
  "perception_heads": {
    "vision_classes": 3,
    "ocr_known_characters": 12,
    "ocr_classes_including_blank": 13,
    "audio_intent_classes": 3
  },
  "loss_weights": {
    "labels_text": "-12x followed by ignored position",
    "weighted44": [
      [
        16.0,
        16.0,
        16.0,
        16.0,
        0.0
      ],
      [
        4.0,
        4.0,
        4.0,
        4.0,
        0.0
      ],
      [
        4.0,
        4.0,
        4.0,
        4.0,
        0.0
      ],
      [
        4.0,
        4.0,
        4.0,
        4.0,
        0.0
      ]
    ],
    "native414": [
      [
        4.0,
        4.0,
        4.0,
        4.0,
        0.0
      ],
      [
        4.0,
        4.0,
        4.0,
        4.0,
        0.0
      ],
      [
        1.0,
        1.0,
        1.0,
        1.0,
        0.0
      ],
      [
        1.0,
        1.0,
        1.0,
        1.0,
        0.0
      ]
    ],
    "mask_notes": "minus, both digits, immediate nondigit boundary; tool and numeric factors multiply; augmentation key excludes native multiplier."
  },
  "validation_unweighted_call": true
}
Seven bounded real local wrapper attempts passed; uninterrupted 3 updates equals exact resume to 3 updates. Artifacts include actual command and child logs.
