[
  {
    "url": "https://raw.githubusercontent.com/pytorch/tutorials/main/beginner_source/saving_loading_models.py",
    "version": "pytorch/tutorials main, snapshot retrieved 2026-10-06",
    "accessed_on": "2026-10-06",
    "locator": "lines 187-193 and 256-307",
    "sha256": "bfd1ba0da51721720104207389bf01b1a9b30545f564b9a5660bbd2494d62d18",
    "bytes": 18970,
    "saved": "/workspace/selftrained-v2/docs/technical-reviews/artifacts/p6-19.4/external/saving_loading_models.py",
    "transport": "HTTPS through inherited proxy; default TLS verification retained"
  },
  {
    "url": "https://raw.githubusercontent.com/pytorch/pytorch/v2.11.0/docs/source/notes/autograd.rst",
    "version": "PyTorch v2.11.0",
    "accessed_on": "2026-10-06",
    "locator": "lines 178-215: Setting requires_grad",
    "sha256": "8707f7aa3b8339923624a472c27e1edb63827db6c92609ef1a83a026b68bf80d",
    "bytes": 47445,
    "saved": "/workspace/selftrained-v2/docs/technical-reviews/artifacts/p6-19.4/external/autograd-v2.11.0.rst",
    "transport": "HTTPS through inherited proxy; default TLS verification retained"
  }
]
