{
  "repo_id": "birdhackor/tiny-perceptron-course-models",
  "commit_sha": "979cdfacc588ad0536f1c64fff96f264571cf054",
  "commit_url": "https://huggingface.co/birdhackor/tiny-perceptron-course-models/commit/979cdfacc588ad0536f1c64fff96f264571cf054",
  "prefix": "selftrained/v2",
  "verified_exports": [
    {
      "export": "moe-joint",
      "source_stage": "moe-native",
      "source_run_id": "gha-37440329212-1",
      "source_best_sha256": "a734088abe31ba30d7fa09a1d28548497b9cef1d02939e5404d578212f40d057",
      "selected_step": 1000
    },
    {
      "export": "dense-joint",
      "source_stage": "dense-weighted",
      "source_run_id": "gha-37438263501-1",
      "source_best_sha256": "44391ee57a3d6374a7c6a37e1f864314f586c0b4377ad2a895212ffef5c77aaf",
      "selected_step": 1000
    }
  ]
}
