DOCUMENTED OFFLINE FENCE:
moe-pretrain 完成 1000 選定 250
moe-sft 完成 8000 選定 8000
moe-vision 完成 1200 選定 1200
moe-ocr 完成 3000 選定 3000
moe-audio 完成 1000 選定 200
moe-joint 完成 6000 選定 2000
moe-native 完成 4000 選定 1000
RAW RECORDS:
moe-pretrain completed 1000 selected 250
moe-sft completed 8000 selected 8000
moe-vision completed 1200 selected 1200
moe-ocr completed 3000 selected 3000
moe-audio completed 1000 selected 200
moe-joint completed 6000 selected 2000
moe-weighted completed 10000 selected 3000
moe-native completed 4000 selected 1000
dense-pretrain completed 1000 selected 250
dense-sft completed 8000 selected 6000
dense-vision completed 1200 selected 1200
dense-ocr completed 3000 selected 3000
dense-audio completed 1000 selected 200
dense-joint completed 6000 selected 2000
dense-weighted completed 10000 selected 1000
All 15 completed executions and 13 new-stage parent edges matched. No weights loaded, no training or heldout evaluation performed.
