{
  "actual_new_read_scope": [
    "Current entire 13.15 at course/chapters/13.md line493 through section end",
    "Current entire necessary 13.14 at line443 through section end",
    "Current entire necessary 13.12 at line373 through section end",
    "Own original frozen counterparts and their actual unified diffs; no other reviewer report or author work note read"
  ],
  "hash_only_scope": [
    "13.10",
    "13.11",
    "13.13"
  ],
  "own_body_byte_equal": true,
  "semantic_changes": [
    {
      "section": "13.12",
      "actual_change": "迴答 → 回答 in one old-policy explanatory sentence",
      "effect": "Spelling only. Ratio definition, historical probability storage, old/reference distinction and executable example unchanged."
    },
    {
      "section": "13.14",
      "actual_change": "One blank line removed immediately before the closing marker of the first Python fence",
      "effect": "No Python AST or runtime change. Critic/RM distinction, value MSE, old/reference roles and exact KL explanation unchanged."
    }
  ],
  "fence_checks": {
    "13.12": {
      "python_fence_count": 1,
      "same_executable_ast": true,
      "current_fence_sha256": [
        "34d5d22dca97553c3d589942bc73704f2fad2d4e93473bdf0122ddb8a9a79ed2"
      ],
      "prior_fence_sha256": [
        "34d5d22dca97553c3d589942bc73704f2fad2d4e93473bdf0122ddb8a9a79ed2"
      ]
    },
    "13.14": {
      "python_fence_count": 2,
      "same_executable_ast": true,
      "current_fence_sha256": [
        "bf02491c6aff88db6861013eb0dafb2b46de053dd1afec7f28e68a57894ecd70",
        "6e42c534ab97eb664260a175f9319ed5370d626ee64a57f1083422071163bc66"
      ],
      "prior_fence_sha256": [
        "af0a0f8c00aa7994c3f7bb60a54d173e103bc7f1d18135dc4a984fff2fa60c20",
        "6e42c534ab97eb664260a175f9319ed5370d626ee64a57f1083422071163bc66"
      ]
    },
    "13.15": {
      "python_fence_count": 1,
      "same_executable_ast": true,
      "current_fence_sha256": [
        "e7e171c80d36c95161c8d05504dfe1c9f802c1e8c3ee23ed3fd9ef1dec8816f6"
      ],
      "prior_fence_sha256": [
        "e7e171c80d36c95161c8d05504dfe1c9f802c1e8c3ee23ed3fd9ef1dec8816f6"
      ]
    }
  },
  "repository_sources": [
    {
      "id": "helper",
      "path": "tiny_perceptron/posttraining.py",
      "previously_verified_sha256": "3d0e2ae3b29f95abebde9b10d0cd106639a131fab1b2c7a509e732ba8daf295b",
      "current_sha256": "3d0e2ae3b29f95abebde9b10d0cd106639a131fab1b2c7a509e732ba8daf295b",
      "byte_equal": true
    },
    {
      "id": "experiment",
      "path": "scripts/course_experiments/posttraining.py",
      "previously_verified_sha256": "862dc12680fee8374679d52a1cc55a2dd325a7aebbf634668731fa7def08aa04",
      "current_sha256": "862dc12680fee8374679d52a1cc55a2dd325a7aebbf634668731fa7def08aa04",
      "byte_equal": true
    },
    {
      "id": "runner",
      "path": "scripts/course_experiments/run.py",
      "previously_verified_sha256": "e805ef129d535c85cb6c53114bf48c6766d5de7e7865b9b90da84523f06676b3",
      "current_sha256": "e805ef129d535c85cb6c53114bf48c6766d5de7e7865b9b90da84523f06676b3",
      "byte_equal": true
    }
  ],
  "prerequisite_figures": [
    {
      "path": "course/figures/rewrite-13-clip-cases.svg",
      "current_sha256": "cebb68700f8a2c44e382e97a1c7fe8b46d3516c11e44d204962b770d0fbfd13f",
      "prior_snapshot_sha256": "cebb68700f8a2c44e382e97a1c7fe8b46d3516c11e44d204962b770d0fbfd13f",
      "byte_equal": true,
      "reuse": "Same actually viewed prior raster and original SVG; labels/data flow unchanged."
    },
    {
      "path": "course/figures/rewrite-13-model-roles.svg",
      "current_sha256": "b18bbd67c517b81f3f215755d70c948156283de29aac2aa4f1a068381ec53459",
      "prior_snapshot_sha256": "b18bbd67c517b81f3f215755d70c948156283de29aac2aa4f1a068381ec53459",
      "byte_equal": true,
      "reuse": "Same actually viewed prior raster and original SVG; labels/data flow unchanged."
    }
  ],
  "reused_claim_ids": [
    "representation",
    "ppo-cycle",
    "reference-value",
    "autograd-apis",
    "seed-output",
    "feature-variation",
    "smoothing",
    "sft-meaning",
    "split-data",
    "parameters",
    "draws-units",
    "saved-success",
    "recipe",
    "recorded-timing"
  ],
  "open_questions": []
}
