{
  "url": "http://127.0.0.1:8765/13.15.html",
  "command": ".venv/bin/python docs/technical-reviews/artifacts/phase4-13_15-independent/context-reinspection/render-current-preview.py",
  "scope": "Actual current exported 13.15 page, desktop/mobile view; this is a factual context reinspection, not a new full reader acceptance review",
  "python": "3.13.5",
  "screenshots": [
    {
      "file": "desktop-current-top.png",
      "viewport": [
        1280,
        800
      ]
    },
    {
      "file": "desktop-current-code.png",
      "viewport": [
        1280,
        800
      ]
    },
    {
      "file": "mobile-current-top.png",
      "viewport": [
        390,
        844
      ]
    },
    {
      "file": "mobile-current-code.png",
      "viewport": [
        390,
        844
      ]
    }
  ],
  "html_sha256": "534f599e0bc79508aa7e9e4a80ee0d8c301e5393c60ca2ce80624440fe54dd05",
  "chromium_version": "151.0.7922.173",
  "desktop_content_check": "Lesson heading and current 6/18,12/18 text present; screenshot produced, awaiting own visual inspection",
  "mobile_content_check": "Lesson heading and current 6/18,12/18 text present; screenshot produced, awaiting own visual inspection",
  "status": "completed",
  "elapsed_seconds": 4.101663181005279
}
