{
  "preview": "http://127.0.0.1:8788/course.html#R.2",
  "browser": "151.0.7922.173",
  "additional_failures": [
    {
      "command": "python browser_routes.py (second attempt)",
      "exit_code": 1,
      "evidence": "browser-command.stderr",
      "error": "Chromium blocks file:// SVG navigation (ERR_BLOCKED_BY_ADMINISTRATOR). All 41 table links and the Notebook download completed before this failure. Fixed figure rendering by using the actual preview HTTP SVG paths."
    }
  ],
  "local_notebook_example": {
    "url": "http://127.0.0.1:8788/17.1.html",
    "heading": "17.1 權重到底佔多少空間？¶",
    "notebook_colab_links": [
      {
        "text": "在 Colab 動手做 ↗",
        "href": "https://colab.research.google.com/github/birdhackor/tiny-perceptron-vlm/blob/25ca4bf5f8f8dc0a9e88aa6cd70caeb4c2f419e8/notebooks/17/17.1.ipynb"
      },
      {
        "text": "下載本節 .ipynb",
        "href": "http://127.0.0.1:8788/notebooks/17/17.1.ipynb"
      }
    ]
  },
  "notebook_content_check": {
    "download_url": "http://127.0.0.1:8788/notebooks/17/17.1.ipynb",
    "download_command_origin": "Actual Playwright expect_download and download.save_as in browser_routes.py, before the file:// rendering failure",
    "sha256": "c3586eabf90e8692a04a1a905ded82e52f013dba0102f96abb92709da85babeb",
    "lesson_id": "17.1",
    "code_cells": 2,
    "bootstrap_present": true,
    "parse_succeeded": true,
    "matches_current_notebook_bytes": true
  },
  "colab_target_git_check": {
    "command": "git cat-file -e 25ca4bf5f8f8dc0a9e88aa6cd70caeb4c2f419e8:notebooks/17/17.1.ipynb",
    "exit_code": 0,
    "scope": "Confirms exact named source revision/path exists; no Colab kernel launched."
  },
  "route_count": 41,
  "all_routes_correct": true,
  "public_site_limit": "Separately requested canonical HTTPS page returned environment tunnel HTTP 503 in Chromium and urllib; see public-route-transport.json. It was not any R.2 table click destination. Review scope is current local executed preview and actual click semantics."
}
