{
  "environment": {
    "python": "3.13.5",
    "torch": "2.14.1+cpu",
    "device": "cpu",
    "threads": 1
  },
  "scope": "Only R.2 explicitly linked entry/prerequisite short Python blocks, in fresh globals; Bash install/download/training examples not executed; no GPU or full-course kernel audit.",
  "linked_sections": 41,
  "sections_with_python": 40,
  "executed_python_blocks": 40,
  "failures": 0,
  "quantization_storage_probe": [
    {
      "dtype": "torch.float32",
      "elements": 2048,
      "bytes_per_element": 4,
      "payload_bytes": 8192
    },
    {
      "dtype": "torch.float16",
      "elements": 2048,
      "bytes_per_element": 2,
      "payload_bytes": 4096
    },
    {
      "dtype": "torch.int8",
      "elements": 2048,
      "bytes_per_element": 1,
      "payload_bytes": 2048
    }
  ]
}
1.1 1 executed successfully with fresh globals
7.11 1 executed successfully with fresh globals
7.17 1 executed successfully with fresh globals
7.18 1 executed successfully with fresh globals
1.8 1 executed successfully with fresh globals
7.3 1 executed successfully with fresh globals
8.1 1 executed successfully with fresh globals
9.1 1 executed successfully with fresh globals
13.1 1 executed successfully with fresh globals
13.10 1 executed successfully with fresh globals
13.17 1 executed successfully with fresh globals
2.1 1 executed successfully with fresh globals
W.3 1 executed successfully with fresh globals
10.1 1 executed successfully with fresh globals
12.1 1 executed successfully with fresh globals
12.12 1 executed successfully with fresh globals
4.5 1 executed successfully with fresh globals
14.1 1 executed successfully with fresh globals
15.1 1 executed successfully with fresh globals
5.9 1 executed successfully with fresh globals
16.1 1 executed successfully with fresh globals
17.1 1 executed successfully with fresh globals
18.1 1 executed successfully with fresh globals
7.1 1 executed successfully with fresh globals
A.2 1 executed successfully with fresh globals
B.1 1 executed successfully with fresh globals
C.3 1 executed successfully with fresh globals
19.2 1 executed successfully with fresh globals
19.1 1 executed successfully with fresh globals
19.4 1 executed successfully with fresh globals
19.12 1 executed successfully with fresh globals
19.11 1 executed successfully with fresh globals
11.14 1 executed successfully with fresh globals
11.15 1 executed successfully with fresh globals
11.16 1 executed successfully with fresh globals
12.13 1 executed successfully with fresh globals
12.14 1 executed successfully with fresh globals
20.1 1 executed successfully with fresh globals
20.2 0 no Python block; instructions only
20.3 1 executed successfully with fresh globals
20.13 1 executed successfully with fresh globals
