2026-10-06T14:48:53.4977628Z Current runner version: '2.337.0'
2026-10-06T14:48:53.5009768Z ##[group]Runner Image Provisioner
2026-10-06T14:48:53.5010948Z Hosted Compute Agent
2026-10-06T14:48:53.5011521Z Version: 20260901.588
2026-10-06T14:48:53.5012258Z Commit: f88ec8081b781fac6c440065ac7ff9e710ce3d0b
2026-10-06T14:48:53.5013021Z Build Date: 2026-09-01T19:56:44Z
2026-10-06T14:48:53.5013642Z Worker ID: {31c36eba-b083-4d66-ac2a-ea4585d2e0a8}
2026-10-06T14:48:53.5014370Z Azure Region: centralus
2026-10-06T14:48:53.5014895Z ##[endgroup]
2026-10-06T14:48:53.5016205Z ##[group]Operating System
2026-10-06T14:48:53.5016781Z Microsoft Windows Server 2025
2026-10-06T14:48:53.5017332Z 10.0.26100
2026-10-06T14:48:53.5017828Z Datacenter
2026-10-06T14:48:53.5018622Z ##[endgroup]
2026-10-06T14:48:53.5019179Z ##[group]Runner Image
2026-10-06T14:48:53.5019736Z Image: windows-2025-vs2026
2026-10-06T14:48:53.5020299Z Version: 20260925.250.1
2026-10-06T14:48:53.5021849Z Included Software: https://github.com/actions/runner-images/blob/win25-vs2026/20260925.250/images/windows/Windows2025-VS2026-Readme.md
2026-10-06T14:48:53.5023430Z Image Release: https://github.com/actions/runner-images/releases/tag/win25-vs2026%2F20260925.250
2026-10-06T14:48:53.5024343Z ##[endgroup]
2026-10-06T14:48:53.5025480Z ##[group]GITHUB_TOKEN Permissions
2026-10-06T14:48:53.5027794Z Contents: read
2026-10-06T14:48:53.5028328Z Metadata: read
2026-10-06T14:48:53.5028862Z Packages: read
2026-10-06T14:48:53.5029295Z ##[endgroup]
2026-10-06T14:48:53.5031450Z Secret source: Actions
2026-10-06T14:48:53.5032212Z Cache mode: write
2026-10-06T14:48:53.5032958Z Prepare workflow directory
2026-10-06T14:48:53.5439984Z Prepare all required actions
2026-10-06T14:48:53.5488122Z Getting action download info
2026-10-06T14:48:53.8152737Z Download action repository 'actions/checkout@v7' (SHA:3d3c42e5aac5ba805825da76410c181273ba90b1)
2026-10-06T14:48:53.9695522Z Download action repository 'astral-sh/setup-uv@v10.2.0' (SHA:c18668ad3cf93ea998bef934396af7bb5c839dc7)
2026-10-06T14:48:54.6205595Z Complete job name: test (windows-latest, --extra cpu)
2026-10-06T14:48:54.8459537Z ##[group]Run git config --global core.longpaths true
2026-10-06T14:48:54.8460821Z [36;1mgit config --global core.longpaths true[0m
2026-10-06T14:48:54.9354430Z shell: C:\Program Files\PowerShell\7\pwsh.EXE -command ". '{0}'"
2026-10-06T14:48:54.9355490Z env:
2026-10-06T14:48:54.9355996Z   PYTHONUTF8: 1
2026-10-06T14:48:54.9356519Z ##[endgroup]
2026-10-06T14:48:56.0771136Z ##[group]Run actions/checkout@v7
2026-10-06T14:48:56.0772700Z with:
2026-10-06T14:48:56.0773762Z   repository: birdhackor/tiny-perceptron-vlm
2026-10-06T14:48:56.0783644Z   token: ***
2026-10-06T14:48:56.0784519Z   ssh-strict: true
2026-10-06T14:48:56.0785364Z   ssh-user: git
2026-10-06T14:48:56.0786199Z   persist-credentials: true
2026-10-06T14:48:56.0787116Z   clean: true
2026-10-06T14:48:56.0788014Z   sparse-checkout-cone-mode: true
2026-10-06T14:48:56.0789019Z   fetch-depth: 1
2026-10-06T14:48:56.0789810Z   fetch-tags: false
2026-10-06T14:48:56.0790670Z   show-progress: true
2026-10-06T14:48:56.0791575Z   lfs: false
2026-10-06T14:48:56.0792338Z   submodules: false
2026-10-06T14:48:56.0793199Z   set-safe-directory: true
2026-10-06T14:48:56.0794149Z   allow-unsafe-pr-checkout: false
2026-10-06T14:48:56.0795072Z env:
2026-10-06T14:48:56.0795798Z   PYTHONUTF8: 1
2026-10-06T14:48:56.0796563Z ##[endgroup]
2026-10-06T14:48:56.2389185Z Syncing repository: birdhackor/tiny-perceptron-vlm
2026-10-06T14:48:56.2391847Z ##[group]Getting Git version info
2026-10-06T14:48:56.2393190Z Working directory is 'D:\a\tiny-perceptron-vlm\tiny-perceptron-vlm'
2026-10-06T14:48:56.3126791Z [command]"C:\Program Files\Git\bin\git.exe" version
2026-10-06T14:48:56.3372072Z git version 2.55.0.windows.5
2026-10-06T14:48:56.3413722Z ##[endgroup]
2026-10-06T14:48:56.3423453Z Copying 'C:\Users\runneradmin\.gitconfig' to 'D:\a\_temp\da0af54d-e25e-4b57-b762-51b94ce78953\.gitconfig'
2026-10-06T14:48:56.3440891Z Temporarily overriding HOME='D:\a\_temp\da0af54d-e25e-4b57-b762-51b94ce78953' before making global git config changes
2026-10-06T14:48:56.3444787Z Adding repository directory to the temporary git global config as a safe directory
2026-10-06T14:48:56.3450616Z [command]"C:\Program Files\Git\bin\git.exe" config --global --add safe.directory D:\a\tiny-perceptron-vlm\tiny-perceptron-vlm
2026-10-06T14:48:56.3713687Z Deleting the contents of 'D:\a\tiny-perceptron-vlm\tiny-perceptron-vlm'
2026-10-06T14:48:56.3718793Z ##[group]Determining repository object format
2026-10-06T14:48:56.3721803Z ##[endgroup]
2026-10-06T14:48:56.3728893Z ##[group]Initializing the repository
2026-10-06T14:48:56.3730801Z [command]"C:\Program Files\Git\bin\git.exe" init D:\a\tiny-perceptron-vlm\tiny-perceptron-vlm
2026-10-06T14:48:56.4927186Z Initialized empty Git repository in D:/a/tiny-perceptron-vlm/tiny-perceptron-vlm/.git/
2026-10-06T14:48:56.4985210Z [command]"C:\Program Files\Git\bin\git.exe" remote add origin https://github.com/birdhackor/tiny-perceptron-vlm
2026-10-06T14:48:56.5852933Z ##[endgroup]
2026-10-06T14:48:56.5854782Z ##[group]Disabling automatic garbage collection
2026-10-06T14:48:56.5859534Z [command]"C:\Program Files\Git\bin\git.exe" config --local gc.auto 0
2026-10-06T14:48:56.6122496Z ##[endgroup]
2026-10-06T14:48:56.6123797Z ##[group]Setting up auth
2026-10-06T14:48:56.6124725Z Removing SSH command configuration
2026-10-06T14:48:56.6131804Z [command]"C:\Program Files\Git\bin\git.exe" config --local --name-only --get-regexp core\.sshCommand
2026-10-06T14:48:56.6408678Z [command]"C:\Program Files\Git\bin\git.exe" submodule foreach --recursive "sh -c \"git config --local --name-only --get-regexp 'core\.sshCommand' && git config --local --unset-all 'core.sshCommand' || :\""
2026-10-06T14:48:58.6142291Z Removing HTTP extra header
2026-10-06T14:48:58.6161574Z [command]"C:\Program Files\Git\bin\git.exe" config --local --name-only --get-regexp http\.https\:\/\/github\.com\/\.extraheader
2026-10-06T14:48:58.6457908Z [command]"C:\Program Files\Git\bin\git.exe" submodule foreach --recursive "sh -c \"git config --local --name-only --get-regexp 'http\.https\:\/\/github\.com\/\.extraheader' && git config --local --unset-all 'http.https://github.com/.extraheader' || :\""
2026-10-06T14:48:59.1459597Z Removing includeIf entries pointing to credentials config files
2026-10-06T14:48:59.1471914Z [command]"C:\Program Files\Git\bin\git.exe" config --local --name-only --get-regexp ^includeIf\.gitdir:
2026-10-06T14:48:59.1749580Z [command]"C:\Program Files\Git\bin\git.exe" submodule foreach --recursive "git config --local --show-origin --name-only --get-regexp remote.origin.url"
2026-10-06T14:48:59.7003856Z [command]"C:\Program Files\Git\bin\git.exe" config --file D:\a\_temp\git-credentials-2163f13a-7c83-4bbb-86e4-6527645f292a.config http.https://github.com/.extraheader "AUTHORIZATION: basic ***"
2026-10-06T14:48:59.7298571Z [command]"C:\Program Files\Git\bin\git.exe" config --local includeIf.gitdir:D:/a/tiny-perceptron-vlm/tiny-perceptron-vlm/.git.path D:\a\_temp\git-credentials-2163f13a-7c83-4bbb-86e4-6527645f292a.config
2026-10-06T14:48:59.7588845Z [command]"C:\Program Files\Git\bin\git.exe" config --local includeIf.gitdir:D:/a/tiny-perceptron-vlm/tiny-perceptron-vlm/.git/worktrees/*.path D:\a\_temp\git-credentials-2163f13a-7c83-4bbb-86e4-6527645f292a.config
2026-10-06T14:48:59.7928642Z [command]"C:\Program Files\Git\bin\git.exe" config --local includeIf.gitdir:/github/workspace/.git.path /github/runner_temp/git-credentials-2163f13a-7c83-4bbb-86e4-6527645f292a.config
2026-10-06T14:48:59.8210672Z [command]"C:\Program Files\Git\bin\git.exe" config --local includeIf.gitdir:/github/workspace/.git/worktrees/*.path /github/runner_temp/git-credentials-2163f13a-7c83-4bbb-86e4-6527645f292a.config
2026-10-06T14:48:59.8499709Z ##[endgroup]
2026-10-06T14:48:59.8500357Z ##[group]Fetching the repository
2026-10-06T14:48:59.8511477Z [command]"C:\Program Files\Git\bin\git.exe" -c protocol.version=2 fetch --no-tags --prune --no-recurse-submodules --depth=1 origin +e03c617ace040b664f4cb722fee622ab034168b8:refs/remotes/origin/main
2026-10-06T14:49:19.6023701Z From https://github.com/birdhackor/tiny-perceptron-vlm
2026-10-06T14:49:19.6025803Z  * [new ref]           e03c617ace040b664f4cb722fee622ab034168b8 -> origin/main
2026-10-06T14:49:19.6087897Z [command]"C:\Program Files\Git\bin\git.exe" branch --list --remote origin/main
2026-10-06T14:49:19.6478005Z   origin/main
2026-10-06T14:49:19.6523419Z [command]"C:\Program Files\Git\bin\git.exe" rev-parse refs/remotes/origin/main
2026-10-06T14:49:19.6780751Z e03c617ace040b664f4cb722fee622ab034168b8
2026-10-06T14:49:19.6815914Z ##[endgroup]
2026-10-06T14:49:19.6816358Z ##[group]Determining the checkout info
2026-10-06T14:49:19.6817693Z ##[endgroup]
2026-10-06T14:49:19.6824874Z [command]"C:\Program Files\Git\bin\git.exe" sparse-checkout disable
2026-10-06T14:49:19.7267956Z [command]"C:\Program Files\Git\bin\git.exe" config --local --unset-all extensions.worktreeConfig
2026-10-06T14:49:19.7541048Z ##[group]Checking out the ref
2026-10-06T14:49:19.7553880Z [command]"C:\Program Files\Git\bin\git.exe" checkout --progress --force -B main refs/remotes/origin/main
2026-10-06T14:49:22.3768930Z Updating files:   0% (29/45491)
2026-10-06T14:49:22.5083265Z Updating files:   1% (455/45491)
2026-10-06T14:49:22.7191898Z Updating files:   2% (910/45491)
2026-10-06T14:49:22.8726405Z Updating files:   3% (1365/45491)
2026-10-06T14:49:22.9210227Z Updating files:   3% (1674/45491)
2026-10-06T14:49:23.2148852Z Updating files:   4% (1820/45491)
2026-10-06T14:49:23.5381516Z Updating files:   5% (2275/45491)
2026-10-06T14:49:23.6149755Z Updating files:   6% (2730/45491)
2026-10-06T14:49:24.1752354Z Updating files:   7% (3185/45491)
2026-10-06T14:49:24.3143930Z Updating files:   7% (3552/45491)
2026-10-06T14:49:24.4255063Z Updating files:   8% (3640/45491)
2026-10-06T14:49:24.6666626Z Updating files:   9% (4095/45491)
2026-10-06T14:49:24.7341539Z Updating files:  10% (4550/45491)
2026-10-06T14:49:24.8850997Z Updating files:  11% (5005/45491)
2026-10-06T14:49:24.9363852Z Updating files:  11% (5384/45491)
2026-10-06T14:49:25.0818363Z Updating files:  12% (5459/45491)
2026-10-06T14:49:25.6070094Z Updating files:  13% (5914/45491)
2026-10-06T14:49:25.7433987Z Updating files:  14% (6369/45491)
2026-10-06T14:49:25.8787893Z Updating files:  15% (6824/45491)
2026-10-06T14:49:25.8968758Z Updating files:  16% (7279/45491)
2026-10-06T14:49:26.0646742Z Updating files:  16% (7317/45491)
2026-10-06T14:49:26.2016463Z Updating files:  17% (7734/45491)
2026-10-06T14:49:26.3555052Z Updating files:  18% (8189/45491)
2026-10-06T14:49:26.9717003Z Updating files:  19% (8644/45491)
2026-10-06T14:49:26.9730375Z Updating files:  19% (9094/45491)
2026-10-06T14:49:27.0767341Z Updating files:  20% (9099/45491)
2026-10-06T14:49:27.1862522Z Updating files:  21% (9554/45491)
2026-10-06T14:49:27.2968936Z Updating files:  22% (10009/45491)
2026-10-06T14:49:27.4034629Z Updating files:  23% (10463/45491)
2026-10-06T14:49:27.4907668Z Updating files:  24% (10918/45491)
2026-10-06T14:49:27.5828748Z Updating files:  25% (11373/45491)
2026-10-06T14:49:27.6678736Z Updating files:  26% (11828/45491)
2026-10-06T14:49:27.7648292Z Updating files:  27% (12283/45491)
2026-10-06T14:49:28.1042466Z Updating files:  28% (12738/45491)
2026-10-06T14:49:28.4524631Z Updating files:  28% (12898/45491)
2026-10-06T14:49:28.7799491Z Updating files:  29% (13193/45491)
2026-10-06T14:49:28.9103399Z Updating files:  30% (13648/45491)
2026-10-06T14:49:29.8240351Z Updating files:  30% (13785/45491)
2026-10-06T14:49:29.9203698Z Updating files:  31% (14103/45491)
2026-10-06T14:49:30.2661861Z Updating files:  31% (14259/45491)
2026-10-06T14:49:30.9348912Z Updating files:  32% (14558/45491)
2026-10-06T14:49:31.0489556Z Updating files:  32% (14880/45491)
2026-10-06T14:49:31.5803905Z Updating files:  33% (15013/45491)
2026-10-06T14:49:31.6854183Z Updating files:  34% (15467/45491)
2026-10-06T14:49:31.8064991Z Updating files:  35% (15922/45491)
2026-10-06T14:49:31.9036268Z Updating files:  36% (16377/45491)
2026-10-06T14:49:31.9263568Z Updating files:  37% (16832/45491)
2026-10-06T14:49:32.4077805Z Updating files:  37% (16899/45491)
2026-10-06T14:49:32.5326833Z Updating files:  38% (17287/45491)
2026-10-06T14:49:32.6366257Z Updating files:  39% (17742/45491)
2026-10-06T14:49:32.8397988Z Updating files:  40% (18197/45491)
2026-10-06T14:49:32.9276362Z Updating files:  41% (18652/45491)
2026-10-06T14:49:32.9358155Z Updating files:  42% (19107/45491)
2026-10-06T14:49:33.0020466Z Updating files:  42% (19159/45491)
2026-10-06T14:49:33.0758263Z Updating files:  43% (19562/45491)
2026-10-06T14:49:33.1547982Z Updating files:  44% (20017/45491)
2026-10-06T14:49:33.2434135Z Updating files:  45% (20471/45491)
2026-10-06T14:49:33.3313615Z Updating files:  46% (20926/45491)
2026-10-06T14:49:33.8319368Z Updating files:  47% (21381/45491)
2026-10-06T14:49:33.9073432Z Updating files:  48% (21836/45491)
2026-10-06T14:49:33.9476387Z Updating files:  49% (22291/45491)
2026-10-06T14:49:33.9998180Z Updating files:  49% (22515/45491)
2026-10-06T14:49:34.1026327Z Updating files:  50% (22746/45491)
2026-10-06T14:49:34.4658924Z Updating files:  51% (23201/45491)
2026-10-06T14:49:34.6731742Z Updating files:  52% (23656/45491)
2026-10-06T14:49:35.1986619Z Updating files:  53% (24111/45491)
2026-10-06T14:49:35.4594052Z Updating files:  53% (24144/45491)
2026-10-06T14:49:35.6990739Z Updating files:  54% (24566/45491)
2026-10-06T14:49:35.9071879Z Updating files:  55% (25021/45491)
2026-10-06T14:49:35.9796966Z Updating files:  56% (25475/45491)
2026-10-06T14:49:36.1948006Z Updating files:  56% (25676/45491)
2026-10-06T14:49:36.3339314Z Updating files:  57% (25930/45491)
2026-10-06T14:49:36.4231354Z Updating files:  58% (26385/45491)
2026-10-06T14:49:36.5203804Z Updating files:  59% (26840/45491)
2026-10-06T14:49:36.6124763Z Updating files:  60% (27295/45491)
2026-10-06T14:49:36.7070430Z Updating files:  61% (27750/45491)
2026-10-06T14:49:36.8185300Z Updating files:  62% (28205/45491)
2026-10-06T14:49:36.9813343Z Updating files:  63% (28660/45491)
2026-10-06T14:49:37.0053822Z Updating files:  63% (29067/45491)
2026-10-06T14:49:37.1986765Z Updating files:  64% (29115/45491)
2026-10-06T14:49:37.5586170Z Updating files:  65% (29570/45491)
2026-10-06T14:49:37.7494754Z Updating files:  66% (30025/45491)
2026-10-06T14:49:37.9291094Z Updating files:  67% (30479/45491)
2026-10-06T14:49:38.0099738Z Updating files:  68% (30934/45491)
2026-10-06T14:49:38.2564134Z Updating files:  68% (31072/45491)
2026-10-06T14:49:38.5887112Z Updating files:  69% (31389/45491)
2026-10-06T14:49:39.0027759Z Updating files:  70% (31844/45491)
2026-10-06T14:49:39.0127036Z Updating files:  70% (32277/45491)
2026-10-06T14:49:39.2392546Z Updating files:  71% (32299/45491)
2026-10-06T14:49:39.4628359Z Updating files:  72% (32754/45491)
2026-10-06T14:49:39.6848059Z Updating files:  73% (33209/45491)
2026-10-06T14:49:40.0047452Z Updating files:  74% (33664/45491)
2026-10-06T14:49:40.0051316Z Updating files:  75% (34119/45491)
2026-10-06T14:49:40.1992639Z Updating files:  75% (34122/45491)
2026-10-06T14:49:40.5127774Z Updating files:  76% (34574/45491)
2026-10-06T14:49:40.6642773Z Updating files:  77% (35029/45491)
2026-10-06T14:49:40.8600822Z Updating files:  78% (35483/45491)
2026-10-06T14:49:41.0135347Z Updating files:  79% (35938/45491)
2026-10-06T14:49:41.0640294Z Updating files:  79% (36280/45491)
2026-10-06T14:49:41.2374201Z Updating files:  80% (36393/45491)
2026-10-06T14:49:41.5306631Z Updating files:  81% (36848/45491)
2026-10-06T14:49:41.9453182Z Updating files:  82% (37303/45491)
2026-10-06T14:49:42.0226520Z Updating files:  83% (37758/45491)
2026-10-06T14:49:42.3669731Z Updating files:  83% (37938/45491)
2026-10-06T14:49:42.7413555Z Updating files:  84% (38213/45491)
2026-10-06T14:49:43.2397754Z Updating files:  85% (38668/45491)
2026-10-06T14:49:43.2987619Z Updating files:  85% (38993/45491)
2026-10-06T14:49:43.4523340Z Updating files:  86% (39123/45491)
2026-10-06T14:49:43.6507708Z Updating files:  87% (39578/45491)
2026-10-06T14:49:43.8468491Z Updating files:  88% (40033/45491)
2026-10-06T14:49:44.0358374Z Updating files:  89% (40487/45491)
2026-10-06T14:49:44.1019539Z Updating files:  89% (40769/45491)
2026-10-06T14:49:44.2501799Z Updating files:  90% (40942/45491)
2026-10-06T14:49:44.7777979Z Updating files:  91% (41397/45491)
2026-10-06T14:49:45.0002978Z Updating files:  92% (41852/45491)
2026-10-06T14:49:45.0375608Z Updating files:  93% (42307/45491)
2026-10-06T14:49:45.2210731Z Updating files:  93% (42406/45491)
2026-10-06T14:49:45.4732630Z Updating files:  94% (42762/45491)
2026-10-06T14:49:45.6453249Z Updating files:  95% (43217/45491)
2026-10-06T14:49:45.8389588Z Updating files:  96% (43672/45491)
2026-10-06T14:49:46.1577537Z Updating files:  97% (44127/45491)
2026-10-06T14:49:46.2372122Z Updating files:  97% (44318/45491)
2026-10-06T14:49:46.4559359Z Updating files:  98% (44582/45491)
2026-10-06T14:49:46.5722223Z Updating files:  99% (45037/45491)
2026-10-06T14:49:46.5722673Z Updating files: 100% (45491/45491)
2026-10-06T14:49:46.5722978Z Updating files: 100% (45491/45491), done.
2026-10-06T14:49:46.6376374Z Switched to a new branch 'main'
2026-10-06T14:49:46.6389646Z branch 'main' set up to track 'origin/main'.
2026-10-06T14:49:47.5090506Z ##[endgroup]
2026-10-06T14:49:47.5419015Z [command]"C:\Program Files\Git\bin\git.exe" log -1 --format=%H
2026-10-06T14:49:47.5665781Z e03c617ace040b664f4cb722fee622ab034168b8
2026-10-06T14:49:47.6078763Z ##[group]Run astral-sh/setup-uv@v10.2.0
2026-10-06T14:49:47.6079218Z with:
2026-10-06T14:49:47.6079534Z   activate-environment: false
2026-10-06T14:49:47.6079833Z   no-project: false
2026-10-06T14:49:47.6080179Z   working-directory: D:\a\tiny-perceptron-vlm\tiny-perceptron-vlm
2026-10-06T14:49:47.6082999Z   github-token: ***
2026-10-06T14:49:47.6083250Z   enable-cache: auto
2026-10-06T14:49:47.6083835Z   cache-dependency-glob: **/*requirements*.txt
**/*requirements*.in
**/*constraints*.txt
**/*constraints*.in
**/pyproject.toml
**/uv.lock
**/*.py.lock

2026-10-06T14:49:47.6084455Z   restore-cache: true
2026-10-06T14:49:47.6084712Z   save-cache: auto
2026-10-06T14:49:47.6084984Z   prune-cache: false
2026-10-06T14:49:47.6085251Z   cache-python: false
2026-10-06T14:49:47.6085534Z   ignore-nothing-to-cache: false
2026-10-06T14:49:47.6085836Z   ignore-empty-workdir: false
2026-10-06T14:49:47.6086173Z   download-from-astral-mirror: true
2026-10-06T14:49:47.6086587Z   add-problem-matchers: true
2026-10-06T14:49:47.6086891Z   quiet: false
2026-10-06T14:49:47.6087168Z   resolution-strategy: highest
2026-10-06T14:49:47.6087438Z env:
2026-10-06T14:49:47.6087689Z   PYTHONUTF8: 1
2026-10-06T14:49:47.6087947Z ##[endgroup]
2026-10-06T14:49:47.8018395Z Trying to find version for uv in: D:\a\tiny-perceptron-vlm\tiny-perceptron-vlm\uv.toml
2026-10-06T14:49:47.8019985Z Could not find file: D:\a\tiny-perceptron-vlm\tiny-perceptron-vlm\uv.toml
2026-10-06T14:49:47.8020731Z Trying to find version for uv in: D:\a\tiny-perceptron-vlm\tiny-perceptron-vlm\pyproject.toml
2026-10-06T14:49:47.8028764Z Could not determine uv version from uv.toml or pyproject.toml. Falling back to latest.
2026-10-06T14:49:47.8034392Z Fetching manifest data from https://raw.githubusercontent.com/astral-sh/versions/main/v1/uv.ndjson ...
2026-10-06T14:49:47.8871797Z Downloading uv from "https://releases.astral.sh/github/uv/releases/download/0.12.23/uv-x86_64-pc-windows-msvc.zip" ...
2026-10-06T14:49:48.5458809Z [command]C:\Windows\system32\tar.exe x -C D:\a\_temp\cf0341fc-5b78-4b6f-b5cb-bae43a48252c -f D:\a\_temp\fc3a3c72-dd69-4163-afce-6232688d3c20
2026-10-06T14:49:48.7431442Z Set UV_TOOL_BIN_DIR to D:\a\_temp\uv-tool-bin-dir
2026-10-06T14:49:48.7435002Z Added D:\a\_temp\uv-tool-bin-dir to the path
2026-10-06T14:49:48.7446448Z Added C:\hostedtoolcache\windows\uv\0.12.23\x86_64 to the path
2026-10-06T14:49:48.7449371Z Set UV_TOOL_DIR to D:\a\_temp\uv-tool-dir
2026-10-06T14:49:48.7453615Z Set UV_PYTHON_INSTALL_DIR to D:\a\_temp\uv-python-dir
2026-10-06T14:49:48.7456610Z Added D:\a\_temp\uv-python-dir to the path
2026-10-06T14:49:48.7502135Z Set UV_CACHE_DIR to D:\a\_temp\setup-uv-cache
2026-10-06T14:49:48.7502675Z Successfully installed uv version 0.12.23
2026-10-06T14:49:53.0925061Z Searching files using cache dependency glob: D:\a\tiny-perceptron-vlm\tiny-perceptron-vlm\**\*requirements*.txt,D:\a\tiny-perceptron-vlm\tiny-perceptron-vlm\**\*requirements*.in,D:\a\tiny-perceptron-vlm\tiny-perceptron-vlm\**\*constraints*.txt,D:\a\tiny-perceptron-vlm\tiny-perceptron-vlm\**\*constraints*.in,D:\a\tiny-perceptron-vlm\tiny-perceptron-vlm\**\pyproject.toml,D:\a\tiny-perceptron-vlm\tiny-perceptron-vlm\**\uv.lock,D:\a\tiny-perceptron-vlm\tiny-perceptron-vlm\**\*.py.lock
2026-10-06T14:49:56.0513563Z D:\a\tiny-perceptron-vlm\tiny-perceptron-vlm\docs\technical-reviews\artifacts\20261005-19_1-factual\repository-snapshots\pyproject.toml
2026-10-06T14:49:56.0551576Z D:\a\tiny-perceptron-vlm\tiny-perceptron-vlm\docs\technical-reviews\artifacts\20261005-19_1-factual\repository-snapshots\uv.lock
2026-10-06T14:49:56.5859805Z D:\a\tiny-perceptron-vlm\tiny-perceptron-vlm\docs\technical-reviews\artifacts\natural-final-fact-20.8-student-requirements-natural.txt
2026-10-06T14:49:57.0133471Z D:\a\tiny-perceptron-vlm\tiny-perceptron-vlm\docs\technical-reviews\artifacts\p6-19.1\evidence\code-excerpts\pyproject.toml
2026-10-06T14:49:57.0297327Z D:\a\tiny-perceptron-vlm\tiny-perceptron-vlm\docs\technical-reviews\artifacts\p6-19.1\inputs\source-opaque\pyproject.toml
2026-10-06T14:49:57.0632990Z D:\a\tiny-perceptron-vlm\tiny-perceptron-vlm\docs\technical-reviews\artifacts\p6-19.11\inputs\pyproject.toml
2026-10-06T14:49:57.0663759Z D:\a\tiny-perceptron-vlm\tiny-perceptron-vlm\docs\technical-reviews\artifacts\p6-19.11\inputs\uv.lock
2026-10-06T14:49:57.1186208Z D:\a\tiny-perceptron-vlm\tiny-perceptron-vlm\docs\technical-reviews\artifacts\p6-19.4\inputs\pyproject.toml
2026-10-06T14:49:57.1216818Z D:\a\tiny-perceptron-vlm\tiny-perceptron-vlm\docs\technical-reviews\artifacts\p6-19.4\inputs\uv.lock
2026-10-06T14:49:57.2553339Z D:\a\tiny-perceptron-vlm\tiny-perceptron-vlm\docs\technical-reviews\artifacts\p6-public-a\repository-input\pyproject.toml
2026-10-06T14:49:57.2564503Z D:\a\tiny-perceptron-vlm\tiny-perceptron-vlm\docs\technical-reviews\artifacts\p6-public-a\repository-input\requirements-natural.txt
2026-10-06T14:49:57.2627467Z D:\a\tiny-perceptron-vlm\tiny-perceptron-vlm\docs\technical-reviews\artifacts\p6-public-a\repository-input\uv.lock
2026-10-06T14:49:57.2715277Z D:\a\tiny-perceptron-vlm\tiny-perceptron-vlm\docs\technical-reviews\artifacts\p6-public-b\code-snapshots\pyproject.toml
2026-10-06T14:49:57.2933132Z D:\a\tiny-perceptron-vlm\tiny-perceptron-vlm\docs\technical-reviews\artifacts\p6-R.4\inputs\pyproject.toml
2026-10-06T14:49:57.3021688Z D:\a\tiny-perceptron-vlm\tiny-perceptron-vlm\docs\technical-reviews\artifacts\p6-T.11\code\pyproject.toml
2026-10-06T14:49:57.3499551Z D:\a\tiny-perceptron-vlm\tiny-perceptron-vlm\docs\technical-reviews\artifacts\p6-W.1\inputs\pyproject.toml
2026-10-06T14:49:57.3516753Z D:\a\tiny-perceptron-vlm\tiny-perceptron-vlm\docs\technical-reviews\artifacts\p6-W.1\inputs\uv.lock
2026-10-06T14:49:58.4448488Z D:\a\tiny-perceptron-vlm\tiny-perceptron-vlm\docs\technical-reviews\artifacts\phase4-20261005-w_1-factual-independent\frozen\pyproject.toml
2026-10-06T14:49:58.4466961Z D:\a\tiny-perceptron-vlm\tiny-perceptron-vlm\docs\technical-reviews\artifacts\phase4-20261005-w_1-factual-independent\frozen\uv.lock
2026-10-06T14:49:58.4760520Z D:\a\tiny-perceptron-vlm\tiny-perceptron-vlm\docs\technical-reviews\artifacts\phase4-20261006-w_1-dependency-callback\current\pyproject.toml
2026-10-06T14:49:58.5140603Z D:\a\tiny-perceptron-vlm\tiny-perceptron-vlm\docs\technical-reviews\artifacts\phase4-20_2-factual-independent\pinned\requirements-natural.txt
2026-10-06T14:49:58.6723690Z D:\a\tiny-perceptron-vlm\tiny-perceptron-vlm\docs\technical-reviews\artifacts\phase4-4_6-independent\original\pyproject.toml
2026-10-06T14:49:58.7276001Z D:\a\tiny-perceptron-vlm\tiny-perceptron-vlm\docs\technical-reviews\artifacts\phase4-5_11-independent\inputs\pyproject.toml
2026-10-06T14:49:58.7652395Z D:\a\tiny-perceptron-vlm\tiny-perceptron-vlm\docs\technical-reviews\artifacts\phase4-5_14-independent\inputs\pyproject.toml
2026-10-06T14:49:58.9737258Z D:\a\tiny-perceptron-vlm\tiny-perceptron-vlm\docs\technical-reviews\artifacts\phase4-6_8-independent\inputs\current\pyproject.toml
2026-10-06T14:49:58.9886461Z D:\a\tiny-perceptron-vlm\tiny-perceptron-vlm\docs\technical-reviews\artifacts\phase4-6_9-independent\inputs\current\pyproject.toml
2026-10-06T14:49:59.0970662Z D:\a\tiny-perceptron-vlm\tiny-perceptron-vlm\docs\technical-reviews\artifacts\phase4-7_2-independent\inputs\pyproject.toml
2026-10-06T14:49:59.1132296Z D:\a\tiny-perceptron-vlm\tiny-perceptron-vlm\docs\technical-reviews\artifacts\phase4-7_4-independent\inputs\pyproject.toml
2026-10-06T14:49:59.1260341Z D:\a\tiny-perceptron-vlm\tiny-perceptron-vlm\docs\technical-reviews\artifacts\phase4-7_5-independent\inputs\pyproject.toml
2026-10-06T14:49:59.1426589Z D:\a\tiny-perceptron-vlm\tiny-perceptron-vlm\docs\technical-reviews\artifacts\phase4-7_6-independent\inputs\pyproject.toml
2026-10-06T14:49:59.1557337Z D:\a\tiny-perceptron-vlm\tiny-perceptron-vlm\docs\technical-reviews\artifacts\phase4-7_7-independent\inputs\pyproject.toml
2026-10-06T14:49:59.2986391Z D:\a\tiny-perceptron-vlm\tiny-perceptron-vlm\docs\technical-reviews\artifacts\phase4-9_10-independent\stopped-original-execution\workspace\pyproject.toml
2026-10-06T14:49:59.5531332Z D:\a\tiny-perceptron-vlm\tiny-perceptron-vlm\docs\technical-reviews\artifacts\phase4-r_4-factual-independent-20261005\inputs\pyproject.toml
2026-10-06T14:49:59.6656166Z D:\a\tiny-perceptron-vlm\tiny-perceptron-vlm\docs\technical-reviews\artifacts\phase4-W7-factual-independent-20261005\code\pyproject.toml
2026-10-06T14:49:59.8550785Z D:\a\tiny-perceptron-vlm\tiny-perceptron-vlm\pyproject.toml
2026-10-06T14:49:59.8562038Z D:\a\tiny-perceptron-vlm\tiny-perceptron-vlm\requirements-natural.txt
2026-10-06T14:49:59.8756231Z D:\a\tiny-perceptron-vlm\tiny-perceptron-vlm\uv.lock
2026-10-06T14:49:59.8783401Z Found 37 files to hash.
2026-10-06T14:49:59.8791446Z Trying to restore cache from GitHub Actions cache with key: setup-uv-2-x86_64-pc-windows-msvc-windows-2025-3.13.15-b8edb2d3b778ff72c75e2002ff3529782d05f5f8b258f96ae1496f433ac6041b
2026-10-06T14:50:00.1911305Z No GitHub Actions cache found for key: setup-uv-2-x86_64-pc-windows-msvc-windows-2025-3.13.15-b8edb2d3b778ff72c75e2002ff3529782d05f5f8b258f96ae1496f433ac6041b
2026-10-06T14:50:00.3362045Z ##[group]Run uv sync --extra cpu
2026-10-06T14:50:00.3362555Z [36;1muv sync --extra cpu[0m
2026-10-06T14:50:00.3424715Z shell: C:\Program Files\PowerShell\7\pwsh.EXE -command ". '{0}'"
2026-10-06T14:50:00.3425174Z env:
2026-10-06T14:50:00.3425529Z   PYTHONUTF8: 1
2026-10-06T14:50:00.3425924Z   UV_TOOL_BIN_DIR: D:\a\_temp\uv-tool-bin-dir
2026-10-06T14:50:00.3426436Z   UV_TOOL_DIR: D:\a\_temp\uv-tool-dir
2026-10-06T14:50:00.3426817Z   UV_PYTHON_INSTALL_DIR: D:\a\_temp\uv-python-dir
2026-10-06T14:50:00.3427218Z   UV_CACHE_DIR: D:\a\_temp\setup-uv-cache
2026-10-06T14:50:00.3427618Z ##[endgroup]
2026-10-06T14:50:00.6593344Z Using CPython 3.13.15 interpreter at: C:\hostedtoolcache\windows\Python\3.13.15\x64\python.exe
2026-10-06T14:50:00.6594152Z Creating virtual environment at: .venv
2026-10-06T14:50:00.7173234Z Resolved 183 packages in 2ms
2026-10-06T14:50:00.7356960Z    Building tiny-perceptron-vlm @ file:///D:/a/tiny-perceptron-vlm/tiny-perceptron-vlm
2026-10-06T14:50:00.8755102Z Downloading sympy (6.0MiB)
2026-10-06T14:50:00.8769233Z Downloading pygments (1.2MiB)
2026-10-06T14:50:00.8786466Z Downloading numpy (12.0MiB)
2026-10-06T14:50:00.8793248Z Downloading ruff (10.1MiB)
2026-10-06T14:50:00.8797587Z Downloading pillow (6.9MiB)
2026-10-06T14:50:00.8801773Z Downloading hf-xet (3.8MiB)
2026-10-06T14:50:00.8807733Z Downloading networkx (2.0MiB)
2026-10-06T14:50:00.8817023Z Downloading tokenizers (2.7MiB)
2026-10-06T14:50:00.8821670Z Downloading pandas (9.2MiB)
2026-10-06T14:50:00.8826046Z Downloading pyarrow (26.6MiB)
2026-10-06T14:50:00.8855853Z Downloading torch (118.3MiB)
2026-10-06T14:50:01.7161668Z  Downloaded pygments
2026-10-06T14:50:01.7853951Z  Downloaded tokenizers
2026-10-06T14:50:01.8437779Z  Downloaded networkx
2026-10-06T14:50:01.9508032Z  Downloaded hf-xet
2026-10-06T14:50:02.1578481Z  Downloaded pillow
2026-10-06T14:50:02.2252773Z  Downloaded sympy
2026-10-06T14:50:02.2786795Z  Downloaded ruff
2026-10-06T14:50:02.2875425Z  Downloaded pandas
2026-10-06T14:50:02.3562479Z  Downloaded numpy
2026-10-06T14:50:03.2096781Z  Downloaded pyarrow
2026-10-06T14:50:04.3178469Z       Built tiny-perceptron-vlm @ file:///D:/a/tiny-perceptron-vlm/tiny-perceptron-vlm
2026-10-06T14:50:05.2470066Z  Downloaded torch
2026-10-06T14:50:05.2477392Z Prepared 56 packages in 4.52s
2026-10-06T14:50:07.1482739Z Installed 56 packages in 1.90s
2026-10-06T14:50:07.1483453Z  + aiohappyeyeballs==2.7.1
2026-10-06T14:50:07.1484705Z  + aiohttp==3.14.3
2026-10-06T14:50:07.1484991Z  + aiosignal==1.4.0
2026-10-06T14:50:07.1485909Z  + anyio==4.15.1
2026-10-06T14:50:07.1487082Z  + attrs==26.1.0
2026-10-06T14:50:07.1488576Z  + certifi==2026.7.22
2026-10-06T14:50:07.1489196Z  + cffi==2.1.1
2026-10-06T14:50:07.1489479Z  + charset-normalizer==3.5.2
2026-10-06T14:50:07.1490195Z  + click==8.5.0
2026-10-06T14:50:07.1491375Z  + colorama==0.4.6
2026-10-06T14:50:07.1491939Z  + datasets==5.0.1
2026-10-06T14:50:07.1493062Z  + dill==0.4.1
2026-10-06T14:50:07.1494048Z  + filelock==4.0.8
2026-10-06T14:50:07.1494863Z  + frozenlist==1.8.0
2026-10-06T14:50:07.1495623Z  + fsspec==2026.6.0
2026-10-06T14:50:07.1496344Z  + h11==0.16.0
2026-10-06T14:50:07.1497339Z  + hf-xet==1.6.0
2026-10-06T14:50:07.1497947Z  + httpcore==1.0.9
2026-10-06T14:50:07.1498205Z  + httpx==0.28.1
2026-10-06T14:50:07.1499424Z  + huggingface-hub==1.33.0
2026-10-06T14:50:07.1499915Z  + idna==3.20
2026-10-06T14:50:07.1500141Z  + iniconfig==2.3.0
2026-10-06T14:50:07.1500636Z  + jinja2==3.1.6
2026-10-06T14:50:07.1501828Z  + markupsafe==3.0.3
2026-10-06T14:50:07.1502609Z  + mpmath==1.3.0
2026-10-06T14:50:07.1503413Z  + multidict==6.9.1
2026-10-06T14:50:07.1503962Z  + multiprocess==0.70.19
2026-10-06T14:50:07.1505069Z  + networkx==3.7
2026-10-06T14:50:07.1505289Z  + numpy==2.5.3
2026-10-06T14:50:07.1506438Z  + packaging==26.3
2026-10-06T14:50:07.1506650Z  + pandas==3.0.6
2026-10-06T14:50:07.1507666Z  + pillow==12.3.0
2026-10-06T14:50:07.1508314Z  + pluggy==1.6.0
2026-10-06T14:50:07.1511359Z  + propcache==0.5.4
2026-10-06T14:50:07.1511659Z  + pyarrow==25.0.1
2026-10-06T14:50:07.1511891Z  + pycparser==3.0
2026-10-06T14:50:07.1512052Z  + pygments==2.21.0
2026-10-06T14:50:07.1512310Z  + pytest==9.1.1
2026-10-06T14:50:07.1513501Z  + python-dateutil==2.9.0.post0
2026-10-06T14:50:07.1514486Z  + pyyaml==6.0.3
2026-10-06T14:50:07.1514886Z  + requests==2.34.2
2026-10-06T14:50:07.1516039Z  + ruff==0.16.9
2026-10-06T14:50:07.1516607Z  + safetensors==0.8.0
2026-10-06T14:50:07.1517138Z  + setuptools==84.0.0
2026-10-06T14:50:07.1518262Z  + six==1.17.0
2026-10-06T14:50:07.1518921Z  + soundfile==0.14.0
2026-10-06T14:50:07.1519885Z  + sympy==1.14.0
2026-10-06T14:50:07.1521237Z  + tiny-perceptron-vlm==0.1.0 (from file:///D:/a/tiny-perceptron-vlm/tiny-perceptron-vlm)
2026-10-06T14:50:07.1521924Z  + tokenizers==0.23.2
2026-10-06T14:50:07.1522843Z  + torch==2.14.1+cpu
2026-10-06T14:50:07.1523225Z  + tqdm==4.70.1
2026-10-06T14:50:07.1524385Z  + typing-extensions==4.16.0
2026-10-06T14:50:07.1524944Z  + tzdata==2026.4
2026-10-06T14:50:07.1525777Z  + urllib3==2.8.0
2026-10-06T14:50:07.1526202Z  + xxhash==4.0.1
2026-10-06T14:50:07.1527233Z  + yarl==1.25.1
2026-10-06T14:50:07.2935462Z ##[group]Run uv run --extra cpu python scripts/check_env.py
2026-10-06T14:50:07.2936207Z [36;1muv run --extra cpu python scripts/check_env.py[0m
2026-10-06T14:50:07.3018210Z shell: C:\Program Files\PowerShell\7\pwsh.EXE -command ". '{0}'"
2026-10-06T14:50:07.3018616Z env:
2026-10-06T14:50:07.3018845Z   PYTHONUTF8: 1
2026-10-06T14:50:07.3019339Z   UV_TOOL_BIN_DIR: D:\a\_temp\uv-tool-bin-dir
2026-10-06T14:50:07.3019687Z   UV_TOOL_DIR: D:\a\_temp\uv-tool-dir
2026-10-06T14:50:07.3020050Z   UV_PYTHON_INSTALL_DIR: D:\a\_temp\uv-python-dir
2026-10-06T14:50:07.3020430Z   UV_CACHE_DIR: D:\a\_temp\setup-uv-cache
2026-10-06T14:50:07.3020765Z ##[endgroup]
2026-10-06T14:50:14.8251651Z python          3.13.15（D:\a\tiny-perceptron-vlm\tiny-perceptron-vlm\.venv\Scripts\python.exe）
2026-10-06T14:50:14.8252352Z os              Windows-2025Server-10.0.26100-SP0
2026-10-06T14:50:14.8252719Z torch           2.14.1+cpu
2026-10-06T14:50:14.8252983Z numpy           2.5.3
2026-10-06T14:50:14.8253351Z pillow          12.3.0
2026-10-06T14:50:14.8253611Z soundfile       0.14.0
2026-10-06T14:50:14.8253855Z tokenizers      0.23.2
2026-10-06T14:50:14.8254090Z datasets        5.0.1
2026-10-06T14:50:14.8254335Z huggingface-hub 1.33.0
2026-10-06T14:50:14.8254733Z torch.cuda      無（CPU / MPS 版）
2026-10-06T14:50:14.8255147Z device          CPU（2 執行緒）
2026-10-06T14:50:14.8255471Z compute         OK（cpu）
2026-10-06T14:50:14.8255719Z libsndfile      1.2.2
2026-10-06T14:50:14.8256149Z ffmpeg          未找到（影片階段才需要）
2026-10-06T14:50:14.8256584Z HF_ENDPOINT     未設定（使用 huggingface.co）
2026-10-06T14:50:15.2301468Z ##[group]Run uv run --extra cpu pytest --junitxml=outputs/pytest-results.xml
2026-10-06T14:50:15.2302039Z [36;1muv run --extra cpu pytest --junitxml=outputs/pytest-results.xml[0m
2026-10-06T14:50:15.2362667Z shell: C:\Program Files\PowerShell\7\pwsh.EXE -command ". '{0}'"
2026-10-06T14:50:15.2362983Z env:
2026-10-06T14:50:15.2363151Z   PYTHONUTF8: 1
2026-10-06T14:50:15.2363372Z   UV_TOOL_BIN_DIR: D:\a\_temp\uv-tool-bin-dir
2026-10-06T14:50:15.2363641Z   UV_TOOL_DIR: D:\a\_temp\uv-tool-dir
2026-10-06T14:50:15.2363905Z   UV_PYTHON_INSTALL_DIR: D:\a\_temp\uv-python-dir
2026-10-06T14:50:15.2364183Z   UV_CACHE_DIR: D:\a\_temp\setup-uv-cache
2026-10-06T14:50:15.2364422Z ##[endgroup]
2026-10-06T14:50:20.2640755Z ============================= test session starts =============================
2026-10-06T14:50:20.2641513Z platform win32 -- Python 3.13.15, pytest-9.1.1, pluggy-1.6.0
2026-10-06T14:50:20.2642044Z rootdir: D:\a\tiny-perceptron-vlm\tiny-perceptron-vlm
2026-10-06T14:50:20.2642577Z configfile: pyproject.toml
2026-10-06T14:50:20.2642927Z testpaths: tests
2026-10-06T14:50:20.2643203Z plugins: anyio-4.15.1
2026-10-06T14:50:20.2643477Z collected 1243 items
2026-10-06T14:50:20.2643963Z 
2026-10-06T14:50:20.2848247Z tests\test_application_protocols.py ...............                      [  1%]
2026-10-06T14:50:25.5948858Z Windows fatal exception: code 0xc000001d
2026-10-06T14:50:25.5949246Z 
2026-10-06T14:50:25.5949445Z Current thread 0x00000540 (most recent call first):
2026-10-06T14:50:25.5950623Z   File "D:\a\tiny-perceptron-vlm\tiny-perceptron-vlm\.venv\Lib\site-packages\torch\nn\modules\linear.py", line 134 in forward
2026-10-06T14:50:25.5952633Z   File "D:\a\tiny-perceptron-vlm\tiny-perceptron-vlm\.venv\Lib\site-packages\torch\nn\modules\module.py", line 1794 in _call_impl
2026-10-06T14:50:25.5953965Z   File "D:\a\tiny-perceptron-vlm\tiny-perceptron-vlm\.venv\Lib\site-packages\torch\nn\modules\module.py", line 1783 in _wrapped_call_impl
2026-10-06T14:50:25.5955011Z   File "D:\a\tiny-perceptron-vlm\tiny-perceptron-vlm\tiny_perceptron\modern.py", line 46 in forward
2026-10-06T14:50:25.5956069Z   File "D:\a\tiny-perceptron-vlm\tiny-perceptron-vlm\.venv\Lib\site-packages\torch\nn\modules\module.py", line 1794 in _call_impl
2026-10-06T14:50:25.5957179Z   File "D:\a\tiny-perceptron-vlm\tiny-perceptron-vlm\.venv\Lib\site-packages\torch\nn\modules\module.py", line 1783 in _wrapped_call_impl
2026-10-06T14:50:25.5958160Z   File "D:\a\tiny-perceptron-vlm\tiny-perceptron-vlm\tiny_perceptron\model.py", line 46 in forward
2026-10-06T14:50:25.5959150Z   File "D:\a\tiny-perceptron-vlm\tiny-perceptron-vlm\.venv\Lib\site-packages\torch\nn\modules\module.py", line 1794 in _call_impl
2026-10-06T14:50:25.5960289Z   File "D:\a\tiny-perceptron-vlm\tiny-perceptron-vlm\.venv\Lib\site-packages\torch\nn\modules\module.py", line 1783 in _wrapped_call_impl
2026-10-06T14:50:25.5962511Z   File "D:\a\tiny-perceptron-vlm\tiny-perceptron-vlm\tiny_perceptron\model.py", line 82 in forward
2026-10-06T14:50:25.5963646Z   File "D:\a\tiny-perceptron-vlm\tiny-perceptron-vlm\.venv\Lib\site-packages\torch\nn\modules\module.py", line 1794 in _call_impl
2026-10-06T14:50:25.5964633Z   File "D:\a\tiny-perceptron-vlm\tiny-perceptron-vlm\.venv\Lib\site-packages\torch\nn\modules\module.py", line 1783 in _wrapped_call_impl
2026-10-06T14:50:25.5965443Z   File "D:\a\tiny-perceptron-vlm\tiny-perceptron-vlm\scripts\course_experiments\architecture.py", line 131 in _forward
2026-10-06T14:50:25.5966221Z   File "D:\a\tiny-perceptron-vlm\tiny-perceptron-vlm\scripts\course_experiments\architecture.py", line 147 in _nll
2026-10-06T14:50:25.5967069Z   File "D:\a\tiny-perceptron-vlm\tiny-perceptron-vlm\.venv\Lib\site-packages\torch\utils\_contextlib.py", line 124 in decorate_context
2026-10-06T14:50:25.5967891Z   File "D:\a\tiny-perceptron-vlm\tiny-perceptron-vlm\scripts\course_experiments\architecture.py", line 172 in _train
2026-10-06T14:50:25.5970584Z   File "D:\a\tiny-perceptron-vlm\tiny-perceptron-vlm\tests\test_architecture_completion.py", line 116 in train
2026-10-06T14:50:25.5971448Z   File "D:\a\tiny-perceptron-vlm\tiny-perceptron-vlm\scripts\course_experiments\architecture.py", line 1017 in run_precision
2026-10-06T14:50:25.5972420Z   File "D:\a\tiny-perceptron-vlm\tiny-perceptron-vlm\tests\test_architecture_completion.py", line 145 in test_public_entries_honor_step_scale_and_return_partial_status
2026-10-06T14:50:25.5973373Z   File "D:\a\tiny-perceptron-vlm\tiny-perceptron-vlm\.venv\Lib\site-packages\_pytest\python.py", line 167 in pytest_pyfunc_call
2026-10-06T14:50:25.5974152Z   File "D:\a\tiny-perceptron-vlm\tiny-perceptron-vlm\.venv\Lib\site-packages\pluggy\_callers.py", line 121 in _multicall
2026-10-06T14:50:25.5974898Z   File "D:\a\tiny-perceptron-vlm\tiny-perceptron-vlm\.venv\Lib\site-packages\pluggy\_manager.py", line 120 in _hookexec
2026-10-06T14:50:25.5975634Z   File "D:\a\tiny-perceptron-vlm\tiny-perceptron-vlm\.venv\Lib\site-packages\pluggy\_hooks.py", line 512 in __call__
2026-10-06T14:50:25.5976388Z   File "D:\a\tiny-perceptron-vlm\tiny-perceptron-vlm\.venv\Lib\site-packages\_pytest\python.py", line 1707 in runtest
2026-10-06T14:50:25.5977147Z   File "D:\a\tiny-perceptron-vlm\tiny-perceptron-vlm\.venv\Lib\site-packages\_pytest\runner.py", line 184 in pytest_runtest_call
2026-10-06T14:50:25.5977935Z   File "D:\a\tiny-perceptron-vlm\tiny-perceptron-vlm\.venv\Lib\site-packages\pluggy\_callers.py", line 121 in _multicall
2026-10-06T14:50:25.5978671Z   File "D:\a\tiny-perceptron-vlm\tiny-perceptron-vlm\.venv\Lib\site-packages\pluggy\_manager.py", line 120 in _hookexec
2026-10-06T14:50:25.5979428Z   File "D:\a\tiny-perceptron-vlm\tiny-perceptron-vlm\.venv\Lib\site-packages\pluggy\_hooks.py", line 512 in __call__
2026-10-06T14:50:25.5980165Z   File "D:\a\tiny-perceptron-vlm\tiny-perceptron-vlm\.venv\Lib\site-packages\_pytest\runner.py", line 250 in <lambda>
2026-10-06T14:50:25.5981146Z   File "D:\a\tiny-perceptron-vlm\tiny-perceptron-vlm\.venv\Lib\site-packages\_pytest\runner.py", line 361 in from_call
2026-10-06T14:50:25.5982284Z   File "D:\a\tiny-perceptron-vlm\tiny-perceptron-vlm\.venv\Lib\site-packages\_pytest\runner.py", line 249 in call_and_report
2026-10-06T14:50:25.5983872Z   File "D:\a\tiny-perceptron-vlm\tiny-perceptron-vlm\.venv\Lib\site-packages\_pytest\runner.py", line 139 in runtestprotocol
2026-10-06T14:50:25.5985515Z   File "D:\a\tiny-perceptron-vlm\tiny-perceptron-vlm\.venv\Lib\site-packages\_pytest\runner.py", line 118 in pytest_runtest_protocol
2026-10-06T14:50:25.5987472Z   File "D:\a\tiny-perceptron-vlm\tiny-perceptron-vlm\.venv\Lib\site-packages\pluggy\_callers.py", line 121 in _multicall
2026-10-06T14:50:25.5989191Z   File "D:\a\tiny-perceptron-vlm\tiny-perceptron-vlm\.venv\Lib\site-packages\pluggy\_manager.py", line 120 in _hookexec
2026-10-06T14:50:25.5990431Z   File "D:\a\tiny-perceptron-vlm\tiny-perceptron-vlm\.venv\Lib\site-packages\pluggy\_hooks.py", line 512 in __call__
2026-10-06T14:50:25.5991150Z   File "D:\a\tiny-perceptron-vlm\tiny-perceptron-vlm\.venv\Lib\site-packages\_pytest\main.py", line 408 in pytest_runtestloop
2026-10-06T14:50:25.5991873Z   File "D:\a\tiny-perceptron-vlm\tiny-perceptron-vlm\.venv\Lib\site-packages\pluggy\_callers.py", line 121 in _multicall
2026-10-06T14:50:25.5992636Z   File "D:\a\tiny-perceptron-vlm\tiny-perceptron-vlm\.venv\Lib\site-packages\pluggy\_manager.py", line 120 in _hookexec
2026-10-06T14:50:25.5993673Z   File "D:\a\tiny-perceptron-vlm\tiny-perceptron-vlm\.venv\Lib\site-packages\pluggy\_hooks.py", line 512 in __call__
2026-10-06T14:50:25.5994542Z   File "D:\a\tiny-perceptron-vlm\tiny-perceptron-vlm\.venv\Lib\site-packages\_pytest\main.py", line 384 in _main
2026-10-06T14:50:25.5995844Z   File "D:\a\tiny-perceptron-vlm\tiny-perceptron-vlm\.venv\Lib\site-packages\_pytest\main.py", line 330 in wrap_session
2026-10-06T14:50:25.5996667Z   File "D:\a\tiny-perceptron-vlm\tiny-perceptron-vlm\.venv\Lib\site-packages\_pytest\main.py", line 377 in pytest_cmdline_main
2026-10-06T14:50:25.5998116Z   File "D:\a\tiny-perceptron-vlm\tiny-perceptron-vlm\.venv\Lib\site-packages\pluggy\_callers.py", line 121 in _multicall
2026-10-06T14:50:25.5998900Z   File "D:\a\tiny-perceptron-vlm\tiny-perceptron-vlm\.venv\Lib\site-packages\pluggy\_manager.py", line 120 in _hookexec
2026-10-06T14:50:25.5999654Z   File "D:\a\tiny-perceptron-vlm\tiny-perceptron-vlm\.venv\Lib\site-packages\pluggy\_hooks.py", line 512 in __call__
2026-10-06T14:50:25.6000551Z   File "D:\a\tiny-perceptron-vlm\tiny-perceptron-vlm\.venv\Lib\site-packages\_pytest\config\__init__.py", line 229 in _main
2026-10-06T14:50:25.6001365Z   File "D:\a\tiny-perceptron-vlm\tiny-perceptron-vlm\.venv\Lib\site-packages\_pytest\config\__init__.py", line 253 in _console_main
2026-10-06T14:50:25.6002184Z   File "D:\a\tiny-perceptron-vlm\tiny-perceptron-vlm\.venv\Scripts\pytest.exe\__main__.py", line 10 in <module>
2026-10-06T14:50:25.6002722Z   File "<frozen runpy>", line 88 in _run_code
2026-10-06T14:50:25.6003092Z   File "<frozen runpy>", line 203 in _run_module_as_main
2026-10-06T14:50:26.0282639Z tests\test_architecture_completion.py .......
2026-10-06T14:50:26.0406001Z ##[error]Process completed with exit code 1.
2026-10-06T14:50:26.0571173Z ##[group]Run uv run --extra cpu python - <<'PY'
2026-10-06T14:50:26.0571725Z [36;1muv run --extra cpu python - <<'PY'[0m
2026-10-06T14:50:26.0572066Z [36;1mimport html[0m
2026-10-06T14:50:26.0572335Z [36;1mimport os[0m
2026-10-06T14:50:26.0572592Z [36;1mfrom pathlib import Path[0m
2026-10-06T14:50:26.0572944Z [36;1mimport xml.etree.ElementTree as ET[0m
2026-10-06T14:50:26.0573259Z [36;1m[0m
2026-10-06T14:50:26.0573589Z [36;1mreport = Path("outputs/pytest-results.xml")[0m
2026-10-06T14:50:26.0573957Z [36;1mlines = ["## Test failure details", ""][0m
2026-10-06T14:50:26.0574287Z [36;1mif not report.is_file():[0m
2026-10-06T14:50:26.0574817Z [36;1m    lines.append("No JUnit report was written. The original failing step and exit code remain authoritative.")[0m
2026-10-06T14:50:26.0575313Z [36;1melse:[0m
2026-10-06T14:50:26.0575580Z [36;1m    for case in ET.parse(report).iter("testcase"):[0m
2026-10-06T14:50:26.0575897Z [36;1m        failure = case.find("failure")[0m
2026-10-06T14:50:26.0576126Z [36;1m        if failure is None:[0m
2026-10-06T14:50:26.0576345Z [36;1m            failure = case.find("error")[0m
2026-10-06T14:50:26.0576572Z [36;1m        if failure is None:[0m
2026-10-06T14:50:26.0576769Z [36;1m            continue[0m
2026-10-06T14:50:26.0577031Z [36;1m        name = case.get("classname", "") + "::" + case.get("name", "")[0m
2026-10-06T14:50:26.0577321Z [36;1m        lines.extend([[0m
2026-10-06T14:50:26.0577579Z [36;1m            "<details><summary>" + html.escape(name) + "</summary>",[0m
2026-10-06T14:50:26.0577975Z [36;1m            "<pre>" + html.escape(failure.text or failure.get("message", "")) + "</pre>",[0m
2026-10-06T14:50:26.0578487Z [36;1m            "</details>",[0m
2026-10-06T14:50:26.0578686Z [36;1m            "",[0m
2026-10-06T14:50:26.0578857Z [36;1m        ])[0m
2026-10-06T14:50:26.0579161Z [36;1mwith Path(os.environ["GITHUB_STEP_SUMMARY"]).open("a", encoding="utf-8") as stream:[0m
2026-10-06T14:50:26.0579534Z [36;1m    stream.write("\n".join(lines) + "\n")[0m
2026-10-06T14:50:26.0579761Z [36;1mPY[0m
2026-10-06T14:50:26.0596036Z shell: C:\Program Files\Git\bin\bash.EXE --noprofile --norc -e -o pipefail {0}
2026-10-06T14:50:26.0596384Z env:
2026-10-06T14:50:26.0596546Z   PYTHONUTF8: 1
2026-10-06T14:50:26.0596759Z   UV_TOOL_BIN_DIR: D:\a\_temp\uv-tool-bin-dir
2026-10-06T14:50:26.0597020Z   UV_TOOL_DIR: D:\a\_temp\uv-tool-dir
2026-10-06T14:50:26.0597271Z   UV_PYTHON_INSTALL_DIR: D:\a\_temp\uv-python-dir
2026-10-06T14:50:26.0597537Z   UV_CACHE_DIR: D:\a\_temp\setup-uv-cache
2026-10-06T14:50:26.0597783Z ##[endgroup]
2026-10-06T14:50:27.3119248Z Post job cleanup.
2026-10-06T14:50:27.4745167Z [command]"C:\Program Files\Git\bin\git.exe" version
2026-10-06T14:50:27.4991184Z git version 2.55.0.windows.5
2026-10-06T14:50:27.5042231Z Copying 'C:\Users\runneradmin\.gitconfig' to 'D:\a\_temp\96cc5700-62d8-4506-ae91-bf8b612e9516\.gitconfig'
2026-10-06T14:50:27.5061699Z Temporarily overriding HOME='D:\a\_temp\96cc5700-62d8-4506-ae91-bf8b612e9516' before making global git config changes
2026-10-06T14:50:27.5062748Z Adding repository directory to the temporary git global config as a safe directory
2026-10-06T14:50:27.5074964Z [command]"C:\Program Files\Git\bin\git.exe" config --global --add safe.directory D:\a\tiny-perceptron-vlm\tiny-perceptron-vlm
2026-10-06T14:50:27.5373501Z Removing SSH command configuration
2026-10-06T14:50:27.5382979Z [command]"C:\Program Files\Git\bin\git.exe" config --local --name-only --get-regexp core\.sshCommand
2026-10-06T14:50:27.5800439Z [command]"C:\Program Files\Git\bin\git.exe" submodule foreach --recursive "sh -c \"git config --local --name-only --get-regexp 'core\.sshCommand' && git config --local --unset-all 'core.sshCommand' || :\""
2026-10-06T14:50:28.1861012Z Removing HTTP extra header
2026-10-06T14:50:28.1871058Z [command]"C:\Program Files\Git\bin\git.exe" config --local --name-only --get-regexp http\.https\:\/\/github\.com\/\.extraheader
2026-10-06T14:50:28.2141914Z [command]"C:\Program Files\Git\bin\git.exe" submodule foreach --recursive "sh -c \"git config --local --name-only --get-regexp 'http\.https\:\/\/github\.com\/\.extraheader' && git config --local --unset-all 'http.https://github.com/.extraheader' || :\""
2026-10-06T14:50:28.7226197Z Removing includeIf entries pointing to credentials config files
2026-10-06T14:50:28.7238006Z [command]"C:\Program Files\Git\bin\git.exe" config --local --name-only --get-regexp ^includeIf\.gitdir:
2026-10-06T14:50:28.7478795Z includeif.gitdir:D:/a/tiny-perceptron-vlm/tiny-perceptron-vlm/.git.path
2026-10-06T14:50:28.7479531Z includeif.gitdir:D:/a/tiny-perceptron-vlm/tiny-perceptron-vlm/.git/worktrees/*.path
2026-10-06T14:50:28.7479938Z includeif.gitdir:/github/workspace/.git.path
2026-10-06T14:50:28.7480261Z includeif.gitdir:/github/workspace/.git/worktrees/*.path
2026-10-06T14:50:28.7516169Z [command]"C:\Program Files\Git\bin\git.exe" config --local --get-all includeif.gitdir:D:/a/tiny-perceptron-vlm/tiny-perceptron-vlm/.git.path
2026-10-06T14:50:28.7756235Z D:\a\_temp\git-credentials-2163f13a-7c83-4bbb-86e4-6527645f292a.config
2026-10-06T14:50:28.7798568Z [command]"C:\Program Files\Git\bin\git.exe" config --local --unset includeif.gitdir:D:/a/tiny-perceptron-vlm/tiny-perceptron-vlm/.git.path D\:\\a\\_temp\\git\-credentials\-2163f13a\-7c83\-4bbb\-86e4\-6527645f292a\.config
2026-10-06T14:50:28.8074751Z [command]"C:\Program Files\Git\bin\git.exe" config --local --get-all includeif.gitdir:D:/a/tiny-perceptron-vlm/tiny-perceptron-vlm/.git/worktrees/*.path
2026-10-06T14:50:28.8299244Z D:\a\_temp\git-credentials-2163f13a-7c83-4bbb-86e4-6527645f292a.config
2026-10-06T14:50:28.8336783Z [command]"C:\Program Files\Git\bin\git.exe" config --local --unset includeif.gitdir:D:/a/tiny-perceptron-vlm/tiny-perceptron-vlm/.git/worktrees/*.path D\:\\a\\_temp\\git\-credentials\-2163f13a\-7c83\-4bbb\-86e4\-6527645f292a\.config
2026-10-06T14:50:28.8603609Z [command]"C:\Program Files\Git\bin\git.exe" config --local --get-all includeif.gitdir:/github/workspace/.git.path
2026-10-06T14:50:28.8819981Z /github/runner_temp/git-credentials-2163f13a-7c83-4bbb-86e4-6527645f292a.config
2026-10-06T14:50:28.8855976Z [command]"C:\Program Files\Git\bin\git.exe" config --local --unset includeif.gitdir:/github/workspace/.git.path \/github\/runner_temp\/git\-credentials\-2163f13a\-7c83\-4bbb\-86e4\-6527645f292a\.config
2026-10-06T14:50:28.9352848Z [command]"C:\Program Files\Git\bin\git.exe" config --local --get-all includeif.gitdir:/github/workspace/.git/worktrees/*.path
2026-10-06T14:50:28.9730835Z /github/runner_temp/git-credentials-2163f13a-7c83-4bbb-86e4-6527645f292a.config
2026-10-06T14:50:28.9799725Z [command]"C:\Program Files\Git\bin\git.exe" config --local --unset includeif.gitdir:/github/workspace/.git/worktrees/*.path \/github\/runner_temp\/git\-credentials\-2163f13a\-7c83\-4bbb\-86e4\-6527645f292a\.config
2026-10-06T14:50:29.0076544Z [command]"C:\Program Files\Git\bin\git.exe" submodule foreach --recursive "git config --local --show-origin --name-only --get-regexp remote.origin.url"
2026-10-06T14:50:29.5041300Z Removing credentials config 'D:\a\_temp\git-credentials-2163f13a-7c83-4bbb-86e4-6527645f292a.config'
2026-10-06T14:50:29.5261521Z Cleaning up orphan processes
