{"torch": "2.14.1+cpu", "aten_cpu_capability": "AVX512"}
PyTorch built with:
  - GCC 13.3
  - C++ Version: 202002
  - Intel(R) oneAPI Math Kernel Library Version 2024.2-Product Build 20240605 for Intel(R) 64 architecture applications
  - Intel(R) MKL-DNN v3.12.0 (Git Hash 80afa71049cd69a3df32adcccb623b12cd7baa22)
  - OpenMP 201511 (a.k.a. OpenMP 4.5)
  - LAPACK is enabled (usually provided by MKL)
  - NNPACK is enabled
  - CPU capability usage: AVX512
  - Build settings: BLAS_INFO=mkl, BUILD_TYPE=Release, COMMIT_SHA=5c4886908584029761b579af026dcfb627c84070, CUDA_FLAGS= -DLIBCUDACXX_ENABLE_SIMPLIFIED_COMPLEX_OPERATIONS -Xfatbin -compress-all  -Wno-deprecated-gpu-targets --expt-extended-lambda -DCUB_WRAPPED_NAMESPACE=at_cuda_detail -DDISABLE_CUSPARSE_DEPRECATED -DCUDA_HAS_FP16=1 -D__CUDA_NO_HALF_OPERATORS__ -D__CUDA_NO_HALF_CONVERSIONS__ -D__CUDA_NO_HALF2_OPERATORS__ -D__CUDA_NO_BFLOAT16_CONVERSIONS__ -DC10_NODEPRECATED, CXX_COMPILER=/opt/rh/gcc-toolset-13/root/usr/bin/c++, CXX_FLAGS= -fvisibility-inlines-hidden -DUSE_PTHREADPOOL -DNDEBUG -DUSE_KINETO -DUSE_FBGEMM -DUSE_PYTORCH_QNNPACK -DSYMBOLICATE_MOBILE_DEBUG_HANDLE -O2 -fPIC -DC10_NODEPRECATED -Wall -Wextra -Werror=return-type -Werror=non-virtual-dtor -Werror=range-loop-construct -Werror=bool-operation -Wnarrowing -Wno-missing-field-initializers -Wno-unknown-pragmas -Wno-unused-parameter -Wno-strict-overflow -Wno-strict-aliasing -Wno-stringop-overflow -Wsuggest-override -Wno-psabi -Wno-error=old-style-cast -faligned-new -Wno-maybe-uninitialized -fno-math-errno -fno-trapping-math -Werror=format -Wno-dangling-reference -Wno-error=dangling-reference -Wno-stringop-overflow, LAPACK_INFO=mkl, PERF_WITH_AVX=1, PERF_WITH_AVX2=1, TORCH_VERSION=2.14.1, USE_CUDA=0, USE_CUDNN=OFF, USE_CUSPARSELT=OFF, USE_GFLAGS=OFF, USE_GLOG=OFF, USE_GLOO=ON, USE_HIPSPARSELT=OFF, USE_MKL=ON, USE_MKLDNN=ON, USE_MPI=OFF, USE_NCCL=OFF, USE_NNPACK=ON, USE_OPENMP=ON, USE_ROCM=OFF, USE_ROCM_KERNEL_ASSERT=OFF, USE_XCCL=OFF, USE_XPU=OFF, 

{"event": "fixture_nll", "autocast_dtype": "None", "device": "cpu"}
{"event": "fixture_addmm", "operator": "aten.addmm.default", "inputs": [{"shape": [32], "dtype": "torch.float32", "stride": [1]}, {"shape": [32, 8], "dtype": "torch.float32", "stride": [8, 1]}, {"shape": [8, 32], "dtype": "torch.float32", "stride": [1, 8]}]}
onednn_verbose,v1,info,oneDNN v3.12.0 (commit 80afa71049cd69a3df32adcccb623b12cd7baa22)
onednn_verbose,v1,info,cpu,runtime:OpenMP,nthr:2
onednn_verbose,v1,info,cpu,isa:Intel AVX 10.1
onednn_verbose,v1,info,gpu,runtime:none
onednn_verbose,v1,info,graph,backend,0:dnnl_backend
onednn_verbose,v1,primitive,info,template:operation,engine,primitive,implementation,prop_kind,memory_descriptors,attributes,auxiliary,problem_desc,exec_time
onednn_verbose,v1,graph,info,template:operation,engine,partition_id,partition_kind,op_names,data_formats,logical_tensors,fpmath_mode,implementation,backend,exec_time
onednn_verbose,v1,primitive,exec,cpu,eltwise,jit:avx10_1_512,forward_training,data:f32::blocked:abc::f0,attr-scratchpad:user,alg:eltwise_gelu_erf alpha:0 beta:0,2x16x32,0.875
{"event": "fixture_addmm", "operator": "aten.addmm.default", "inputs": [{"shape": [8], "dtype": "torch.float32", "stride": [1]}, {"shape": [32, 32], "dtype": "torch.float32", "stride": [32, 1]}, {"shape": [32, 8], "dtype": "torch.float32", "stride": [1, 32]}]}
{"event": "fixture_nll", "autocast_dtype": "None", "device": "cpu"}
{"event": "fixture_addmm", "operator": "aten.addmm.default", "inputs": [{"shape": [32], "dtype": "torch.float32", "stride": [1]}, {"shape": [32, 8], "dtype": "torch.float32", "stride": [8, 1]}, {"shape": [8, 32], "dtype": "torch.float32", "stride": [1, 8]}]}
onednn_verbose,v1,primitive,exec,cpu,eltwise,jit:avx10_1_512,forward_training,data:f32::blocked:abc::f0,attr-scratchpad:user,alg:eltwise_gelu_erf alpha:0 beta:0,2x16x32,0.00805664
{"event": "fixture_addmm", "operator": "aten.addmm.default", "inputs": [{"shape": [8], "dtype": "torch.float32", "stride": [1]}, {"shape": [32, 32], "dtype": "torch.float32", "stride": [32, 1]}, {"shape": [32, 8], "dtype": "torch.float32", "stride": [1, 32]}]}
onednn_verbose,v1,primitive,exec,cpu,eltwise,jit:avx10_1_512,forward_training,data:f32::blocked:abc::f0,attr-scratchpad:user,alg:eltwise_gelu_erf alpha:0 beta:0,1x16x32,0.534912
{"event": "fixture_nll", "autocast_dtype": "torch.bfloat16", "device": "cpu"}
{"event": "fixture_addmm", "operator": "aten.addmm.default", "inputs": [{"shape": [32], "dtype": "torch.bfloat16", "stride": [1]}, {"shape": [32, 8], "dtype": "torch.bfloat16", "stride": [8, 1]}, {"shape": [8, 32], "dtype": "torch.bfloat16", "stride": [1, 8]}]}
onednn_verbose,v1,primitive,exec,cpu,matmul,brg_matmul:avx512_core_bf16,undef,src:bf16::blocked:ab::f0 wei:bf16::blocked:ba::f0 dst:bf16::blocked:ab::f0,attr-scratchpad:user attr-post-ops:sum,,32x8:8x32,1.75293
onednn_verbose,v1,primitive,exec,cpu,eltwise,jit:avx10_1_512,forward_training,data:bf16::blocked:abc::f0,attr-scratchpad:user,alg:eltwise_gelu_erf alpha:0 beta:0,2x16x32,0.688232
{"event": "fixture_addmm", "operator": "aten.addmm.default", "inputs": [{"shape": [8], "dtype": "torch.bfloat16", "stride": [1]}, {"shape": [32, 32], "dtype": "torch.bfloat16", "stride": [32, 1]}, {"shape": [32, 8], "dtype": "torch.bfloat16", "stride": [1, 32]}]}
onednn_verbose,v1,primitive,exec,cpu,matmul,brg_matmul:avx512_core_bf16,undef,src:bf16::blocked:ab::f0 wei:bf16::blocked:ba::f0 dst:bf16::blocked:ab::f0,attr-scratchpad:user attr-post-ops:sum,,32x32:32x8,0.362061
onednn_verbose,v1,primitive,exec,cpu,matmul,brg_matmul:avx512_core_bf16,undef,src:bf16::blocked:ab::f0 wei:bf16::blocked:ba::f0 dst:bf16::blocked:ab::f0,attr-scratchpad:user,,32x8:8x264,7.06006
{"event": "fixture_nll", "autocast_dtype": "torch.bfloat16", "device": "cpu"}
{"event": "fixture_addmm", "operator": "aten.addmm.default", "inputs": [{"shape": [32], "dtype": "torch.bfloat16", "stride": [1]}, {"shape": [32, 8], "dtype": "torch.bfloat16", "stride": [8, 1]}, {"shape": [8, 32], "dtype": "torch.bfloat16", "stride": [1, 8]}]}
onednn_verbose,v1,primitive,exec,cpu,matmul,brg_matmul:avx512_core_bf16,undef,src:bf16::blocked:ab::f0 wei:bf16::blocked:ba::f0 dst:bf16::blocked:ab::f0,attr-scratchpad:user attr-post-ops:sum,,32x8:8x32,0.0129395
onednn_verbose,v1,primitive,exec,cpu,eltwise,jit:avx10_1_512,forward_training,data:bf16::blocked:abc::f0,attr-scratchpad:user,alg:eltwise_gelu_erf alpha:0 beta:0,2x16x32,0.00488281
{"event": "fixture_addmm", "operator": "aten.addmm.default", "inputs": [{"shape": [8], "dtype": "torch.bfloat16", "stride": [1]}, {"shape": [32, 32], "dtype": "torch.bfloat16", "stride": [32, 1]}, {"shape": [32, 8], "dtype": "torch.bfloat16", "stride": [1, 32]}]}
onednn_verbose,v1,primitive,exec,cpu,matmul,brg_matmul:avx512_core_bf16,undef,src:bf16::blocked:ab::f0 wei:bf16::blocked:ba::f0 dst:bf16::blocked:ab::f0,attr-scratchpad:user attr-post-ops:sum,,32x32:32x8,2.12598
onednn_verbose,v1,primitive,exec,cpu,matmul,brg_matmul:avx512_core_bf16,undef,src:bf16::blocked:ab::f0 wei:bf16::blocked:ba::f0 dst:bf16::blocked:ab::f0,attr-scratchpad:user,,32x8:8x264,0.0129395
onednn_verbose,v1,primitive,exec,cpu,eltwise,jit:avx10_1_512,forward_training,data:bf16::blocked:abc::f0,attr-scratchpad:user,alg:eltwise_gelu_erf alpha:0 beta:0,1x16x32,0.00585938
onednn_verbose,v1,primitive,exec,cpu,matmul,brg_matmul:avx512_core_bf16,undef,src:bf16::blocked:ab::f0 wei:bf16::blocked:ba::f0 dst:bf16::blocked:ab::f0,attr-scratchpad:user,,16x8:8x264,1.45508
.
1 passed, 7 deselected in 1.99s
