[5.1] completed_without_exception
第一步embedding梯度大小 0.332364022731781
固定例子代價 2.2728936672210693 → 0.0004435513401404023

[5.2] completed_without_exception
有效答案 5
總代價 8.047189712524414 平均代價 1.6094379425048828

[5.5] completed_without_exception
tensor([1.9600])

[5.6] completed_without_exception
前六步 [0.0002, 0.0004, 0.0006000000000000001, 0.0008, 0.001, 0.001]
最後三步 [0.00011621671268686605, 0.00010723168513061665, 0.00010181156770214242]

[5.7] completed_without_exception
保存步數 1 字表 ['。', '狗', '看', '貓', '，']

[5.9] completed_without_exception
參數格數 6104 FP32參數bytes 24416
CPU每次前向秒數 0.00030640870008937784

[6.3] completed_without_exception
片段 ['å', '°', 'ı', 'é', '³', '¥', 'ð', 'Ł', 'Ļ', 'Ĥ', 'n', 'e', 'w']
ID [161, 108, 237, 165, 111, 98, 172, 253, 247, 224, 77, 68, 86]
還原 小鳥🙂new

[6.9] completed_without_exception
整段 [8] 分段後相接 [6, 7]

[7.1] completed_without_exception
模型輸入X [1, 3, 57, 51, 57, 69, 71, 2, 4, 58]
答案標籤Y [-100, -100, -100, -100, -100, -100, -100, -100, 58, 2]
有效目標 [58, 2]

[7.4] completed_without_exception
X [1, 3, 89, 2, 4, 73] Y [-100, -100, -100, -100, 73, 2]
首答案預測位置 4 輸入 4 答案 73

[7.5] completed_without_exception
第一位置logits梯度 0.0
Q字向量梯度 0.00571822514757514

[7.6] completed_without_exception
0.8635237216949463 0.8635237216949463

[7.7] completed_without_exception
有效位置最大差 0.0

[7.10] completed_without_exception
預期資料錯誤 第 0 筆截斷後没有有效答案；增加 max_length 或移除這筆
首有效索引 18 最低保留長度 19 完整長度 22

[8.3] completed_without_exception
簡短 總位置 10 學習位置 2
生動 總位置 46 學習位置 38

[8.8] completed_without_exception
可訓練參數 56
初始相同 True
A梯度為零 True
B梯度非零 True

[8.13] completed_without_exception
加倍誤差 2.9802322387695312e-08
符合兩倍 True

