{
  "command": "PYTHONPATH=. .venv/bin/python docs/technical-reviews/artifacts/phase4-13_15-independent/code/render-section.py",
  "renderer": "installed Chromium via Playwright",
  "targets": [
    {
      "label": "desktop",
      "width": 1280,
      "height": 800,
      "top": "render/desktop-top.png",
      "expanded_code": "render/desktop-code.png",
      "body_scroll_width": 1232
    },
    {
      "label": "mobile",
      "width": 390,
      "height": 844,
      "top": "render/mobile-top.png",
      "expanded_code": "render/mobile-code.png",
      "body_scroll_width": 538
    }
  ],
  "scope": "standalone exact section Markdown render, not exported course site",
  "chromium_version": "151.0.7922.173",
  "status": "completed",
  "elapsed_seconds": 2.4143471379939
}
