usage: train_local_stage.py [-h] --records RECORDS --asset-dir ASSET_DIR
                            --output-dir OUTPUT_DIR
                            [--architecture {moe,dense}]
                            --stage {pretrain,sft,vision,ocr,audio,joint}
                            --steps STEPS [--batch-size BATCH_SIZE]
                            [--context CONTEXT]
                            [--learning-rate LEARNING_RATE]
                            [--weight-decay WEIGHT_DECAY] [--seed SEED]
                            [--config CONFIG] [--resume RESUME]
                            [--init-checkpoint INIT_CHECKPOINT]
                            [--eval-every EVAL_EVERY]
                            [--save-every SAVE_EVERY]
                            [--max-tokens MAX_TOKENS]
                            [--perception-weight PERCEPTION_WEIGHT]
                            [--router-weight ROUTER_WEIGHT]
                            [--tool-loss-weight TOOL_LOSS_WEIGHT]
                            [--numeric-run-loss-weight NUMERIC_RUN_LOSS_WEIGHT]
                            [--native-voice-loss-weight NATIVE_VOICE_LOSS_WEIGHT]
                            [--freeze-perception-backbones]
                            [--sampling-mode {bucket,task-family}]
                            [--device DEVICE] [--threads THREADS]
                            [--export-inference]
train_local_stage.py: error: unrecognized arguments: --record /tmp/p5-local-stage-candidate-final/foreign-records-never-read.jsonl
