{
  "environment": {
    "python": "3.13.5 (main, Jul 15 2026, 20:25:40) [GCC 14.2.0]",
    "torch": "2.14.1+cpu",
    "platform": "Linux-6.18.44-x86_64-with-glibc2.41",
    "device": "cpu",
    "threads": "1"
  },
  "norm_outputs": {
    "ln": [
      [
        0.0,
        0.0,
        0.0
      ],
      [
        -1.2247356176376343,
        0.0,
        1.2247356176376343
      ]
    ],
    "rms": [
      [
        0.9999988079071045,
        0.9999988079071045,
        0.9999988079071045
      ],
      [
        0.4629095494747162,
        0.9258190989494324,
        1.3887286186218262
      ]
    ],
    "shifted_ln": [
      [
        0.0,
        0.0,
        0.0
      ],
      [
        -1.2247356176376343,
        0.0,
        1.2247356176376343
      ]
    ],
    "shifted_rms": [
      [
        0.9999999403953552,
        0.9999999403953552,
        0.9999999403953552
      ],
      [
        0.9145520329475403,
        0.9976931214332581,
        1.0808342695236206
      ]
    ],
    "means": [
      2.0,
      2.0
    ],
    "population_variances": [
      0.0,
      0.6666666865348816
    ],
    "epsilon_free_denominators": [
      0.816496580927726,
      2.160246899469287
    ],
    "eps": 1e-05,
    "no_parameter_update": true
  },
  "historical_measurement": {
    "device": "cuda",
    "gpu": "NVIDIA L4",
    "seed": 42,
    "torch": "2.14.1+cu126",
    "revision": "4ef6555710e9915179a4a69738cdfabe80c299cf",
    "rows": {
      "baseline": {
        "config": {
          "vocab_size": 264,
          "width": 64,
          "layers": 2,
          "heads": 4,
          "max_length": 128,
          "norm": "layer",
          "activation": "gelu",
          "rotary": false,
          "tied": false,
          "kv_heads": null,
          "backend": "manual",
          "experts": 0,
          "top_k": 2
        },
        "parameters": 141568,
        "normalization_modules": [
          "blocks.0.norm1",
          "blocks.0.norm2",
          "blocks.1.norm1",
          "blocks.1.norm2",
          "final_norm"
        ],
        "normalization_bias_parameters": 320,
        "training": {
          "requested_steps": 240,
          "steps": 240,
          "optimizer_updates": 240,
          "skipped_updates": 0,
          "effective_tokens": 452102,
          "batch_size": 16,
          "learning_rate": 0.003,
          "step_scale": 1.0,
          "warm_step_median_seconds": 0.013062208999999214
        },
        "heldout": {
          "validation": {
            "nll": 2.2633123061602047,
            "nll_sum": 88848.587890625,
            "effective_tokens": 39256,
            "examples": 334,
            "records": 51,
            "recalculated_nll": 2.2633123061602047,
            "rounded_nll": 2.26331,
            "illustrative_samples": 8,
            "generated_token_counts": [
              32,
              32,
              32,
              32,
              32,
              32,
              32,
              32
            ]
          },
          "test": {
            "nll": 2.291626949303932,
            "nll_sum": 96051.251953125,
            "effective_tokens": 41914,
            "examples": 352,
            "records": 52,
            "recalculated_nll": 2.291626949303932,
            "rounded_nll": 2.29163,
            "illustrative_samples": 8,
            "generated_token_counts": [
              32,
              32,
              32,
              32,
              32,
              32,
              32,
              32
            ]
          }
        },
        "warm_step_milliseconds": 13.062208999999214
      },
      "rmsnorm": {
        "config": {
          "vocab_size": 264,
          "width": 64,
          "layers": 2,
          "heads": 4,
          "max_length": 128,
          "norm": "rms",
          "activation": "gelu",
          "rotary": false,
          "tied": false,
          "kv_heads": null,
          "backend": "manual",
          "experts": 0,
          "top_k": 2
        },
        "parameters": 141248,
        "normalization_modules": [
          "blocks.0.norm1",
          "blocks.0.norm2",
          "blocks.1.norm1",
          "blocks.1.norm2",
          "final_norm"
        ],
        "normalization_bias_parameters": 0,
        "training": {
          "requested_steps": 240,
          "steps": 240,
          "optimizer_updates": 240,
          "skipped_updates": 0,
          "effective_tokens": 452102,
          "batch_size": 16,
          "learning_rate": 0.003,
          "step_scale": 1.0,
          "warm_step_median_seconds": 0.01395199199999908
        },
        "heldout": {
          "validation": {
            "nll": 2.2591252720523616,
            "nll_sum": 88684.2216796875,
            "effective_tokens": 39256,
            "examples": 334,
            "records": 51,
            "recalculated_nll": 2.2591252720523616,
            "rounded_nll": 2.25913,
            "illustrative_samples": 8,
            "generated_token_counts": [
              32,
              32,
              32,
              32,
              32,
              32,
              32,
              32
            ]
          },
          "test": {
            "nll": 2.2863146219509742,
            "nll_sum": 95828.59106445312,
            "effective_tokens": 41914,
            "examples": 352,
            "records": 52,
            "recalculated_nll": 2.2863146219509742,
            "rounded_nll": 2.28631,
            "illustrative_samples": 8,
            "generated_token_counts": [
              32,
              32,
              32,
              32,
              32,
              32,
              32,
              32
            ]
          }
        },
        "warm_step_milliseconds": 13.95199199999908
      }
    },
    "raw_sha256": "f14577a67074ea059361eb1da2fc43dd5d06966b813230bb8d29d9953a22ae9f",
    "read_json_pointers": [
      "/revision",
      "/device",
      "/seed",
      "/torch_version",
      "/python_version",
      "/gpu",
      "/code_sha256",
      "/results/runtime",
      "/results/dataset",
      "/results/variants/baseline/heldout/validation/nll",
      "/results/variants/baseline/heldout/validation/nll_sum",
      "/results/variants/baseline/heldout/validation/effective_tokens",
      "/results/variants/baseline/heldout/validation/examples",
      "/results/variants/baseline/heldout/validation/records",
      "/results/variants/baseline/heldout/validation/samples/0/generated_ids",
      "/results/variants/baseline/heldout/validation/samples/1/generated_ids",
      "/results/variants/baseline/heldout/validation/samples/2/generated_ids",
      "/results/variants/baseline/heldout/validation/samples/3/generated_ids",
      "/results/variants/baseline/heldout/validation/samples/4/generated_ids",
      "/results/variants/baseline/heldout/validation/samples/5/generated_ids",
      "/results/variants/baseline/heldout/validation/samples/6/generated_ids",
      "/results/variants/baseline/heldout/validation/samples/7/generated_ids",
      "/results/variants/baseline/heldout/test/nll",
      "/results/variants/baseline/heldout/test/nll_sum",
      "/results/variants/baseline/heldout/test/effective_tokens",
      "/results/variants/baseline/heldout/test/examples",
      "/results/variants/baseline/heldout/test/records",
      "/results/variants/baseline/heldout/test/samples/0/generated_ids",
      "/results/variants/baseline/heldout/test/samples/1/generated_ids",
      "/results/variants/baseline/heldout/test/samples/2/generated_ids",
      "/results/variants/baseline/heldout/test/samples/3/generated_ids",
      "/results/variants/baseline/heldout/test/samples/4/generated_ids",
      "/results/variants/baseline/heldout/test/samples/5/generated_ids",
      "/results/variants/baseline/heldout/test/samples/6/generated_ids",
      "/results/variants/baseline/heldout/test/samples/7/generated_ids",
      "/results/variants/baseline/model",
      "/results/variants/baseline/changes",
      "/results/variants/baseline/training/requested_steps",
      "/results/variants/baseline/training/steps",
      "/results/variants/baseline/training/optimizer_updates",
      "/results/variants/baseline/training/skipped_updates",
      "/results/variants/baseline/training/effective_tokens",
      "/results/variants/baseline/training/batch_size",
      "/results/variants/baseline/training/learning_rate",
      "/results/variants/baseline/training/step_scale",
      "/results/variants/baseline/training/warm_step_median_seconds",
      "/results/variants/rmsnorm/heldout/validation/nll",
      "/results/variants/rmsnorm/heldout/validation/nll_sum",
      "/results/variants/rmsnorm/heldout/validation/effective_tokens",
      "/results/variants/rmsnorm/heldout/validation/examples",
      "/results/variants/rmsnorm/heldout/validation/records",
      "/results/variants/rmsnorm/heldout/validation/samples/0/generated_ids",
      "/results/variants/rmsnorm/heldout/validation/samples/1/generated_ids",
      "/results/variants/rmsnorm/heldout/validation/samples/2/generated_ids",
      "/results/variants/rmsnorm/heldout/validation/samples/3/generated_ids",
      "/results/variants/rmsnorm/heldout/validation/samples/4/generated_ids",
      "/results/variants/rmsnorm/heldout/validation/samples/5/generated_ids",
      "/results/variants/rmsnorm/heldout/validation/samples/6/generated_ids",
      "/results/variants/rmsnorm/heldout/validation/samples/7/generated_ids",
      "/results/variants/rmsnorm/heldout/test/nll",
      "/results/variants/rmsnorm/heldout/test/nll_sum",
      "/results/variants/rmsnorm/heldout/test/effective_tokens",
      "/results/variants/rmsnorm/heldout/test/examples",
      "/results/variants/rmsnorm/heldout/test/records",
      "/results/variants/rmsnorm/heldout/test/samples/0/generated_ids",
      "/results/variants/rmsnorm/heldout/test/samples/1/generated_ids",
      "/results/variants/rmsnorm/heldout/test/samples/2/generated_ids",
      "/results/variants/rmsnorm/heldout/test/samples/3/generated_ids",
      "/results/variants/rmsnorm/heldout/test/samples/4/generated_ids",
      "/results/variants/rmsnorm/heldout/test/samples/5/generated_ids",
      "/results/variants/rmsnorm/heldout/test/samples/6/generated_ids",
      "/results/variants/rmsnorm/heldout/test/samples/7/generated_ids",
      "/results/variants/rmsnorm/model",
      "/results/variants/rmsnorm/changes",
      "/results/variants/rmsnorm/training/requested_steps",
      "/results/variants/rmsnorm/training/steps",
      "/results/variants/rmsnorm/training/optimizer_updates",
      "/results/variants/rmsnorm/training/skipped_updates",
      "/results/variants/rmsnorm/training/effective_tokens",
      "/results/variants/rmsnorm/training/batch_size",
      "/results/variants/rmsnorm/training/learning_rate",
      "/results/variants/rmsnorm/training/step_scale",
      "/results/variants/rmsnorm/training/warm_step_median_seconds"
    ],
    "verified_provenance": {
      "tiny_perceptron/model.py": "176e3a2c305f3ec509934abe41a1e8e48c5a76de8e9b0cea5c41eefd5a9adf69",
      "tiny_perceptron/modern.py": "02f6332a7676f98342ed3f168f5c178e466f7acb649bdd48554b87dc66caf24a",
      "scripts/course_experiments/common.py": "df08fb4d378170e930bb5deb50b97749c33e5d97d0fbd3ce77ba916b12b07206",
      "scripts/course_experiments/architecture.py@4ef6555710e9915179a4a69738cdfabe80c299cf": "1ad0b0789318236d5e1a8fc1117cb65758bbd6e3ad62dc2d646a111ae1ea37a3"
    },
    "rerun_training": false,
    "limitations": "Raw reported medians and token counts audited; underlying latency samples and full original corpus were not remeasured. Constructor and normalization checks are bounded CPU checks, not model training or evaluation."
  },
  "assertions": "all passed"
}
