Original fence follows:
選中的卡 0 更新前ratio 1.0
策略參數改變 True
評分員有梯度 False
輸入與選卡分數形狀 [1, 4] [1, 4]
固定參考有梯度 False
選中的卡 0 更新前ratio 1.0
策略參數改變 True
評分員有梯度 False
輸入與選卡分數形狀 [1, 4] [1, 4]
固定參考有梯度 False
選中的卡 0 更新前ratio 1.0
策略參數改變 True
評分員有梯度 False
輸入與選卡分數形狀 [1, 4] [1, 4]
固定參考有梯度 False
CPU checks: {
  "base": {
    "changes": {
      "policy": true,
      "critic": true,
      "reward": false,
      "reference": false
    },
    "action": 0,
    "context_shape": [
      1,
      4
    ],
    "logits_shape": [
      1,
      4
    ],
    "ratio_before": 1.0,
    "ratio_after": 0.9300719499588013,
    "fixed_record_requires_grad": {
      "old_log_probability": false,
      "reward": false,
      "advantage": false
    },
    "optimizer_parameter_ids": 8
  },
  "explain": {
    "changes": {
      "policy": true,
      "critic": true,
      "reward": false,
      "reference": false
    },
    "action": 0,
    "context_shape": [
      1,
      4
    ],
    "logits_shape": [
      1,
      4
    ],
    "ratio_before": 1.0,
    "ratio_after": 1.0097179412841797,
    "fixed_record_requires_grad": {
      "old_log_probability": false,
      "reward": false,
      "advantage": false
    },
    "optimizer_parameter_ids": 8
  },
  "counts": {
    "policy": 148,
    "reward": 241,
    "critic": 97
  },
  "label_smoothing": {
    "target": [
      0.85,
      0.05,
      0.05,
      0.05
    ],
    "smooth_loss": 1.4667025112751417,
    "explicit_soft_target_loss": 1.4667025112751413,
    "gradient": [
      [
        -0.6099006567975046,
        0.09562761302917956,
        0.4843509152013134,
        0.029922128567011794
      ]
    ],
    "tolerance": 1e-12
  },
  "data_contract": {
    "families": {
      "train": 44,
      "validation": 5,
      "test": 6
    },
    "contexts": {
      "train": 132,
      "validation": 15,
      "test": 18
    },
    "all_families": 55,
    "unique_train_preference_pairs": 660,
    "number_demonstrations": 44,
    "reserved_1_plus_2_family": {
      "train": false,
      "validation": false,
      "test": true
    },
    "example_number": {
      "features": [
        0.1,
        0.2,
        0.0,
        0.0
      ],
      "candidates": [
        "3",
        "1 \u52a0 2 \u662f 3\u3002",
        "4",
        "\u8acb\u518d\u63d0\u4f9b\u66f4\u591a\u8cc7\u8a0a\u3002"
      ],
      "expected_action": 0
    },
    "example_explain": {
      "features": [
        0.1,
        0.2,
        1.0,
        0.0
      ],
      "expected_action": 1
    }
  },
  "draw_arithmetic": {
    "reward_pair_draws": 19200,
    "ppo_sampled_actions": 7680,
    "policy_updates": 360,
    "critic_updates": 360,
    "reused_action_draws": 23040,
    "sft_draws": 1920,
    "effective_tokens": 0
  }
}
ENV: {"python": "3.13.5", "python_executable": "/workspace/tiny-perceptron-vlm/.venv/bin/python", "torch": "2.14.1+cpu", "torch_git_revision": "5c4886908584029761b579af026dcfb627c84070", "device": "cpu", "cuda_build": "None", "cuda_available": "False", "threads": "1"}
