{
  "raw_sha256": "95c8ee6c89b009a9646903c1bccaa6a0ace53786a608307d50ba7d9fb0a09172",
  "same_as_published_immutable_file": true,
  "provenance": {
    "device": "cpu",
    "seed": 42,
    "torch_version": "2.14.1+cpu",
    "python_version": "3.13.5",
    "elapsed_seconds": 2.1226681080000276,
    "revision": "8a881719bad40323bd697b6bf0910e51fb466064",
    "code_sha256": {
      "scripts/course_experiments/posttraining.py": "862dc12680fee8374679d52a1cc55a2dd325a7aebbf634668731fa7def08aa04",
      "tiny_perceptron/posttraining.py": "3d0e2ae3b29f95abebde9b10d0cd106639a131fab1b2c7a509e732ba8daf295b",
      "tiny_perceptron/alignment.py": "3e0c2203323c931214bfcd0f4390ad4c031caeed492e8b1c00e1dd096a861a79"
    }
  },
  "config": {
    "seed": 42,
    "cpu_threads": 2,
    "sft_steps": 60,
    "sft_batch_size": 32,
    "sft_learning_rate": 0.01,
    "sft_label_smoothing": 0.2,
    "reward_steps": 300,
    "reward_batch_size": 64,
    "reward_learning_rate": 0.01,
    "ppo_rollout_batches": 120,
    "ppo_rollout_size": 64,
    "ppo_epochs_per_rollout": 3,
    "ppo_learning_rate": 0.005,
    "value_learning_rate": 0.01,
    "ppo_clip_range": 0.2,
    "reference_kl_coefficient": 0.1,
    "dpo_steps": 360,
    "dpo_batch_size": 64,
    "dpo_learning_rate": 0.005,
    "dpo_beta": 0.1
  },
  "parameters": {
    "policy": 148,
    "reward_model": 241,
    "value_model": 97
  },
  "splits": {
    "train": {
      "families": [
        "pair:10:10",
        "pair:1:10",
        "pair:1:3",
        "pair:1:4",
        "pair:1:5",
        "pair:1:9",
        "pair:2:10",
        "pair:2:2",
        "pair:2:3",
        "pair:2:4",
        "pair:2:7",
        "pair:2:9",
        "pair:3:10",
        "pair:3:3",
        "pair:3:4",
        "pair:3:5",
        "pair:3:6",
        "pair:3:7",
        "pair:3:8",
        "pair:3:9",
        "pair:4:10",
        "pair:4:4",
        "pair:4:5",
        "pair:4:6",
        "pair:4:7",
        "pair:4:8",
        "pair:4:9",
        "pair:5:10",
        "pair:5:5",
        "pair:5:6",
        "pair:5:7",
        "pair:5:8",
        "pair:5:9",
        "pair:6:6",
        "pair:6:7",
        "pair:6:9",
        "pair:7:10",
        "pair:7:7",
        "pair:7:9",
        "pair:8:10",
        "pair:8:8",
        "pair:8:9",
        "pair:9:10",
        "pair:9:9"
      ],
      "contexts": 132,
      "preference_pairs": 660,
      "sha256": "f4f90f2101a4195a6a5dff29823547f5a360b092c7eede17b88618c6ae60eeb3"
    },
    "validation": {
      "families": [
        "pair:1:6",
        "pair:1:8",
        "pair:2:5",
        "pair:2:6",
        "pair:6:8"
      ],
      "contexts": 15,
      "preference_pairs": 75,
      "sha256": "9e93f2ba03e13bf7c7c4e80101ca1dbcf972aac3a1475738cecd961b53916047"
    },
    "test": {
      "families": [
        "pair:1:1",
        "pair:1:2",
        "pair:1:7",
        "pair:2:8",
        "pair:6:10",
        "pair:7:8"
      ],
      "contexts": 18,
      "preference_pairs": 90,
      "sha256": "929c5e514ae920d0f7cd69c60eb68042fd254ba884f32db0f04fee7969ada511"
    }
  },
  "sft": {
    "demonstrations": 44,
    "processed_demonstration_draws": 1920,
    "seconds": 0.060267214000020886,
    "history": [
      {
        "step": 1,
        "loss_before_update": 1.6761943101882935
      },
      {
        "step": 60,
        "loss_before_update": 0.5889536738395691
      }
    ]
  },
  "reward": {
    "unique_training_pairs": 660,
    "processed_pair_draws": 19200,
    "seconds": 0.2704430690000095,
    "history": [
      {
        "step": 1,
        "loss_before_update": 0.7149028182029724
      },
      {
        "step": 50,
        "loss_before_update": 0.18235398828983307
      },
      {
        "step": 100,
        "loss_before_update": 0.041638609021902084
      },
      {
        "step": 150,
        "loss_before_update": 0.014995940960943699
      },
      {
        "step": 200,
        "loss_before_update": 0.005779983941465616
      },
      {
        "step": 250,
        "loss_before_update": 0.004251447971910238
      },
      {
        "step": 300,
        "loss_before_update": 0.002964543644338846
      }
    ]
  },
  "ppo": {
    "policy_updates": 360,
    "value_updates": 360,
    "sampled_actions": 7680,
    "reused_action_draws": 23040,
    "seconds": 0.6570014490000062,
    "history": [
      {
        "rollout_batch": 1,
        "policy_updates": 3,
        "sampled_reward_mean": 0.4916679859161377,
        "sampled_advantage_mean": 0.5645027160644531,
        "last_epoch_policy_surrogate_loss_before_update": -0.5937119722366333,
        "last_epoch_exact_reference_kl_before_update": 0.004049516748636961,
        "last_epoch_ratio_outside_clip_interval_fraction": 0.078125,
        "last_epoch_value_mse_before_update": 0.4428712725639343
      },
      {
        "rollout_batch": 20,
        "policy_updates": 60,
        "sampled_reward_mean": 0.6239384412765503,
        "sampled_advantage_mean": 0.0011029834859073162,
        "last_epoch_policy_surrogate_loss_before_update": -0.0011485065333545208,
        "last_epoch_exact_reference_kl_before_update": 0.13985224068164825,
        "last_epoch_ratio_outside_clip_interval_fraction": 0.0,
        "last_epoch_value_mse_before_update": 0.0015293376054614782
      },
      {
        "rollout_batch": 40,
        "policy_updates": 120,
        "sampled_reward_mean": 0.7781111598014832,
        "sampled_advantage_mean": -0.011713758111000061,
        "last_epoch_policy_surrogate_loss_before_update": 0.009353767149150372,
        "last_epoch_exact_reference_kl_before_update": 0.11659388244152069,
        "last_epoch_ratio_outside_clip_interval_fraction": 0.015625,
        "last_epoch_value_mse_before_update": 0.02583685889840126
      },
      {
        "rollout_batch": 60,
        "policy_updates": 180,
        "sampled_reward_mean": 0.9605374932289124,
        "sampled_advantage_mean": -0.017419107258319855,
        "last_epoch_policy_surrogate_loss_before_update": 0.01743568293750286,
        "last_epoch_exact_reference_kl_before_update": 0.8030418157577515,
        "last_epoch_ratio_outside_clip_interval_fraction": 0.0,
        "last_epoch_value_mse_before_update": 0.0011966342572122812
      },
      {
        "rollout_batch": 80,
        "policy_updates": 240,
        "sampled_reward_mean": 0.8624033331871033,
        "sampled_advantage_mean": -0.07803225517272949,
        "last_epoch_policy_surrogate_loss_before_update": 0.07532306760549545,
        "last_epoch_exact_reference_kl_before_update": 1.0876550674438477,
        "last_epoch_ratio_outside_clip_interval_fraction": 0.0,
        "last_epoch_value_mse_before_update": 0.03346559405326843
      },
      {
        "rollout_batch": 100,
        "policy_updates": 300,
        "sampled_reward_mean": 1.0146329402923584,
        "sampled_advantage_mean": 0.02199268527328968,
        "last_epoch_policy_surrogate_loss_before_update": -0.021988151594996452,
        "last_epoch_exact_reference_kl_before_update": 1.0893083810806274,
        "last_epoch_ratio_outside_clip_interval_fraction": 0.0,
        "last_epoch_value_mse_before_update": 0.00031484838109463453
      },
      {
        "rollout_batch": 120,
        "policy_updates": 360,
        "sampled_reward_mean": 0.9749749898910522,
        "sampled_advantage_mean": -0.025606583803892136,
        "last_epoch_policy_surrogate_loss_before_update": 0.024200478568673134,
        "last_epoch_exact_reference_kl_before_update": 0.975569486618042,
        "last_epoch_ratio_outside_clip_interval_fraction": 0.0,
        "last_epoch_value_mse_before_update": 0.02221178263425827
      }
    ]
  },
  "effective_tokens": 0,
  "schedule_completed": true,
  "test_success": {
    "sft": {
      "recomputed_numerator": 6,
      "denominator": 18,
      "by_mode": {
        "number": [
          6,
          6
        ],
        "explain": [
          0,
          6
        ],
        "missing": [
          0,
          6
        ]
      },
      "aggregate": {
        "numerator": 6,
        "denominator": 18,
        "rate": 0.3333333432674408
      },
      "raw_sample_fields": [
        {
          "index": 0,
          "family": "pair:1:1",
          "mode": "number",
          "expected_action": 0,
          "chosen_action": 0,
          "success": true
        },
        {
          "index": 1,
          "family": "pair:1:1",
          "mode": "explain",
          "expected_action": 1,
          "chosen_action": 0,
          "success": false
        },
        {
          "index": 2,
          "family": "pair:1:1",
          "mode": "missing",
          "expected_action": 3,
          "chosen_action": 0,
          "success": false
        },
        {
          "index": 3,
          "family": "pair:1:2",
          "mode": "number",
          "expected_action": 0,
          "chosen_action": 0,
          "success": true
        },
        {
          "index": 4,
          "family": "pair:1:2",
          "mode": "explain",
          "expected_action": 1,
          "chosen_action": 0,
          "success": false
        },
        {
          "index": 5,
          "family": "pair:1:2",
          "mode": "missing",
          "expected_action": 3,
          "chosen_action": 0,
          "success": false
        },
        {
          "index": 6,
          "family": "pair:1:7",
          "mode": "number",
          "expected_action": 0,
          "chosen_action": 0,
          "success": true
        },
        {
          "index": 7,
          "family": "pair:1:7",
          "mode": "explain",
          "expected_action": 1,
          "chosen_action": 0,
          "success": false
        },
        {
          "index": 8,
          "family": "pair:1:7",
          "mode": "missing",
          "expected_action": 3,
          "chosen_action": 0,
          "success": false
        },
        {
          "index": 9,
          "family": "pair:2:8",
          "mode": "number",
          "expected_action": 0,
          "chosen_action": 0,
          "success": true
        },
        {
          "index": 10,
          "family": "pair:2:8",
          "mode": "explain",
          "expected_action": 1,
          "chosen_action": 0,
          "success": false
        },
        {
          "index": 11,
          "family": "pair:2:8",
          "mode": "missing",
          "expected_action": 3,
          "chosen_action": 0,
          "success": false
        },
        {
          "index": 12,
          "family": "pair:6:10",
          "mode": "number",
          "expected_action": 0,
          "chosen_action": 0,
          "success": true
        },
        {
          "index": 13,
          "family": "pair:6:10",
          "mode": "explain",
          "expected_action": 1,
          "chosen_action": 0,
          "success": false
        },
        {
          "index": 14,
          "family": "pair:6:10",
          "mode": "missing",
          "expected_action": 3,
          "chosen_action": 0,
          "success": false
        },
        {
          "index": 15,
          "family": "pair:7:8",
          "mode": "number",
          "expected_action": 0,
          "chosen_action": 0,
          "success": true
        },
        {
          "index": 16,
          "family": "pair:7:8",
          "mode": "explain",
          "expected_action": 1,
          "chosen_action": 0,
          "success": false
        },
        {
          "index": 17,
          "family": "pair:7:8",
          "mode": "missing",
          "expected_action": 3,
          "chosen_action": 0,
          "success": false
        }
      ]
    },
    "ppo": {
      "recomputed_numerator": 12,
      "denominator": 18,
      "by_mode": {
        "number": [
          6,
          6
        ],
        "explain": [
          0,
          6
        ],
        "missing": [
          6,
          6
        ]
      },
      "aggregate": {
        "numerator": 12,
        "denominator": 18,
        "rate": 0.6666666865348816
      },
      "raw_sample_fields": [
        {
          "index": 0,
          "family": "pair:1:1",
          "mode": "number",
          "expected_action": 0,
          "chosen_action": 0,
          "success": true
        },
        {
          "index": 1,
          "family": "pair:1:1",
          "mode": "explain",
          "expected_action": 1,
          "chosen_action": 0,
          "success": false
        },
        {
          "index": 2,
          "family": "pair:1:1",
          "mode": "missing",
          "expected_action": 3,
          "chosen_action": 3,
          "success": true
        },
        {
          "index": 3,
          "family": "pair:1:2",
          "mode": "number",
          "expected_action": 0,
          "chosen_action": 0,
          "success": true
        },
        {
          "index": 4,
          "family": "pair:1:2",
          "mode": "explain",
          "expected_action": 1,
          "chosen_action": 0,
          "success": false
        },
        {
          "index": 5,
          "family": "pair:1:2",
          "mode": "missing",
          "expected_action": 3,
          "chosen_action": 3,
          "success": true
        },
        {
          "index": 6,
          "family": "pair:1:7",
          "mode": "number",
          "expected_action": 0,
          "chosen_action": 0,
          "success": true
        },
        {
          "index": 7,
          "family": "pair:1:7",
          "mode": "explain",
          "expected_action": 1,
          "chosen_action": 0,
          "success": false
        },
        {
          "index": 8,
          "family": "pair:1:7",
          "mode": "missing",
          "expected_action": 3,
          "chosen_action": 3,
          "success": true
        },
        {
          "index": 9,
          "family": "pair:2:8",
          "mode": "number",
          "expected_action": 0,
          "chosen_action": 0,
          "success": true
        },
        {
          "index": 10,
          "family": "pair:2:8",
          "mode": "explain",
          "expected_action": 1,
          "chosen_action": 0,
          "success": false
        },
        {
          "index": 11,
          "family": "pair:2:8",
          "mode": "missing",
          "expected_action": 3,
          "chosen_action": 3,
          "success": true
        },
        {
          "index": 12,
          "family": "pair:6:10",
          "mode": "number",
          "expected_action": 0,
          "chosen_action": 0,
          "success": true
        },
        {
          "index": 13,
          "family": "pair:6:10",
          "mode": "explain",
          "expected_action": 1,
          "chosen_action": 0,
          "success": false
        },
        {
          "index": 14,
          "family": "pair:6:10",
          "mode": "missing",
          "expected_action": 3,
          "chosen_action": 3,
          "success": true
        },
        {
          "index": 15,
          "family": "pair:7:8",
          "mode": "number",
          "expected_action": 0,
          "chosen_action": 0,
          "success": true
        },
        {
          "index": 16,
          "family": "pair:7:8",
          "mode": "explain",
          "expected_action": 1,
          "chosen_action": 0,
          "success": false
        },
        {
          "index": 17,
          "family": "pair:7:8",
          "mode": "missing",
          "expected_action": 3,
          "chosen_action": 3,
          "success": true
        }
      ]
    }
  },
  "first_rollout": {
    "epochs": 3,
    "samples_per_epoch": [
      64,
      64,
      64
    ],
    "max_advantage_error": 5.960464477539063e-08,
    "max_ratio_error": 6.083949521951126e-08,
    "fixed_old_records": true
  },
  "rounding": {
    "total_seconds_2dp": 2.12,
    "ppo_seconds_2dp": 0.66
  }
}
PASS: raw measurement consistency only; no training or checkpoint inference was run.
