{
  "experiment_dispatch": {
    "id": "posttraining",
    "module": "posttraining",
    "function": "run_posttraining",
    "assets": []
  },
  "early_contract_rejections": [
    "這個數百參數教學實驗固定使用 CPU",
    "固定教學證據不提供縮短步數的結果"
  ],
  "help_exit_code": 0,
  "whole_recipe_executed": false,
  "bounded_substitute": "original section fence one collect/update plus feature variant; full training and checkpoint evaluation not run",
  "read_implementation": [
    "scripts/course_experiments/run.py:17-23,58-123,166-198",
    "scripts/course_experiments/posttraining.py:256-389,414-451"
  ],
  "dpo_branch_present": true
}
