{
  "environment": {
    "python": "3.13.5",
    "torch": "2.14.1+cpu",
    "torch_git_version": "5c4886908584029761b579af026dcfb627c84070",
    "device": "cpu",
    "cuda_available": "False",
    "cuda_build": "None",
    "threads": "1"
  },
  "original_result_sha256": "9b08fb8ad9007160cb5ad4448e924ce1df81c9edab92487035dc71ea71a41fb7",
  "glyph_matrices": {
    "0": [
      [
        1,
        1,
        1
      ],
      [
        1,
        0,
        1
      ],
      [
        1,
        0,
        1
      ],
      [
        1,
        0,
        1
      ],
      [
        1,
        1,
        1
      ]
    ],
    "1": [
      [
        0,
        1,
        0
      ],
      [
        1,
        1,
        0
      ],
      [
        0,
        1,
        0
      ],
      [
        0,
        1,
        0
      ],
      [
        1,
        1,
        1
      ]
    ]
  },
  "glyph_white_counts": {
    "0": 12,
    "1": 8
  },
  "exercise": {
    "label": "1",
    "changed_pixel_yx": [
      [
        0,
        0
      ]
    ],
    "white_count_before": 8,
    "white_count_after": 9
  },
  "rgb_entry": {
    "pixel_entries_before": 15,
    "pixel_entries_rgb": 768,
    "shape": [
      3,
      16,
      16
    ],
    "features_shape": [
      1,
      16,
      8
    ],
    "reshape_rejection": "shape '[3, 16, 16]' is invalid for input of size 15",
    "encoder_rejection": "先把圖片轉成這個 encoder 配置的 RGB 高寬"
  },
  "bounded_gradient": {
    "given_target": 1,
    "argmax_class": 0,
    "loss": 3.0485873222351074,
    "gradient": [
      [
        0.9525741338729858,
        -0.9525741338729858
      ]
    ],
    "values_unchanged": true,
    "optimizer_steps": 0
  },
  "classification_vs_generation": {
    "class_0_equals_target_0": true,
    "string_00_equals_target_0": false
  },
  "historical_experiment": {
    "revision": "22a0bb1b870e4df4af76630243ef55b7ca27840c",
    "device": "cuda",
    "torch": "2.14.1+cu126",
    "python": "3.13.3",
    "seed": 42,
    "config": {
      "vocab_size": 264,
      "width": 64,
      "layers": 2,
      "heads": 1,
      "max_length": 128,
      "norm": "layer",
      "activation": "gelu",
      "rotary": false,
      "tied": false,
      "kv_heads": null,
      "backend": "manual",
      "experts": 0,
      "top_k": 2
    },
    "modal_config": {
      "vision_width": 16,
      "audio_width": 16,
      "image_size": 16,
      "patch_size": 4,
      "bands": 16
    },
    "split_counts": {
      "train": {
        "samples": 240,
        "families": 80,
        "offsets": [
          -1,
          0,
          1
        ],
        "records_sha256": "a26b2f0555a8c13827365b9897578946023127ae64cf6d593fa6746aebe4e073"
      },
      "validation": {
        "samples": 30,
        "families": 10,
        "offsets": [
          -1,
          0,
          1
        ],
        "records_sha256": "b26d43b8b00e9e9987302f89272a7758f40394c893ac76f74b3d244851ffda78"
      },
      "test": {
        "samples": 30,
        "families": 10,
        "offsets": [
          -1,
          0,
          1
        ],
        "records_sha256": "82bffb25d55a81ba062b82a0ce1f345a1785689bb01eb89c885cba9ee3dd31c9"
      }
    },
    "test_samples": 30,
    "test_distinct_digit_strings": 10,
    "test_raw_token_exact": 2,
    "test_exact_match": 0.06666666666666667,
    "initial_fixed_probe_loss": 9.281709671020508,
    "final_fixed_probe_loss": 0.8092095255851746,
    "optimizer_steps": 500,
    "effective_targets_including_eos": 11584,
    "matching_code_hashes": {
      "scripts/course_experiments/modalities.py": {
        "sha256": "275ef1a5a7d5f25a7a1c30dfa5a22bc52c5349f83f62488335a06a5739c2bfeb",
        "matches_reported_historical_code": true
      },
      "tiny_perceptron/multimodal.py": {
        "sha256": "298b165e3cdb56fdf5ce42e6e17eaf3d005b4954eb867fc5b9889eb3a3adf340",
        "matches_reported_historical_code": true
      },
      "tiny_perceptron/data.py": {
        "sha256": "6b40ba4bccc4a1ce169a90df8ce71f40e7c9e33e3d7633a36fdd8348d9536321",
        "matches_reported_historical_code": true
      }
    },
    "generator_sha256_at_reported_revision": "aedf003ab14cf292bd0f75c4f8e68ca6785a093c8d3d54ef520e46a5041548e9",
    "font": "fixed 5x7 GLYPHS, same glyph lookup for all splits",
    "scope": "Recalculated existing result measurements and raw-token scoring; no model checkpoint loaded, trained, re-evaluated or saved. No alternate font or handwriting in the original generator."
  },
  "scope": "Original fence data and SVG pixels, one-pixel font variant, bounded RGB/shape forward and one supplied-label gradient calculation; no learned OCR accuracy claim from new CPU checks."
}
