2026-10-06T14:34:59.7320809Z Current runner version: '2.337.0'
2026-10-06T14:34:59.7345873Z ##[group]Runner Image Provisioner
2026-10-06T14:34:59.7346738Z Hosted Compute Agent
2026-10-06T14:34:59.7347318Z Version: 20260901.588
2026-10-06T14:34:59.7348030Z Commit: f88ec8081b781fac6c440065ac7ff9e710ce3d0b
2026-10-06T14:34:59.7348799Z Build Date: 2026-09-01T19:56:44Z
2026-10-06T14:34:59.7349582Z Worker ID: {371098ed-2589-4242-a6bd-ecbe1e191213}
2026-10-06T14:34:59.7350315Z Azure Region: northcentralus
2026-10-06T14:34:59.7350915Z ##[endgroup]
2026-10-06T14:34:59.7352739Z ##[group]Operating System
2026-10-06T14:34:59.7353439Z Ubuntu
2026-10-06T14:34:59.7354036Z 24.04.5
2026-10-06T14:34:59.7354571Z LTS
2026-10-06T14:34:59.7355080Z ##[endgroup]
2026-10-06T14:34:59.7355679Z ##[group]Runner Image
2026-10-06T14:34:59.7356300Z Image: ubuntu-24.04
2026-10-06T14:34:59.7356927Z Version: 20260927.320.1
2026-10-06T14:34:59.7358226Z Included Software: https://github.com/actions/runner-images/blob/ubuntu24/20260927.320/images/ubuntu/Ubuntu2404-Readme.md
2026-10-06T14:34:59.7359844Z Image Release: https://github.com/actions/runner-images/releases/tag/ubuntu24%2F20260927.320
2026-10-06T14:34:59.7360865Z ##[endgroup]
2026-10-06T14:34:59.7362036Z ##[group]GITHUB_TOKEN Permissions
2026-10-06T14:34:59.7364181Z Contents: read
2026-10-06T14:34:59.7364880Z Metadata: read
2026-10-06T14:34:59.7365501Z ##[endgroup]
2026-10-06T14:34:59.7367604Z Secret source: Actions
2026-10-06T14:34:59.7368635Z Cache mode: write
2026-10-06T14:34:59.7369377Z Prepare workflow directory
2026-10-06T14:34:59.7718902Z Prepare all required actions
2026-10-06T14:34:59.7768014Z Getting action download info
2026-10-06T14:35:00.1044927Z Download action repository 'actions/checkout@v7' (SHA:3d3c42e5aac5ba805825da76410c181273ba90b1)
2026-10-06T14:35:00.2196835Z Download action repository 'astral-sh/setup-uv@v10.2.0' (SHA:c18668ad3cf93ea998bef934396af7bb5c839dc7)
2026-10-06T14:35:00.7015601Z Download action repository 'actions/upload-pages-artifact@v5' (SHA:fc324d3547104276b827a68afc52ff2a11cc49c9)
2026-10-06T14:35:00.9523010Z Getting action download info
2026-10-06T14:35:01.0620304Z Download action repository 'actions/upload-artifact@bbbca2ddaa5d8feaa63e36b76fdaad77386f024f' (SHA:bbbca2ddaa5d8feaa63e36b76fdaad77386f024f)
2026-10-06T14:35:01.1780835Z Complete job name: build
2026-10-06T14:35:01.2700891Z ##[group]Run actions/checkout@v7
2026-10-06T14:35:01.2702047Z with:
2026-10-06T14:35:01.2703099Z   repository: birdhackor/tiny-perceptron-vlm
2026-10-06T14:35:01.2711669Z   token: ***
2026-10-06T14:35:01.2712515Z   ssh-strict: true
2026-10-06T14:35:01.2713237Z   ssh-user: git
2026-10-06T14:35:01.2713876Z   persist-credentials: true
2026-10-06T14:35:01.2714620Z   clean: true
2026-10-06T14:35:01.2715279Z   sparse-checkout-cone-mode: true
2026-10-06T14:35:01.2716114Z   fetch-depth: 1
2026-10-06T14:35:01.2716778Z   fetch-tags: false
2026-10-06T14:35:01.2717423Z   show-progress: true
2026-10-06T14:35:01.2718037Z   lfs: false
2026-10-06T14:35:01.2718678Z   submodules: false
2026-10-06T14:35:01.2719389Z   set-safe-directory: true
2026-10-06T14:35:01.2720214Z   allow-unsafe-pr-checkout: false
2026-10-06T14:35:01.2721330Z ##[endgroup]
2026-10-06T14:35:01.3808826Z Syncing repository: birdhackor/tiny-perceptron-vlm
2026-10-06T14:35:01.3811128Z ##[group]Getting Git version info
2026-10-06T14:35:01.3812877Z Working directory is '/home/runner/work/tiny-perceptron-vlm/tiny-perceptron-vlm'
2026-10-06T14:35:01.3814665Z [command]/usr/bin/git version
2026-10-06T14:35:01.3880806Z git version 2.55.0
2026-10-06T14:35:01.3903117Z ##[endgroup]
2026-10-06T14:35:01.3915522Z Temporarily overriding HOME='/home/runner/work/_temp/2d85309a-112b-4435-ae47-739f2b2962d6' before making global git config changes
2026-10-06T14:35:01.3920728Z Adding repository directory to the temporary git global config as a safe directory
2026-10-06T14:35:01.3923536Z [command]/usr/bin/git config --global --add safe.directory /home/runner/work/tiny-perceptron-vlm/tiny-perceptron-vlm
2026-10-06T14:35:01.3973358Z Deleting the contents of '/home/runner/work/tiny-perceptron-vlm/tiny-perceptron-vlm'
2026-10-06T14:35:01.3977119Z ##[group]Determining repository object format
2026-10-06T14:35:01.3979286Z ##[endgroup]
2026-10-06T14:35:01.3980921Z ##[group]Initializing the repository
2026-10-06T14:35:01.3984566Z [command]/usr/bin/git init /home/runner/work/tiny-perceptron-vlm/tiny-perceptron-vlm
2026-10-06T14:35:01.4102934Z hint: Using 'master' as the name for the initial branch. This default branch name
2026-10-06T14:35:01.4105491Z hint: will change to "main" in Git 3.0. To configure the initial branch name
2026-10-06T14:35:01.4107960Z hint: to use in all of your new repositories, which will suppress this warning,
2026-10-06T14:35:01.4110079Z hint: call:
2026-10-06T14:35:01.4110946Z hint:
2026-10-06T14:35:01.4112412Z hint: 	git config --global init.defaultBranch <name>
2026-10-06T14:35:01.4114085Z hint:
2026-10-06T14:35:01.4115509Z hint: Names commonly chosen instead of 'master' are 'main', 'trunk' and
2026-10-06T14:35:01.4117909Z hint: 'development'. The just-created branch can be renamed via this command:
2026-10-06T14:35:01.4119127Z hint:
2026-10-06T14:35:01.4119627Z hint: 	git branch -m <name>
2026-10-06T14:35:01.4120241Z hint:
2026-10-06T14:35:01.4121133Z hint: Disable this message with "git config set advice.defaultBranchName false"
2026-10-06T14:35:01.4123608Z Initialized empty Git repository in /home/runner/work/tiny-perceptron-vlm/tiny-perceptron-vlm/.git/
2026-10-06T14:35:01.4126528Z [command]/usr/bin/git remote add origin https://github.com/birdhackor/tiny-perceptron-vlm
2026-10-06T14:35:01.4176283Z ##[endgroup]
2026-10-06T14:35:01.4177259Z ##[group]Disabling automatic garbage collection
2026-10-06T14:35:01.4179151Z [command]/usr/bin/git config --local gc.auto 0
2026-10-06T14:35:01.4209870Z ##[endgroup]
2026-10-06T14:35:01.4211275Z ##[group]Setting up auth
2026-10-06T14:35:01.4212527Z Removing SSH command configuration
2026-10-06T14:35:01.4216203Z [command]/usr/bin/git config --local --name-only --get-regexp core\.sshCommand
2026-10-06T14:35:01.4249590Z [command]/usr/bin/git submodule foreach --recursive sh -c "git config --local --name-only --get-regexp 'core\.sshCommand' && git config --local --unset-all 'core.sshCommand' || :"
2026-10-06T14:35:01.4598236Z Removing HTTP extra header
2026-10-06T14:35:01.4604517Z [command]/usr/bin/git config --local --name-only --get-regexp http\.https\:\/\/github\.com\/\.extraheader
2026-10-06T14:35:01.4637621Z [command]/usr/bin/git submodule foreach --recursive sh -c "git config --local --name-only --get-regexp 'http\.https\:\/\/github\.com\/\.extraheader' && git config --local --unset-all 'http.https://github.com/.extraheader' || :"
2026-10-06T14:35:01.4849749Z Removing includeIf entries pointing to credentials config files
2026-10-06T14:35:01.4855229Z [command]/usr/bin/git config --local --name-only --get-regexp ^includeIf\.gitdir:
2026-10-06T14:35:01.4888922Z [command]/usr/bin/git submodule foreach --recursive git config --local --show-origin --name-only --get-regexp remote.origin.url
2026-10-06T14:35:01.5117762Z [command]/usr/bin/git config --file /home/runner/work/_temp/git-credentials-99f45d62-0a56-4291-bf4f-61b6961f7e93.config http.https://github.com/.extraheader AUTHORIZATION: basic ***
2026-10-06T14:35:01.5158472Z [command]/usr/bin/git config --local includeIf.gitdir:/home/runner/work/tiny-perceptron-vlm/tiny-perceptron-vlm/.git.path /home/runner/work/_temp/git-credentials-99f45d62-0a56-4291-bf4f-61b6961f7e93.config
2026-10-06T14:35:01.5190525Z [command]/usr/bin/git config --local includeIf.gitdir:/home/runner/work/tiny-perceptron-vlm/tiny-perceptron-vlm/.git/worktrees/*.path /home/runner/work/_temp/git-credentials-99f45d62-0a56-4291-bf4f-61b6961f7e93.config
2026-10-06T14:35:01.5225366Z [command]/usr/bin/git config --local includeIf.gitdir:/github/workspace/.git.path /github/runner_temp/git-credentials-99f45d62-0a56-4291-bf4f-61b6961f7e93.config
2026-10-06T14:35:01.5257730Z [command]/usr/bin/git config --local includeIf.gitdir:/github/workspace/.git/worktrees/*.path /github/runner_temp/git-credentials-99f45d62-0a56-4291-bf4f-61b6961f7e93.config
2026-10-06T14:35:01.5285703Z ##[endgroup]
2026-10-06T14:35:01.5286610Z ##[group]Fetching the repository
2026-10-06T14:35:01.5293081Z [command]/usr/bin/git -c protocol.version=2 fetch --no-tags --prune --no-recurse-submodules --depth=1 origin +77d0589887847777d85aebdbc5b74351f12237b0:refs/remotes/origin/main
2026-10-06T14:39:56.7351339Z From https://github.com/birdhackor/tiny-perceptron-vlm
2026-10-06T14:39:56.7352837Z  * [new ref]           77d0589887847777d85aebdbc5b74351f12237b0 -> origin/main
2026-10-06T14:39:56.7361578Z [command]/usr/bin/git branch --list --remote origin/main
2026-10-06T14:39:56.7386092Z   origin/main
2026-10-06T14:39:56.7394640Z [command]/usr/bin/git rev-parse refs/remotes/origin/main
2026-10-06T14:39:56.7416105Z 77d0589887847777d85aebdbc5b74351f12237b0
2026-10-06T14:39:56.7420047Z ##[endgroup]
2026-10-06T14:39:56.7420428Z ##[group]Determining the checkout info
2026-10-06T14:39:56.7421144Z ##[endgroup]
2026-10-06T14:39:56.7425832Z [command]/usr/bin/git sparse-checkout disable
2026-10-06T14:39:56.7479734Z [command]/usr/bin/git config --local --unset-all extensions.worktreeConfig
2026-10-06T14:39:56.7507244Z ##[group]Checking out the ref
2026-10-06T14:39:56.7513205Z [command]/usr/bin/git checkout --progress --force -B main refs/remotes/origin/main
2026-10-06T14:39:57.8650278Z Updating files:  11% (5241/45419)
2026-10-06T14:39:57.9369763Z Updating files:  12% (5451/45419)
2026-10-06T14:39:58.0259061Z Updating files:  13% (5905/45419)
2026-10-06T14:39:58.0834635Z Updating files:  14% (6359/45419)
2026-10-06T14:39:58.1450750Z Updating files:  15% (6813/45419)
2026-10-06T14:39:58.2366386Z Updating files:  16% (7268/45419)
2026-10-06T14:39:58.2841452Z Updating files:  17% (7722/45419)
2026-10-06T14:39:58.3459722Z Updating files:  18% (8176/45419)
2026-10-06T14:39:58.4038916Z Updating files:  19% (8630/45419)
2026-10-06T14:39:58.4480700Z Updating files:  20% (9084/45419)
2026-10-06T14:39:58.4949075Z Updating files:  21% (9538/45419)
2026-10-06T14:39:58.5434530Z Updating files:  22% (9993/45419)
2026-10-06T14:39:58.5857467Z Updating files:  23% (10447/45419)
2026-10-06T14:39:58.6191615Z Updating files:  24% (10901/45419)
2026-10-06T14:39:58.6558642Z Updating files:  25% (11355/45419)
2026-10-06T14:39:58.6841849Z Updating files:  26% (11809/45419)
2026-10-06T14:39:58.7301109Z Updating files:  27% (12264/45419)
2026-10-06T14:39:58.7973423Z Updating files:  28% (12718/45419)
2026-10-06T14:39:58.9987931Z Updating files:  28% (12865/45419)
2026-10-06T14:39:59.1877158Z Updating files:  29% (13172/45419)
2026-10-06T14:39:59.4604613Z Updating files:  30% (13626/45419)
2026-10-06T14:39:59.7201530Z Updating files:  31% (14080/45419)
2026-10-06T14:39:59.7952238Z Updating files:  32% (14535/45419)
2026-10-06T14:39:59.9364646Z Updating files:  32% (14715/45419)
2026-10-06T14:40:00.2523999Z Updating files:  33% (14989/45419)
2026-10-06T14:40:00.2871251Z Updating files:  34% (15443/45419)
2026-10-06T14:40:00.3289138Z Updating files:  35% (15897/45419)
2026-10-06T14:40:00.3658894Z Updating files:  36% (16351/45419)
2026-10-06T14:40:00.4334049Z Updating files:  37% (16806/45419)
2026-10-06T14:40:00.4853125Z Updating files:  38% (17260/45419)
2026-10-06T14:40:00.5258849Z Updating files:  39% (17714/45419)
2026-10-06T14:40:00.6413216Z Updating files:  40% (18168/45419)
2026-10-06T14:40:00.6777319Z Updating files:  41% (18622/45419)
2026-10-06T14:40:00.7074992Z Updating files:  42% (19076/45419)
2026-10-06T14:40:00.7363382Z Updating files:  43% (19531/45419)
2026-10-06T14:40:00.7685721Z Updating files:  44% (19985/45419)
2026-10-06T14:40:00.7937630Z Updating files:  45% (20439/45419)
2026-10-06T14:40:00.8093551Z Updating files:  45% (20753/45419)
2026-10-06T14:40:00.8412427Z Updating files:  46% (20893/45419)
2026-10-06T14:40:00.8716224Z Updating files:  47% (21347/45419)
2026-10-06T14:40:00.9010155Z Updating files:  48% (21802/45419)
2026-10-06T14:40:00.9386242Z Updating files:  49% (22256/45419)
2026-10-06T14:40:00.9826125Z Updating files:  50% (22710/45419)
2026-10-06T14:40:01.1927050Z Updating files:  51% (23164/45419)
2026-10-06T14:40:01.2967664Z Updating files:  52% (23618/45419)
2026-10-06T14:40:01.4503021Z Updating files:  53% (24073/45419)
2026-10-06T14:40:01.5805054Z Updating files:  54% (24527/45419)
2026-10-06T14:40:01.6919280Z Updating files:  55% (24981/45419)
2026-10-06T14:40:01.8034923Z Updating files:  56% (25435/45419)
2026-10-06T14:40:01.8675292Z Updating files:  56% (25661/45419)
2026-10-06T14:40:01.9400383Z Updating files:  57% (25889/45419)
2026-10-06T14:40:01.9758730Z Updating files:  58% (26344/45419)
2026-10-06T14:40:02.0155394Z Updating files:  59% (26798/45419)
2026-10-06T14:40:02.0513263Z Updating files:  60% (27252/45419)
2026-10-06T14:40:02.0898942Z Updating files:  61% (27706/45419)
2026-10-06T14:40:02.1400886Z Updating files:  62% (28160/45419)
2026-10-06T14:40:02.2358628Z Updating files:  63% (28614/45419)
2026-10-06T14:40:02.3356265Z Updating files:  64% (29069/45419)
2026-10-06T14:40:02.4782663Z Updating files:  65% (29523/45419)
2026-10-06T14:40:02.5690717Z Updating files:  66% (29977/45419)
2026-10-06T14:40:02.6803217Z Updating files:  67% (30431/45419)
2026-10-06T14:40:02.7951105Z Updating files:  68% (30885/45419)
2026-10-06T14:40:02.8785678Z Updating files:  68% (31121/45419)
2026-10-06T14:40:03.0887226Z Updating files:  69% (31340/45419)
2026-10-06T14:40:03.2637556Z Updating files:  70% (31794/45419)
2026-10-06T14:40:03.3936778Z Updating files:  71% (32248/45419)
2026-10-06T14:40:03.5135814Z Updating files:  72% (32702/45419)
2026-10-06T14:40:03.6370569Z Updating files:  73% (33156/45419)
2026-10-06T14:40:03.7594079Z Updating files:  74% (33611/45419)
2026-10-06T14:40:03.7946087Z Updating files:  75% (34065/45419)
2026-10-06T14:40:03.8722180Z Updating files:  75% (34232/45419)
2026-10-06T14:40:03.9513171Z Updating files:  76% (34519/45419)
2026-10-06T14:40:04.0297033Z Updating files:  77% (34973/45419)
2026-10-06T14:40:04.1248245Z Updating files:  78% (35427/45419)
2026-10-06T14:40:04.2628593Z Updating files:  79% (35882/45419)
2026-10-06T14:40:04.3373489Z Updating files:  80% (36336/45419)
2026-10-06T14:40:04.5119216Z Updating files:  81% (36790/45419)
2026-10-06T14:40:04.6285007Z Updating files:  82% (37244/45419)
2026-10-06T14:40:04.7947887Z Updating files:  83% (37698/45419)
2026-10-06T14:40:04.9398653Z Updating files:  83% (38073/45419)
2026-10-06T14:40:05.1444918Z Updating files:  84% (38152/45419)
2026-10-06T14:40:05.2868331Z Updating files:  85% (38607/45419)
2026-10-06T14:40:05.3581536Z Updating files:  86% (39061/45419)
2026-10-06T14:40:05.4590453Z Updating files:  87% (39515/45419)
2026-10-06T14:40:05.5601443Z Updating files:  88% (39969/45419)
2026-10-06T14:40:05.6683791Z Updating files:  89% (40423/45419)
2026-10-06T14:40:05.7367125Z Updating files:  90% (40878/45419)
2026-10-06T14:40:05.7946800Z Updating files:  91% (41332/45419)
2026-10-06T14:40:05.8842187Z Updating files:  91% (41523/45419)
2026-10-06T14:40:06.0065490Z Updating files:  92% (41786/45419)
2026-10-06T14:40:06.1280823Z Updating files:  93% (42240/45419)
2026-10-06T14:40:06.2623077Z Updating files:  94% (42694/45419)
2026-10-06T14:40:06.3459567Z Updating files:  95% (43149/45419)
2026-10-06T14:40:06.4464672Z Updating files:  96% (43603/45419)
2026-10-06T14:40:06.4984641Z Updating files:  97% (44057/45419)
2026-10-06T14:40:06.6158017Z Updating files:  98% (44511/45419)
2026-10-06T14:40:06.6640874Z Updating files:  99% (44965/45419)
2026-10-06T14:40:06.6641321Z Updating files: 100% (45419/45419)
2026-10-06T14:40:06.6641700Z Updating files: 100% (45419/45419), done.
2026-10-06T14:40:06.7130809Z Switched to a new branch 'main'
2026-10-06T14:40:06.7133127Z branch 'main' set up to track 'origin/main'.
2026-10-06T14:40:06.9254004Z ##[endgroup]
2026-10-06T14:40:06.9295318Z [command]/usr/bin/git log -1 --format=%H
2026-10-06T14:40:06.9319333Z 77d0589887847777d85aebdbc5b74351f12237b0
2026-10-06T14:40:06.9531515Z ##[group]Run git lfs pull --include="assets/training/ultrafeedback-dpo-v1.tar.gz" --exclude=""
2026-10-06T14:40:06.9532569Z [36;1mgit lfs pull --include="assets/training/ultrafeedback-dpo-v1.tar.gz" --exclude=""[0m
2026-10-06T14:40:06.9817625Z shell: /usr/bin/bash -e {0}
2026-10-06T14:40:06.9817936Z ##[endgroup]
2026-10-06T14:40:08.4674653Z ##[group]Run astral-sh/setup-uv@v10.2.0
2026-10-06T14:40:08.4674953Z with:
2026-10-06T14:40:08.4675159Z   activate-environment: false
2026-10-06T14:40:08.4675402Z   no-project: false
2026-10-06T14:40:08.4675753Z   working-directory: /home/runner/work/tiny-perceptron-vlm/tiny-perceptron-vlm
2026-10-06T14:40:08.4678387Z   github-token: ***
2026-10-06T14:40:08.4678603Z   enable-cache: auto
2026-10-06T14:40:08.4679172Z   cache-dependency-glob: **/*requirements*.txt
**/*requirements*.in
**/*constraints*.txt
**/*constraints*.in
**/pyproject.toml
**/uv.lock
**/*.py.lock

2026-10-06T14:40:08.4679797Z   restore-cache: true
2026-10-06T14:40:08.4680005Z   save-cache: auto
2026-10-06T14:40:08.4680214Z   prune-cache: false
2026-10-06T14:40:08.4680419Z   cache-python: false
2026-10-06T14:40:08.4680643Z   ignore-nothing-to-cache: false
2026-10-06T14:40:08.4680899Z   ignore-empty-workdir: false
2026-10-06T14:40:08.4681168Z   download-from-astral-mirror: true
2026-10-06T14:40:08.4681521Z   add-problem-matchers: true
2026-10-06T14:40:08.4681748Z   quiet: false
2026-10-06T14:40:08.4681949Z   resolution-strategy: highest
2026-10-06T14:40:08.4682455Z ##[endgroup]
2026-10-06T14:40:08.6486252Z Trying to find version for uv in: /home/runner/work/tiny-perceptron-vlm/tiny-perceptron-vlm/uv.toml
2026-10-06T14:40:08.6486946Z Could not find file: /home/runner/work/tiny-perceptron-vlm/tiny-perceptron-vlm/uv.toml
2026-10-06T14:40:08.6488041Z Trying to find version for uv in: /home/runner/work/tiny-perceptron-vlm/tiny-perceptron-vlm/pyproject.toml
2026-10-06T14:40:08.6493834Z Could not determine uv version from uv.toml or pyproject.toml. Falling back to latest.
2026-10-06T14:40:08.6498710Z Fetching manifest data from https://raw.githubusercontent.com/astral-sh/versions/main/v1/uv.ndjson ...
2026-10-06T14:40:08.6961130Z Downloading uv from "https://releases.astral.sh/github/uv/releases/download/0.12.23/uv-x86_64-unknown-linux-gnu.tar.gz" ...
2026-10-06T14:40:09.0497271Z [command]/usr/bin/tar xz --warning=no-unknown-keyword --overwrite -C /home/runner/work/_temp/0bd5f792-d871-4fab-b83e-00d8b848e2d6 -f /home/runner/work/_temp/9dcdb620-b9d3-4639-8792-3e633403e623
2026-10-06T14:40:09.4045193Z Added /home/runner/.local/bin to the path
2026-10-06T14:40:09.4049341Z Added /opt/hostedtoolcache/uv/0.12.23/x86_64 to the path
2026-10-06T14:40:09.4051156Z Set UV_PYTHON_INSTALL_DIR to /home/runner/work/_temp/uv-python-dir
2026-10-06T14:40:09.4051866Z Added /home/runner/work/_temp/uv-python-dir to the path
2026-10-06T14:40:09.4077196Z Set UV_CACHE_DIR to /home/runner/work/_temp/setup-uv-cache
2026-10-06T14:40:09.4077585Z Successfully installed uv version 0.12.23
2026-10-06T14:40:09.5017593Z Searching files using cache dependency glob: /home/runner/work/tiny-perceptron-vlm/tiny-perceptron-vlm/**/*requirements*.txt,/home/runner/work/tiny-perceptron-vlm/tiny-perceptron-vlm/**/*requirements*.in,/home/runner/work/tiny-perceptron-vlm/tiny-perceptron-vlm/**/*constraints*.txt,/home/runner/work/tiny-perceptron-vlm/tiny-perceptron-vlm/**/*constraints*.in,/home/runner/work/tiny-perceptron-vlm/tiny-perceptron-vlm/**/pyproject.toml,/home/runner/work/tiny-perceptron-vlm/tiny-perceptron-vlm/**/uv.lock,/home/runner/work/tiny-perceptron-vlm/tiny-perceptron-vlm/**/*.py.lock
2026-10-06T14:40:11.7841718Z /home/runner/work/tiny-perceptron-vlm/tiny-perceptron-vlm/docs/technical-reviews/artifacts/20261005-19_1-factual/repository-snapshots/pyproject.toml
2026-10-06T14:40:11.7873528Z /home/runner/work/tiny-perceptron-vlm/tiny-perceptron-vlm/docs/technical-reviews/artifacts/20261005-19_1-factual/repository-snapshots/uv.lock
2026-10-06T14:40:12.2220889Z /home/runner/work/tiny-perceptron-vlm/tiny-perceptron-vlm/docs/technical-reviews/artifacts/natural-final-fact-20.8-student-requirements-natural.txt
2026-10-06T14:40:12.5613264Z /home/runner/work/tiny-perceptron-vlm/tiny-perceptron-vlm/docs/technical-reviews/artifacts/p6-19.1/evidence/code-excerpts/pyproject.toml
2026-10-06T14:40:12.5721873Z /home/runner/work/tiny-perceptron-vlm/tiny-perceptron-vlm/docs/technical-reviews/artifacts/p6-19.1/inputs/source-opaque/pyproject.toml
2026-10-06T14:40:12.5938514Z /home/runner/work/tiny-perceptron-vlm/tiny-perceptron-vlm/docs/technical-reviews/artifacts/p6-19.11/inputs/pyproject.toml
2026-10-06T14:40:12.5961947Z /home/runner/work/tiny-perceptron-vlm/tiny-perceptron-vlm/docs/technical-reviews/artifacts/p6-19.11/inputs/uv.lock
2026-10-06T14:40:12.6256151Z /home/runner/work/tiny-perceptron-vlm/tiny-perceptron-vlm/docs/technical-reviews/artifacts/p6-19.4/inputs/pyproject.toml
2026-10-06T14:40:12.6282911Z /home/runner/work/tiny-perceptron-vlm/tiny-perceptron-vlm/docs/technical-reviews/artifacts/p6-19.4/inputs/uv.lock
2026-10-06T14:40:12.7001586Z /home/runner/work/tiny-perceptron-vlm/tiny-perceptron-vlm/docs/technical-reviews/artifacts/p6-R.4/inputs/pyproject.toml
2026-10-06T14:40:12.7060888Z /home/runner/work/tiny-perceptron-vlm/tiny-perceptron-vlm/docs/technical-reviews/artifacts/p6-T.11/code/pyproject.toml
2026-10-06T14:40:12.7402577Z /home/runner/work/tiny-perceptron-vlm/tiny-perceptron-vlm/docs/technical-reviews/artifacts/p6-W.1/inputs/pyproject.toml
2026-10-06T14:40:12.7414112Z /home/runner/work/tiny-perceptron-vlm/tiny-perceptron-vlm/docs/technical-reviews/artifacts/p6-W.1/inputs/uv.lock
2026-10-06T14:40:12.7667371Z /home/runner/work/tiny-perceptron-vlm/tiny-perceptron-vlm/docs/technical-reviews/artifacts/p6-public-a/repository-input/pyproject.toml
2026-10-06T14:40:12.7674781Z /home/runner/work/tiny-perceptron-vlm/tiny-perceptron-vlm/docs/technical-reviews/artifacts/p6-public-a/repository-input/requirements-natural.txt
2026-10-06T14:40:12.7718963Z /home/runner/work/tiny-perceptron-vlm/tiny-perceptron-vlm/docs/technical-reviews/artifacts/p6-public-a/repository-input/uv.lock
2026-10-06T14:40:12.7785680Z /home/runner/work/tiny-perceptron-vlm/tiny-perceptron-vlm/docs/technical-reviews/artifacts/p6-public-b/code-snapshots/pyproject.toml
2026-10-06T14:40:13.6418930Z /home/runner/work/tiny-perceptron-vlm/tiny-perceptron-vlm/docs/technical-reviews/artifacts/phase4-20261005-w_1-factual-independent/frozen/pyproject.toml
2026-10-06T14:40:13.6431256Z /home/runner/work/tiny-perceptron-vlm/tiny-perceptron-vlm/docs/technical-reviews/artifacts/phase4-20261005-w_1-factual-independent/frozen/uv.lock
2026-10-06T14:40:13.6733437Z /home/runner/work/tiny-perceptron-vlm/tiny-perceptron-vlm/docs/technical-reviews/artifacts/phase4-20261006-w_1-dependency-callback/current/pyproject.toml
2026-10-06T14:40:13.6978776Z /home/runner/work/tiny-perceptron-vlm/tiny-perceptron-vlm/docs/technical-reviews/artifacts/phase4-20_2-factual-independent/pinned/requirements-natural.txt
2026-10-06T14:40:13.7807884Z /home/runner/work/tiny-perceptron-vlm/tiny-perceptron-vlm/docs/technical-reviews/artifacts/phase4-4_6-independent/original/pyproject.toml
2026-10-06T14:40:13.8273045Z /home/runner/work/tiny-perceptron-vlm/tiny-perceptron-vlm/docs/technical-reviews/artifacts/phase4-5_11-independent/inputs/pyproject.toml
2026-10-06T14:40:13.8601698Z /home/runner/work/tiny-perceptron-vlm/tiny-perceptron-vlm/docs/technical-reviews/artifacts/phase4-5_14-independent/inputs/pyproject.toml
2026-10-06T14:40:14.0023945Z /home/runner/work/tiny-perceptron-vlm/tiny-perceptron-vlm/docs/technical-reviews/artifacts/phase4-6_8-independent/inputs/current/pyproject.toml
2026-10-06T14:40:14.0123575Z /home/runner/work/tiny-perceptron-vlm/tiny-perceptron-vlm/docs/technical-reviews/artifacts/phase4-6_9-independent/inputs/current/pyproject.toml
2026-10-06T14:40:14.0877717Z /home/runner/work/tiny-perceptron-vlm/tiny-perceptron-vlm/docs/technical-reviews/artifacts/phase4-7_2-independent/inputs/pyproject.toml
2026-10-06T14:40:14.0999005Z /home/runner/work/tiny-perceptron-vlm/tiny-perceptron-vlm/docs/technical-reviews/artifacts/phase4-7_4-independent/inputs/pyproject.toml
2026-10-06T14:40:14.1106360Z /home/runner/work/tiny-perceptron-vlm/tiny-perceptron-vlm/docs/technical-reviews/artifacts/phase4-7_5-independent/inputs/pyproject.toml
2026-10-06T14:40:14.1239252Z /home/runner/work/tiny-perceptron-vlm/tiny-perceptron-vlm/docs/technical-reviews/artifacts/phase4-7_6-independent/inputs/pyproject.toml
2026-10-06T14:40:14.1334500Z /home/runner/work/tiny-perceptron-vlm/tiny-perceptron-vlm/docs/technical-reviews/artifacts/phase4-7_7-independent/inputs/pyproject.toml
2026-10-06T14:40:14.2517826Z /home/runner/work/tiny-perceptron-vlm/tiny-perceptron-vlm/docs/technical-reviews/artifacts/phase4-9_10-independent/stopped-original-execution/workspace/pyproject.toml
2026-10-06T14:40:14.3372518Z /home/runner/work/tiny-perceptron-vlm/tiny-perceptron-vlm/docs/technical-reviews/artifacts/phase4-W7-factual-independent-20261005/code/pyproject.toml
2026-10-06T14:40:14.4747495Z /home/runner/work/tiny-perceptron-vlm/tiny-perceptron-vlm/docs/technical-reviews/artifacts/phase4-r_4-factual-independent-20261005/inputs/pyproject.toml
2026-10-06T14:40:14.6619469Z /home/runner/work/tiny-perceptron-vlm/tiny-perceptron-vlm/pyproject.toml
2026-10-06T14:40:14.6627166Z /home/runner/work/tiny-perceptron-vlm/tiny-perceptron-vlm/requirements-natural.txt
2026-10-06T14:40:14.6767138Z /home/runner/work/tiny-perceptron-vlm/tiny-perceptron-vlm/uv.lock
2026-10-06T14:40:14.6787448Z Found 37 files to hash.
2026-10-06T14:40:14.6855947Z Trying to restore cache from GitHub Actions cache with key: setup-uv-2-x86_64-unknown-linux-gnu-ubuntu-24.04-unknown-fd5747876ca4d85922cb664b4491da2a77c0984b73893dc311d4f03c8c72b929
2026-10-06T14:40:14.7975384Z Cache hit for: setup-uv-2-x86_64-unknown-linux-gnu-ubuntu-24.04-unknown-fd5747876ca4d85922cb664b4491da2a77c0984b73893dc311d4f03c8c72b929
2026-10-06T14:40:15.8979229Z Received 134217728 of 275589124 (48.7%), 126.9 MBs/sec
2026-10-06T14:40:16.8012506Z Received 275589124 of 275589124 (100.0%), 137.4 MBs/sec
2026-10-06T14:40:16.8013203Z Cache Size: ~263 MB (275589124 B)
2026-10-06T14:40:16.8148807Z [command]/usr/bin/tar -xf /home/runner/work/_temp/4ebfb511-0ba7-463b-ad68-0eff6b29b74e/cache.tzst -P -C /home/runner/work/tiny-perceptron-vlm/tiny-perceptron-vlm --use-compress-program unzstd
2026-10-06T14:40:19.4427589Z Cache restored successfully
2026-10-06T14:40:19.8970656Z cache restored from GitHub Actions cache with key: setup-uv-2-x86_64-unknown-linux-gnu-ubuntu-24.04-unknown-fd5747876ca4d85922cb664b4491da2a77c0984b73893dc311d4f03c8c72b929
2026-10-06T14:40:20.0159874Z ##[group]Run uv sync --frozen --extra cpu --group notebook --group site
2026-10-06T14:40:20.0160421Z [36;1muv sync --frozen --extra cpu --group notebook --group site[0m
2026-10-06T14:40:20.0223124Z shell: /usr/bin/bash -e {0}
2026-10-06T14:40:20.0223378Z env:
2026-10-06T14:40:20.0223659Z   UV_PYTHON_INSTALL_DIR: /home/runner/work/_temp/uv-python-dir
2026-10-06T14:40:20.0224054Z   UV_CACHE_DIR: /home/runner/work/_temp/setup-uv-cache
2026-10-06T14:40:20.0224350Z ##[endgroup]
2026-10-06T14:40:20.1759180Z Downloading cpython-3.13.16-linux-x86_64-gnu (download) (33.5MiB)
2026-10-06T14:40:21.2056061Z  Downloaded cpython-3.13.16-linux-x86_64-gnu (download)
2026-10-06T14:40:21.3554997Z Using CPython 3.13.16
2026-10-06T14:40:21.3555496Z Creating virtual environment at: .venv
2026-10-06T14:40:21.3733090Z    Building tiny-perceptron-vlm @ file:///home/runner/work/tiny-perceptron-vlm/tiny-perceptron-vlm
2026-10-06T14:40:21.4077562Z Downloading babel (9.7MiB)
2026-10-06T14:40:21.4089341Z Downloading jupyterlab (16.4MiB)
2026-10-06T14:40:21.4092129Z Downloading matplotlib (9.4MiB)
2026-10-06T14:40:21.4095399Z Downloading debugpy (3.8MiB)
2026-10-06T14:40:21.4098436Z Downloading fonttools (5.1MiB)
2026-10-06T14:40:21.4108456Z Downloading jedi (4.7MiB)
2026-10-06T14:40:21.4112982Z Downloading kiwisolver (1.4MiB)
2026-10-06T14:40:21.4129337Z Downloading zensical (17.7MiB)
2026-10-06T14:40:21.6493464Z  Downloaded kiwisolver
2026-10-06T14:40:21.7403843Z  Downloaded debugpy
2026-10-06T14:40:21.8183100Z  Downloaded fonttools
2026-10-06T14:40:21.9557672Z  Downloaded matplotlib
2026-10-06T14:40:21.9793012Z  Downloaded babel
2026-10-06T14:40:22.1015599Z  Downloaded jupyterlab
2026-10-06T14:40:22.3613056Z  Downloaded jedi
2026-10-06T14:40:22.4511276Z       Built tiny-perceptron-vlm @ file:///home/runner/work/tiny-perceptron-vlm/tiny-perceptron-vlm
2026-10-06T14:40:22.8274876Z  Downloaded zensical
2026-10-06T14:40:22.8277412Z Prepared 82 packages in 1.46s
2026-10-06T14:40:23.3807237Z Installed 136 packages in 552ms
2026-10-06T14:40:23.3808378Z  + aiohappyeyeballs==2.7.1
2026-10-06T14:40:23.3808830Z  + aiohttp==3.14.3
2026-10-06T14:40:23.3809199Z  + aiosignal==1.4.0
2026-10-06T14:40:23.3809554Z  + anyio==4.15.1
2026-10-06T14:40:23.3809919Z  + argon2-cffi==25.1.0
2026-10-06T14:40:23.3810368Z  + argon2-cffi-bindings==26.1.0
2026-10-06T14:40:23.3810802Z  + arrow==1.4.0
2026-10-06T14:40:23.3812939Z  + asttokens==3.0.2
2026-10-06T14:40:23.3813381Z  + async-lru==2.3.0
2026-10-06T14:40:23.3813780Z  + attrs==26.1.0
2026-10-06T14:40:23.3814149Z  + babel==2.18.0
2026-10-06T14:40:23.3814534Z  + beautifulsoup4==4.15.0
2026-10-06T14:40:23.3814968Z  + bleach==6.4.0
2026-10-06T14:40:23.3815345Z  + certifi==2026.7.22
2026-10-06T14:40:23.3815727Z  + cffi==2.1.1
2026-10-06T14:40:23.3816140Z  + charset-normalizer==3.5.2
2026-10-06T14:40:23.3816574Z  + click==8.5.0
2026-10-06T14:40:23.3816928Z  + comm==0.2.3
2026-10-06T14:40:23.3817318Z  + contourpy==1.4.0
2026-10-06T14:40:23.3817629Z  + cycler==0.12.1
2026-10-06T14:40:23.3824468Z  + datasets==5.0.1
2026-10-06T14:40:23.3824852Z  + debugpy==1.8.22
2026-10-06T14:40:23.3825231Z  + deepmerge==3.0.1
2026-10-06T14:40:23.3825593Z  + defusedxml==0.7.1
2026-10-06T14:40:23.3825955Z  + dill==0.4.1
2026-10-06T14:40:23.3826293Z  + executing==2.2.1
2026-10-06T14:40:23.3826663Z  + fastjsonschema==2.22.2
2026-10-06T14:40:23.3827070Z  + filelock==4.0.8
2026-10-06T14:40:23.3827441Z  + fonttools==4.66.1
2026-10-06T14:40:23.3827794Z  + fqdn==1.6.0
2026-10-06T14:40:23.3828127Z  + frozenlist==1.8.0
2026-10-06T14:40:23.3828485Z  + fsspec==2026.6.0
2026-10-06T14:40:23.3828820Z  + h11==0.16.0
2026-10-06T14:40:23.3829156Z  + hf-xet==1.6.0
2026-10-06T14:40:23.3829496Z  + httpcore==1.0.9
2026-10-06T14:40:23.3829858Z  + httpx==0.28.1
2026-10-06T14:40:23.3830225Z  + huggingface-hub==1.33.0
2026-10-06T14:40:23.3830657Z  + idna==3.20
2026-10-06T14:40:23.3830995Z  + iniconfig==2.3.0
2026-10-06T14:40:23.3831355Z  + ipykernel==7.4.0
2026-10-06T14:40:23.3831716Z  + ipython==9.17.1
2026-10-06T14:40:23.3832679Z  + ipython-pygments-lexers==1.1.1
2026-10-06T14:40:23.3833190Z  + isoduration==20.11.0
2026-10-06T14:40:23.3833568Z  + jedi==0.20.0
2026-10-06T14:40:23.3833937Z  + jinja2==3.1.6
2026-10-06T14:40:23.3834276Z  + json5==0.15.0
2026-10-06T14:40:23.3834633Z  + jsonpointer==3.1.1
2026-10-06T14:40:23.3835012Z  + jsonschema==4.26.0
2026-10-06T14:40:23.3835437Z  + jsonschema-specifications==2025.9.1
2026-10-06T14:40:23.3835926Z  + jupyter-builder==1.2.3
2026-10-06T14:40:23.3836332Z  + jupyter-client==8.10.0
2026-10-06T14:40:23.3836735Z  + jupyter-core==5.9.1
2026-10-06T14:40:23.3837130Z  + jupyter-events==0.12.1
2026-10-06T14:40:23.3837514Z  + jupyter-lsp==2.3.1
2026-10-06T14:40:23.3837894Z  + jupyter-server==2.21.1
2026-10-06T14:40:23.3838313Z  + jupyter-server-terminals==0.5.4
2026-10-06T14:40:23.3838784Z  + jupyterlab==4.6.4
2026-10-06T14:40:23.3839171Z  + jupyterlab-pygments==0.3.0
2026-10-06T14:40:23.3839609Z  + jupyterlab-server==2.28.1
2026-10-06T14:40:23.3840022Z  + kiwisolver==1.5.1
2026-10-06T14:40:23.3840369Z  + lark==1.3.1
2026-10-06T14:40:23.3840711Z  + markdown==3.11
2026-10-06T14:40:23.3841064Z  + markupsafe==3.0.3
2026-10-06T14:40:23.3841431Z  + matplotlib==3.11.2
2026-10-06T14:40:23.3841916Z  + matplotlib-inline==0.2.2
2026-10-06T14:40:23.3842533Z  + mistune==3.3.4
2026-10-06T14:40:23.3842869Z  + mpmath==1.3.0
2026-10-06T14:40:23.3843217Z  + multidict==6.9.1
2026-10-06T14:40:23.3843592Z  + multiprocess==0.70.19
2026-10-06T14:40:23.3843980Z  + nbclient==0.11.0
2026-10-06T14:40:23.3844336Z  + nbconvert==7.17.1
2026-10-06T14:40:23.3844694Z  + nbformat==5.11.1
2026-10-06T14:40:23.3845058Z  + nest-asyncio2==1.7.3
2026-10-06T14:40:23.3845432Z  + networkx==3.7
2026-10-06T14:40:23.3846592Z  + notebook-shim==0.2.4
2026-10-06T14:40:23.3846979Z  + numpy==2.5.3
2026-10-06T14:40:23.3847590Z  + packaging==26.3
2026-10-06T14:40:23.3847956Z  + pandas==3.0.6
2026-10-06T14:40:23.3848313Z  + pandocfilters==1.5.1
2026-10-06T14:40:23.3848711Z  + parso==0.8.7
2026-10-06T14:40:23.3849057Z  + pathspec==1.1.1
2026-10-06T14:40:23.3849421Z  + pexpect==4.9.0
2026-10-06T14:40:23.3849785Z  + pillow==12.3.0
2026-10-06T14:40:23.3850145Z  + platformdirs==4.12.2
2026-10-06T14:40:23.3850512Z  + pluggy==1.6.0
2026-10-06T14:40:23.3850890Z  + prometheus-client==0.26.0
2026-10-06T14:40:23.3851314Z  + prompt-toolkit==3.0.53
2026-10-06T14:40:23.3851705Z  + propcache==0.5.4
2026-10-06T14:40:23.3852055Z  + psutil==7.2.2
2026-10-06T14:40:23.3852650Z  + ptyprocess==0.7.0
2026-10-06T14:40:23.3853028Z  + pure-eval==0.2.4
2026-10-06T14:40:23.3853377Z  + pyarrow==25.0.1
2026-10-06T14:40:23.3853716Z  + pycparser==3.0
2026-10-06T14:40:23.3854064Z  + pygments==2.21.0
2026-10-06T14:40:23.3854433Z  + pymdown-extensions==12.1
2026-10-06T14:40:23.3854843Z  + pyparsing==3.3.3
2026-10-06T14:40:23.3855187Z  + pytest==9.1.1
2026-10-06T14:40:23.3855558Z  + python-dateutil==2.9.0.post0
2026-10-06T14:40:23.3856004Z  + python-json-logger==4.2.0
2026-10-06T14:40:23.3856413Z  + pyyaml==6.0.3
2026-10-06T14:40:23.3856746Z  + pyzmq==27.2.0
2026-10-06T14:40:23.3857097Z  + referencing==0.37.0
2026-10-06T14:40:23.3857459Z  + requests==2.34.2
2026-10-06T14:40:23.3857803Z  + rfc3339-validator==0.1.4
2026-10-06T14:40:23.3858166Z  + rfc3986-validator==0.1.1
2026-10-06T14:40:23.3858627Z  + rfc3987-syntax==1.1.0
2026-10-06T14:40:23.3858984Z  + rpds-py==2026.6.3
2026-10-06T14:40:23.3859309Z  + ruff==0.16.9
2026-10-06T14:40:23.3859627Z  + safetensors==0.8.0
2026-10-06T14:40:23.3859972Z  + send2trash==2.1.0
2026-10-06T14:40:23.3860312Z  + setuptools==84.0.0
2026-10-06T14:40:23.3860646Z  + six==1.17.0
2026-10-06T14:40:23.3860981Z  + soundfile==0.14.0
2026-10-06T14:40:23.3861308Z  + soupsieve==2.10
2026-10-06T14:40:23.3861645Z  + stack-data==0.6.3
2026-10-06T14:40:23.3861975Z  + sympy==1.14.0
2026-10-06T14:40:23.3862499Z  + terminado==0.18.1
2026-10-06T14:40:23.3863210Z  + tiny-perceptron-vlm==0.1.0 (from file:///home/runner/work/tiny-perceptron-vlm/tiny-perceptron-vlm)
2026-10-06T14:40:23.3863953Z  + tinycss2==1.5.1
2026-10-06T14:40:23.3864297Z  + tokenizers==0.23.2
2026-10-06T14:40:23.3864848Z  + tomli==2.4.1
2026-10-06T14:40:23.3865185Z  + torch==2.14.1+cpu
2026-10-06T14:40:23.3865524Z  + tornado==6.5.10
2026-10-06T14:40:23.3865846Z  + tqdm==4.70.1
2026-10-06T14:40:23.3866180Z  + traitlets==5.16.1
2026-10-06T14:40:23.3866549Z  + typing-extensions==4.16.0
2026-10-06T14:40:23.3866937Z  + tzdata==2026.4
2026-10-06T14:40:23.3867274Z  + uri-template==1.3.0
2026-10-06T14:40:23.3867633Z  + urllib3==2.8.0
2026-10-06T14:40:23.3867961Z  + wcwidth==0.9.1
2026-10-06T14:40:23.3868287Z  + webcolors==25.10.0
2026-10-06T14:40:23.3868656Z  + webencodings==0.6.1
2026-10-06T14:40:23.3869057Z  + websocket-client==1.9.2
2026-10-06T14:40:23.3869460Z  + xxhash==4.0.1
2026-10-06T14:40:23.3869792Z  + yarl==1.25.1
2026-10-06T14:40:23.3870127Z  + zensical==0.0.67
2026-10-06T14:40:23.4023272Z ##[group]Run .venv/bin/python scripts/build_course.py --check
2026-10-06T14:40:23.4023760Z [36;1m.venv/bin/python scripts/build_course.py --check[0m
2026-10-06T14:40:23.4084206Z shell: /usr/bin/bash -e {0}
2026-10-06T14:40:23.4084461Z env:
2026-10-06T14:40:23.4084748Z   UV_PYTHON_INSTALL_DIR: /home/runner/work/_temp/uv-python-dir
2026-10-06T14:40:23.4085151Z   UV_CACHE_DIR: /home/runner/work/_temp/setup-uv-cache
2026-10-06T14:40:23.4085450Z ##[endgroup]
2026-10-06T14:40:23.5625856Z 283 個小節：同步檢查通過
2026-10-06T14:40:23.5709029Z ##[group]Run .venv/bin/python scripts/check_course_reviews.py
2026-10-06T14:40:23.5709485Z [36;1m.venv/bin/python scripts/check_course_reviews.py[0m
2026-10-06T14:40:23.5770082Z shell: /usr/bin/bash -e {0}
2026-10-06T14:40:23.5770344Z env:
2026-10-06T14:40:23.5770623Z   UV_PYTHON_INSTALL_DIR: /home/runner/work/_temp/uv-python-dir
2026-10-06T14:40:23.5771021Z   UV_CACHE_DIR: /home/runner/work/_temp/setup-uv-cache
2026-10-06T14:40:23.5771327Z ##[endgroup]
2026-10-06T14:40:23.6753620Z 309 節：獨立讀者審閱與正文版本全部一致
2026-10-06T14:40:23.6830211Z ##[group]Run .venv/bin/python scripts/check_technical_reviews.py
2026-10-06T14:40:23.6830714Z [36;1m.venv/bin/python scripts/check_technical_reviews.py[0m
2026-10-06T14:40:23.6891202Z shell: /usr/bin/bash -e {0}
2026-10-06T14:40:23.6891458Z env:
2026-10-06T14:40:23.6891732Z   UV_PYTHON_INSTALL_DIR: /home/runner/work/_temp/uv-python-dir
2026-10-06T14:40:23.6892279Z   UV_CACHE_DIR: /home/runner/work/_temp/setup-uv-cache
2026-10-06T14:40:23.6892588Z ##[endgroup]
2026-10-06T14:40:27.9304760Z 19.12: source data_archive: 證據版本已改變：assets/training/selftrained-v2.tar.gz
2026-10-06T14:40:27.9410208Z ##[error]Process completed with exit code 1.
2026-10-06T14:40:28.0523480Z Post job cleanup.
2026-10-06T14:40:28.1402919Z [command]/usr/bin/git version
2026-10-06T14:40:28.1453885Z git version 2.55.0
2026-10-06T14:40:28.1490770Z Temporarily overriding HOME='/home/runner/work/_temp/5edfb152-9261-4776-8c44-e97c01ccfb46' before making global git config changes
2026-10-06T14:40:28.1492874Z Adding repository directory to the temporary git global config as a safe directory
2026-10-06T14:40:28.1497189Z [command]/usr/bin/git config --global --add safe.directory /home/runner/work/tiny-perceptron-vlm/tiny-perceptron-vlm
2026-10-06T14:40:28.2057926Z Removing SSH command configuration
2026-10-06T14:40:28.2066879Z [command]/usr/bin/git config --local --name-only --get-regexp core\.sshCommand
2026-10-06T14:40:28.2108010Z [command]/usr/bin/git submodule foreach --recursive sh -c "git config --local --name-only --get-regexp 'core\.sshCommand' && git config --local --unset-all 'core.sshCommand' || :"
2026-10-06T14:40:28.2372714Z Removing HTTP extra header
2026-10-06T14:40:28.2379846Z [command]/usr/bin/git config --local --name-only --get-regexp http\.https\:\/\/github\.com\/\.extraheader
2026-10-06T14:40:28.2423031Z [command]/usr/bin/git submodule foreach --recursive sh -c "git config --local --name-only --get-regexp 'http\.https\:\/\/github\.com\/\.extraheader' && git config --local --unset-all 'http.https://github.com/.extraheader' || :"
2026-10-06T14:40:28.2707289Z Removing includeIf entries pointing to credentials config files
2026-10-06T14:40:28.2716151Z [command]/usr/bin/git config --local --name-only --get-regexp ^includeIf\.gitdir:
2026-10-06T14:40:28.2746163Z includeif.gitdir:/home/runner/work/tiny-perceptron-vlm/tiny-perceptron-vlm/.git.path
2026-10-06T14:40:28.2747050Z includeif.gitdir:/home/runner/work/tiny-perceptron-vlm/tiny-perceptron-vlm/.git/worktrees/*.path
2026-10-06T14:40:28.2747734Z includeif.gitdir:/github/workspace/.git.path
2026-10-06T14:40:28.2748259Z includeif.gitdir:/github/workspace/.git/worktrees/*.path
2026-10-06T14:40:28.2757531Z [command]/usr/bin/git config --local --get-all includeif.gitdir:/home/runner/work/tiny-perceptron-vlm/tiny-perceptron-vlm/.git.path
2026-10-06T14:40:28.2782929Z /home/runner/work/_temp/git-credentials-99f45d62-0a56-4291-bf4f-61b6961f7e93.config
2026-10-06T14:40:28.2795660Z [command]/usr/bin/git config --local --unset includeif.gitdir:/home/runner/work/tiny-perceptron-vlm/tiny-perceptron-vlm/.git.path \/home\/runner\/work\/_temp\/git\-credentials\-99f45d62\-0a56\-4291\-bf4f\-61b6961f7e93\.config
2026-10-06T14:40:28.3029192Z [command]/usr/bin/git config --local --get-all includeif.gitdir:/home/runner/work/tiny-perceptron-vlm/tiny-perceptron-vlm/.git/worktrees/*.path
2026-10-06T14:40:28.3064197Z /home/runner/work/_temp/git-credentials-99f45d62-0a56-4291-bf4f-61b6961f7e93.config
2026-10-06T14:40:28.3097582Z [command]/usr/bin/git config --local --unset includeif.gitdir:/home/runner/work/tiny-perceptron-vlm/tiny-perceptron-vlm/.git/worktrees/*.path \/home\/runner\/work\/_temp\/git\-credentials\-99f45d62\-0a56\-4291\-bf4f\-61b6961f7e93\.config
2026-10-06T14:40:28.3139115Z [command]/usr/bin/git config --local --get-all includeif.gitdir:/github/workspace/.git.path
2026-10-06T14:40:28.3163556Z /github/runner_temp/git-credentials-99f45d62-0a56-4291-bf4f-61b6961f7e93.config
2026-10-06T14:40:28.3174614Z [command]/usr/bin/git config --local --unset includeif.gitdir:/github/workspace/.git.path \/github\/runner_temp\/git\-credentials\-99f45d62\-0a56\-4291\-bf4f\-61b6961f7e93\.config
2026-10-06T14:40:28.3978728Z [command]/usr/bin/git config --local --get-all includeif.gitdir:/github/workspace/.git/worktrees/*.path
2026-10-06T14:40:28.4016021Z /github/runner_temp/git-credentials-99f45d62-0a56-4291-bf4f-61b6961f7e93.config
2026-10-06T14:40:28.4018291Z [command]/usr/bin/git config --local --unset includeif.gitdir:/github/workspace/.git/worktrees/*.path \/github\/runner_temp\/git\-credentials\-99f45d62\-0a56\-4291\-bf4f\-61b6961f7e93\.config
2026-10-06T14:40:28.4051972Z [command]/usr/bin/git submodule foreach --recursive git config --local --show-origin --name-only --get-regexp remote.origin.url
2026-10-06T14:40:28.4311274Z Removing credentials config '/home/runner/work/_temp/git-credentials-99f45d62-0a56-4291-bf4f-61b6961f7e93.config'
2026-10-06T14:40:28.4481590Z Cleaning up orphan processes
