{
  "reviewer_task": "/root/phase4_factual_coordinator/factual_11_12",
  "checked_at": "2026-10-05T15:21:05.057855+00:00",
  "environment": {
    "python": "3.13.5",
    "device": "CPU stdlib-only source/version/raw-record verification; no torch/model import"
  },
  "current_source_sha256": "2c27af389ebc2c9ce31d2120351ccdb1fecc38142e4c4e01340af51ca41daf12",
  "source_read_scope": "Personally reread complete current11.12 including changed family/source and experiment scope paragraphs, fence, figure reference, exercise and details.",
  "prior_pass_sha256": "2d01eecb347398175f51397a1b5bf643b144c632a48557970c0d4f7bea64c5d3",
  "prior_revise_sha256": "ad8a5d658e3ec48cf9bf467180012e4e7ee4fa3104e88f6a48563774a6bfb9d8",
  "prior_revise_history": "docs/technical-reviews/history/phase4-11_12-own-family-unit-revise-ad8a5d658e3ec48cf9bf467180012e4e7ee4fa3104e88f6a48563774a6bfb9d8.json",
  "unchanged_original_inputs": {
    "scripts/course_experiments/modalities.py": "275ef1a5a7d5f25a7a1c30dfa5a22bc52c5349f83f62488335a06a5739c2bfeb",
    "scripts/prepare_ocr.py": "aedf003ab14cf292bd0f75c4f8e68ca6785a093c8d3d54ef520e46a5041548e9",
    "tiny_perceptron/multimodal.py": "298b165e3cdb56fdf5ce42e6e17eaf3d005b4954eb867fc5b9889eb3a3adf340",
    "tiny_perceptron/data.py": "6b40ba4bccc4a1ce169a90df8ce71f40e7c9e33e3d7633a36fdd8348d9536321",
    "docs/course-experiments/results/ocr.json": "9b08fb8ad9007160cb5ad4448e924ce1df81c9edab92487035dc71ea71a41fb7"
  },
  "fence_sha256": "86ca3f7d7da9b28bc71f2f6f01e9af53a01c8cb9d22f8a4ba357eee19f97f036",
  "figure_sha256": "a74a4460e2569c88fc0bc02a8ff91fa47de3bc751a67d301627ef2a96c24413a",
  "named_raw_pointers_reread": [
    "/results/data/splits/train/records",
    "/results/data/splits/validation/records",
    "/results/data/splits/test/records"
  ],
  "raw_result_sha256": "9b08fb8ad9007160cb5ad4448e924ce1df81c9edab92487035dc71ea71a41fb7",
  "coverage": {
    "train": {
      "question_count": 240,
      "string_family_count": 80,
      "string_families": [
        "0",
        "1",
        "10",
        "12",
        "15",
        "16",
        "18",
        "19",
        "2",
        "20",
        "21",
        "22",
        "23",
        "24",
        "25",
        "26",
        "30",
        "32",
        "33",
        "34",
        "36",
        "37",
        "38",
        "39",
        "40",
        "41",
        "42",
        "43",
        "44",
        "45",
        "46",
        "47",
        "48",
        "49",
        "5",
        "50",
        "51",
        "52",
        "53",
        "55",
        "56",
        "57",
        "58",
        "59",
        "6",
        "60",
        "61",
        "62",
        "63",
        "65",
        "66",
        "67",
        "68",
        "7",
        "70",
        "71",
        "72",
        "73",
        "74",
        "76",
        "77",
        "78",
        "79",
        "8",
        "80",
        "82",
        "83",
        "84",
        "85",
        "87",
        "89",
        "9",
        "90",
        "91",
        "92",
        "93",
        "95",
        "96",
        "98",
        "99"
      ],
      "character_classes": [
        "0",
        "1",
        "2",
        "3",
        "4",
        "5",
        "6",
        "7",
        "8",
        "9"
      ],
      "offsets_per_family": [
        -1,
        0,
        1
      ]
    },
    "validation": {
      "question_count": 30,
      "string_family_count": 10,
      "string_families": [
        "11",
        "27",
        "29",
        "4",
        "54",
        "64",
        "69",
        "75",
        "88",
        "97"
      ],
      "character_classes": [
        "1",
        "2",
        "4",
        "5",
        "6",
        "7",
        "8",
        "9"
      ],
      "offsets_per_family": [
        -1,
        0,
        1
      ]
    },
    "test": {
      "question_count": 30,
      "string_family_count": 10,
      "string_families": [
        "13",
        "14",
        "17",
        "28",
        "3",
        "31",
        "35",
        "81",
        "86",
        "94"
      ],
      "character_classes": [
        "1",
        "2",
        "3",
        "4",
        "5",
        "6",
        "7",
        "8",
        "9"
      ],
      "offsets_per_family": [
        -1,
        0,
        1
      ]
    }
  },
  "two_fixture_holdout": {
    "source_glyph_count_per_label": {
      "0": 1,
      "1": 1
    },
    "if_original_0_and_all_its_variants_held_out_train_character_classes": [
      "1"
    ],
    "scope": "Exact consequence of the two teaching fixtures, not a trained-model prediction and not the0-99 actual split."
  },
  "original_method_reread": [
    {
      "path": "scripts/course_experiments/modalities.py",
      "function": "_manifest",
      "start": 41,
      "end": 53,
      "sha256": "275ef1a5a7d5f25a7a1c30dfa5a22bc52c5349f83f62488335a06a5739c2bfeb"
    },
    {
      "path": "scripts/course_experiments/modalities.py",
      "function": "run_ocr",
      "start": 833,
      "end": 853,
      "sha256": "275ef1a5a7d5f25a7a1c30dfa5a22bc52c5349f83f62488335a06a5739c2bfeb"
    },
    {
      "path": "scripts/prepare_ocr.py",
      "function": "draw_digits",
      "start": 25,
      "end": 36,
      "sha256": "aedf003ab14cf292bd0f75c4f8e68ca6785a093c8d3d54ef520e46a5041548e9"
    }
  ],
  "official_grouping_source": {
    "path": "docs/technical-reviews/artifacts/phase4-11_12-independent/sources/sklearn-group-split-1.7.2.rst",
    "sha256": "a785c904bfdf6a37b57839d17ec470533a0f94b90bfcb37ab41d671f3dd16583",
    "reread_locator": "Grouped-data/GroupKFold lines628-660, domain-specific dependent groups and no group overlap"
  },
  "honest_reuse": {
    "unchanged_original_fence": "Original fence execution onCPU reused only for identical fence bytes, data matrices, dtype and no optimizer behavior. No fence re-execution.",
    "unchanged_visual_and_rgb_checks": "All30 original SVG grid cells, one-pixel exercise andRGB/shape/gradient demonstration reuse unchanged fixture, SVG and implementation hashes. No forward/backward/model run repeated.",
    "original_historical_result": "Original2/30 raw-token scoring and loss/history checks reused because full original JSON, tokenizer and scoring code hashes remain exact. Character/string family coverage was additionally reread as above.",
    "old_html_parity": "Old desktop/mobile HTML snapshots matched the old section only; they are retained as history and are not current-text parity proof. Current raw source gets a separate bounded artifact render, explicitly not the production page."
  },
  "scope": "No change to textbook,SVG,implementation or shared server/builder; no full export, model/data download, training, model re-evaluation,GPU work or.pt save."
}
