{
  "reviewer_task": "/root/phase4_factual_coordinator/factual_13_15",
  "environment": {
    "python": "3.13.5",
    "python_executable": "/workspace/tiny-perceptron-vlm/.venv/bin/python",
    "device": "CPU; fingerprint/AST inspection only, no neural-network execution",
    "renderer": "Inkscape 1.4 (e7c3feb100, 2024-10-09)"
  },
  "own_body_byte_equal": true,
  "fence_checks": {
    "13.12": {
      "count": 1,
      "byte_equal": true,
      "ast_equal": true,
      "current_fence_sha256": [
        "34d5d22dca97553c3d589942bc73704f2fad2d4e93473bdf0122ddb8a9a79ed2"
      ]
    },
    "13.14": {
      "count": 2,
      "byte_equal": true,
      "ast_equal": true,
      "current_fence_sha256": [
        "bf02491c6aff88db6861013eb0dafb2b46de053dd1afec7f28e68a57894ecd70",
        "6e42c534ab97eb664260a175f9319ed5370d626ee64a57f1083422071163bc66"
      ]
    },
    "13.15": {
      "count": 1,
      "byte_equal": true,
      "ast_equal": true,
      "current_fence_sha256": [
        "e7e171c80d36c95161c8d05504dfe1c9f802c1e8c3ee23ed3fd9ef1dec8816f6"
      ]
    }
  },
  "repository_sources": [
    {
      "id": "helper",
      "path": "tiny_perceptron/posttraining.py",
      "current_sha256": "3d0e2ae3b29f95abebde9b10d0cd106639a131fab1b2c7a509e732ba8daf295b",
      "prior_verified_sha256": "3d0e2ae3b29f95abebde9b10d0cd106639a131fab1b2c7a509e732ba8daf295b",
      "unchanged": true
    },
    {
      "id": "experiment",
      "path": "scripts/course_experiments/posttraining.py",
      "current_sha256": "862dc12680fee8374679d52a1cc55a2dd325a7aebbf634668731fa7def08aa04",
      "prior_verified_sha256": "862dc12680fee8374679d52a1cc55a2dd325a7aebbf634668731fa7def08aa04",
      "unchanged": true
    },
    {
      "id": "runner",
      "path": "scripts/course_experiments/run.py",
      "current_sha256": "e805ef129d535c85cb6c53114bf48c6766d5de7e7865b9b90da84523f06676b3",
      "prior_verified_sha256": "e805ef129d535c85cb6c53114bf48c6766d5de7e7865b9b90da84523f06676b3",
      "unchanged": true
    }
  ],
  "actual_scope": [
    "Current entire 13.15 at course/chapters/13.md line495 through own section end",
    "Current entire necessary 13.12 at line373 through its end and own previous context counterpart/diff",
    "Current entire necessary 13.14 at line445 through its end and own previous context counterpart/diff",
    "Current role SVG compared to own previous viewed original, Inkscape rendered and own actual view of its PNG",
    "Own original InstructGPT v1 Section3.1 steps1–3 and Section3.5 RL paragraph/equation2 reread; exact passages saved",
    "Actual unchanged run_posttraining AST locator256–535; original calculation ranges278–294 and314–344 reread"
  ],
  "changes_personally_assessed": [
    {
      "section": "13.12",
      "change": "Reference now means policy at PPO start, generally after demonstration fine-tuning, and fixed during PPO; new InstructGPT reference added.",
      "support": "Existing original InstructGPT3.1/3.5 reread and actual reference construction289/PPO initialization326 prove this supports the full saved recipe. Old rollout policy/log-probability distinction remains unchanged."
    },
    {
      "section": "13.14 and roles SVG",
      "change": "Reference label/description narrows from whole posttraining start/period to PPO start/period, completed demonstration training for the full recipe.",
      "support": "Personally rendered/viewed reference:PPO起點 and整段PPO期間不更新; exact implementation289,326–339 agrees. Policy/RM/critic/old labels and geometry otherwise unchanged."
    }
  ],
  "claim_support_assessment": {
    "affected_claim_ids": [
      "ppo-cycle",
      "reference-value",
      "autograd-apis",
      "sft-meaning",
      "recipe"
    ],
    "reason": "The changed contextual boundary agrees with the already checked implementation and primary source. Clarify the miniature random-flow reference versus the SFT-trained saved recipe in own reference-value scope; it does not introduce new numerical or software behavior.",
    "all_other_claims": "Own body/fences, exact code and original raw measurement/authority snapshots unchanged; existing true execution and saved-sample arithmetic remain applicable.",
    "reused_claim_ids": [
      "representation",
      "ppo-cycle",
      "reference-value",
      "autograd-apis",
      "seed-output",
      "feature-variation",
      "smoothing",
      "sft-meaning",
      "split-data",
      "parameters",
      "draws-units",
      "saved-success",
      "recipe",
      "recorded-timing"
    ]
  },
  "visual_inspection": {
    "svg_sha256": "d7589ab9e44118540111e8f331b555d4d6c4db3f548e7d373bf7d40750eba406",
    "png_path": "docs/technical-reviews/artifacts/phase4-13_15-independent/context-reinspection-v4/20261006T020127285846Z/rewrite-13-model-roles.png",
    "png_sha256": "0619c7ec96b74d27d93ab431a72d20e7b134f5446fb7a738bce9658ac75bde94",
    "actually_viewed": true,
    "own_observation": "All five boxes readable in actual raster. Reference box now states PPO起點 and整段PPO期間不更新; old still states本輪舊紀錄/same-rollout fixed andnext-rollout recapture. Policy/critic update and RM freeze labels remain consistent. No new arrows or changed shapes/numbers."
  },
  "unresolved_questions": [],
  "verdict": "pass"
}
