Actual platform: Linux-6.18.44-x86_64-with-glibc2.41
Emulated settings: default text newline=CRLF; core.autocrlf=true
Python: 3.13.5 (main, Jul 15 2026, 20:25:40) [GCC 14.2.0]
Source SHA-256 tests/test_selftrained_data_publish.py: 9c41ba0d71923a593a9321cb99334890f132df9e02de7475258ab4024a6c31d6
Source SHA-256 scripts/selftrained/publish_data.py: 4a143180995e71afcca4a9111f282ea2ea73ea381e573ade1ca00f4653a00d12
.F..F.                                                                   [100%]
=================================== FAILURES ===================================
______ test_changed_approved_descriptor_binds_exact_recipe_before_publish ______
tests/test_selftrained_data_publish.py:88: in test_changed_approved_descriptor_binds_exact_recipe_before_publish
    selection = publisher.select_operation(repository, {"event_name": "push", "before": before}, {}, revision)
                ^^^^^^^^^^^^^^^^^^^^^^^^^^^^^^^^^^^^^^^^^^^^^^^^^^^^^^^^^^^^^^^^^^^^^^^^^^^^^^^^^^^^^^^^^^^^^^
scripts/selftrained/publish_data.py:98: in select_operation
    control, _ = committed_json(root, CONTROL, revision)
                 ^^^^^^^^^^^^^^^^^^^^^^^^^^^^^^^^^^^^^^^
scripts/selftrained/publish_data.py:52: in committed_json
    raise ValueError("File differs from selected committed Git revision")
E   ValueError: File differs from selected committed Git revision
_ test_missing_pointer_bootstrap_uploads_native_local_lfs_object_without_commit _
tests/test_selftrained_data_publish.py:150: in test_missing_pointer_bootstrap_uploads_native_local_lfs_object_without_commit
    result = publisher.publish(repository, "docs/selftrained/package-recipe.json", revision, output)
             ^^^^^^^^^^^^^^^^^^^^^^^^^^^^^^^^^^^^^^^^^^^^^^^^^^^^^^^^^^^^^^^^^^^^^^^^^^^^^^^^^^^^^^^
scripts/selftrained/publish_data.py:158: in publish
    recipe, recipe_sha = committed_json(root, recipe_path, revision)
                         ^^^^^^^^^^^^^^^^^^^^^^^^^^^^^^^^^^^^^^^^^^^
scripts/selftrained/publish_data.py:52: in committed_json
    raise ValueError("File differs from selected committed Git revision")
E   ValueError: File differs from selected committed Git revision
=========================== short test summary info ============================
FAILED tests/test_selftrained_data_publish.py::test_changed_approved_descriptor_binds_exact_recipe_before_publish
FAILED tests/test_selftrained_data_publish.py::test_missing_pointer_bootstrap_uploads_native_local_lfs_object_without_commit
2 failed, 4 passed in 0.55s
