{
  "actual_platform": "Linux; Windows newline defaults emulated",
  "cases": [
    {
      "fixture": "original_HEAD",
      "source_sha256": "9c41ba0d71923a593a9321cb99334890f132df9e02de7475258ab4024a6c31d6",
      "git_autocrlf": "true",
      "git_attributes": [
        "docs/selftrained/package-recipe.json: text: unspecified",
        "docs/selftrained/package-recipe.json: eol: unspecified"
      ],
      "working_tree": {
        "bytes": 618,
        "sha256": "d039e1d59fc82c59586725f26feb6690a496d3ce5f48f9a8be521523371ebdd1",
        "crlf_count": 1,
        "lf_count": 1,
        "ending_hex": "7d7d0d0a"
      },
      "committed": {
        "bytes": 617,
        "sha256": "e67ba1df0898d1f718278d29d9cbcc600a6f8b0e44ce076becad8151cc46992e",
        "crlf_count": 0,
        "lf_count": 1,
        "ending_hex": "307d7d0a"
      },
      "bytes_equal": false,
      "initial_gate_rejection": "File differs from selected committed Git revision"
    },
    {
      "fixture": "corrected",
      "source_sha256": "8103762b29c8738b0049d646b2d3f6d83decc86b8d161686d115251442d39233",
      "git_autocrlf": "true",
      "git_attributes": [
        "docs/selftrained/package-recipe.json: text: auto",
        "docs/selftrained/package-recipe.json: eol: lf"
      ],
      "working_tree": {
        "bytes": 617,
        "sha256": "e67ba1df0898d1f718278d29d9cbcc600a6f8b0e44ce076becad8151cc46992e",
        "crlf_count": 0,
        "lf_count": 1,
        "ending_hex": "307d7d0a"
      },
      "committed": {
        "bytes": 617,
        "sha256": "e67ba1df0898d1f718278d29d9cbcc600a6f8b0e44ce076becad8151cc46992e",
        "crlf_count": 0,
        "lf_count": 1,
        "ending_hex": "307d7d0a"
      },
      "bytes_equal": true,
      "initial_gate_rejection": null,
      "crlf_working_tree_mutation_rejection": "File differs from selected committed Git revision"
    }
  ],
  "publisher_sha256": "4a143180995e71afcca4a9111f282ea2ea73ea381e573ade1ca00f4653a00d12"
}
